******************************************************************************
                  TI ARM Linker Unix v16.9.0                   
******************************************************************************
>> Linked Mon Mar 27 09:04:17 2017

OUTPUT FILE NAME:   <rfWsnConcentrator_CC1310_LAUNCHXL_tirtos_ccs.out>
ENTRY POINT SYMBOL: "ResetISR"  address: 00006479


MEMORY CONFIGURATION

         name            origin    length      used     unused   attr    fill
----------------------  --------  ---------  --------  --------  ----  --------
  FLASH                 00000000   00020000  0000a1dc  00015e24  R  X
  SRAM                  20000000   00005000  0000220d  00002df3  RW X


SEGMENT ALLOCATION MAP

run origin  load origin   length   init length attrs members
----------  ----------- ---------- ----------- ----- -------
00000000    00000000    00000460   00000460    r--
  00000000    00000000    0000003c   0000003c    r-- .resetVecs
  00000040    00000040    00000420   00000420    r-- .cinit
00001000    00001000    00009d34   00009d34    r-x
  00001000    00001000    0000003c   0000003c    r-- .const:ti_sysbios_knl_Task_Object__PARAMS__C
  0000103c    0000103c    00000034   00000034    r-- .const:ti_sysbios_knl_Mailbox_Object__PARAMS__C
  00001070    00001070    00000030   00000030    r-- .const:ti_sysbios_family_arm_m3_Hwi_Object__PARAMS__C
  000010a0    000010a0    0000002c   0000002c    r-- .const:ti_sysbios_hal_Hwi_Object__PARAMS__C
  000010cc    000010cc    00000028   00000028    r-- .const:ti_sysbios_heaps_HeapMem_Module__FXNS__C
  000010f4    000010f4    00000028   00000028    r-- .const:ti_sysbios_knl_Swi_Object__PARAMS__C
  0000111c    0000111c    00000024   00000024    r-- .const:ti_sysbios_gates_GateHwi_Module__FXNS__C
  00001140    00001140    00000024   00000024    r-- .const:ti_sysbios_gates_GateMutex_Module__FXNS__C
  00001164    00001164    00000024   00000024    r-- .const:ti_sysbios_heaps_HeapMem_Object__PARAMS__C
  00001188    00001188    00000024   00000024    r-- .const:ti_sysbios_knl_Clock_Object__PARAMS__C
  000011ac    000011ac    00000024   00000024    r-- .const:ti_sysbios_knl_Semaphore_Object__PARAMS__C
  000011d0    000011d0    00000020   00000020    r-- .const:ti_sysbios_family_arm_m3_Hwi_Object__DESC__C
  000011f0    000011f0    00000020   00000020    r-- .const:ti_sysbios_gates_GateHwi_Object__DESC__C
  00001210    00001210    00000020   00000020    r-- .const:ti_sysbios_gates_GateMutex_Object__DESC__C
  00001230    00001230    00000020   00000020    r-- .const:ti_sysbios_hal_Hwi_Object__DESC__C
  00001250    00001250    00000020   00000020    r-- .const:ti_sysbios_heaps_HeapMem_Object__DESC__C
  00001270    00001270    00000020   00000020    r-- .const:ti_sysbios_knl_Clock_Object__DESC__C
  00001290    00001290    00000020   00000020    r-- .const:ti_sysbios_knl_Mailbox_Object__DESC__C
  000012b0    000012b0    00000020   00000020    r-- .const:ti_sysbios_knl_Queue_Object__DESC__C
  000012d0    000012d0    00000020   00000020    r-- .const:ti_sysbios_knl_Semaphore_Object__DESC__C
  000012f0    000012f0    00000020   00000020    r-- .const:ti_sysbios_knl_Swi_Object__DESC__C
  00001310    00001310    00000020   00000020    r-- .const:ti_sysbios_knl_Task_Object__DESC__C
  00001330    00001330    00000018   00000018    r-- .const:ti_sysbios_gates_GateHwi_Object__PARAMS__C
  00001348    00001348    00000018   00000018    r-- .const:ti_sysbios_gates_GateMutex_Object__PARAMS__C
  00001360    00001360    00000018   00000018    r-- .const:ti_sysbios_knl_Queue_Object__PARAMS__C
  00001378    00001378    00000008   00000008    r-- .const:ti_sysbios_knl_Idle_funcList__C
  00001384    00001384    00000004   00000004    r-- .const:ti_sysbios_family_arm_cc26xx_Timer_startupNeeded__C
  00001388    00001388    00000004   00000004    r-- .const:ti_sysbios_family_arm_m3_Hwi_E_alreadyDefined__C
  0000138c    0000138c    00000004   00000004    r-- .const:ti_sysbios_family_arm_m3_Hwi_E_hwiLimitExceeded__C
  00001390    00001390    00000004   00000004    r-- .const:ti_sysbios_family_arm_m3_Hwi_NUM_INTERRUPTS__C
  00001394    00001394    00000004   00000004    r-- .const:ti_sysbios_family_arm_m3_Hwi_Object__count__C
  00001398    00001398    00000004   00000004    r-- .const:ti_sysbios_family_arm_m3_Hwi_Object__table__C
  0000139c    0000139c    00000004   00000004    r-- .const:ti_sysbios_family_arm_m3_Hwi_ccr__C
  000013a0    000013a0    00000004   00000004    r-- .const:ti_sysbios_family_arm_m3_Hwi_excHandlerFunc__C
  000013a4    000013a4    00000004   00000004    r-- .const:ti_sysbios_family_arm_m3_Hwi_nullIsrFunc__C
  000013a8    000013a8    00000004   00000004    r-- .const:ti_sysbios_family_arm_m3_Hwi_numSparseInterrupts__C
  000013ac    000013ac    00000004   00000004    r-- .const:ti_sysbios_family_arm_m3_Hwi_priGroup__C
  000013b0    000013b0    00000004   00000004    r-- .const:ti_sysbios_family_arm_m3_TaskSupport_stackAlignment__C
  000013b4    000013b4    00000004   00000004    r-- .const:ti_sysbios_heaps_HeapMem_E_memory__C
  000013b8    000013b8    00000004   00000004    r-- .const:ti_sysbios_heaps_HeapMem_Module__gateObj__C
  000013bc    000013bc    00000004   00000004    r-- .const:ti_sysbios_heaps_HeapMem_Object__count__C
  000013c0    000013c0    00000004   00000004    r-- .const:ti_sysbios_heaps_HeapMem_Object__table__C
  000013c4    000013c4    00000004   00000004    r-- .const:ti_sysbios_heaps_HeapMem_reqAlign__C
  000013c8    000013c8    00000004   00000004    r-- .const:ti_sysbios_knl_Clock_serviceMargin__C
  000013cc    000013cc    00000004   00000004    r-- .const:ti_sysbios_knl_Mailbox_Object__count__C
  000013d0    000013d0    00000004   00000004    r-- .const:ti_sysbios_knl_Mailbox_Object__table__C
  000013d4    000013d4    00000004   00000004    r-- .const:ti_sysbios_knl_Mailbox_maxTypeAlign__C
  000013d8    000013d8    00000004   00000004    r-- .const:ti_sysbios_knl_Queue_Object__count__C
  000013dc    000013dc    00000004   00000004    r-- .const:ti_sysbios_knl_Queue_Object__table__C
  000013e0    000013e0    00000004   00000004    r-- .const:ti_sysbios_knl_Swi_Object__count__C
  000013e4    000013e4    00000004   00000004    r-- .const:ti_sysbios_knl_Swi_Object__table__C
  000013e8    000013e8    00000004   00000004    r-- .const:ti_sysbios_knl_Swi_numPriorities__C
  000013ec    000013ec    00000004   00000004    r-- .const:ti_sysbios_knl_Task_Object__count__C
  000013f0    000013f0    00000004   00000004    r-- .const:ti_sysbios_knl_Task_Object__table__C
  000013f4    000013f4    00000004   00000004    r-- .const:ti_sysbios_knl_Task_allBlockedFunc__C
  000013f8    000013f8    00000004   00000004    r-- .const:ti_sysbios_knl_Task_defaultStackHeap__C
  000013fc    000013fc    00000004   00000004    r-- .const:ti_sysbios_knl_Task_defaultStackSize__C
  00001400    00001400    00000004   00000004    r-- .const:ti_sysbios_knl_Task_numConstructedTasks__C
  00001406    00001406    00000002   00000002    r-- .const:ti_sysbios_family_arm_cc26xx_Timer_Module__id__C
  00001408    00001408    00000002   00000002    r-- .const:ti_sysbios_family_arm_cc26xx_TimestampProvider_useClockTimer__C
  0000140a    0000140a    00000002   00000002    r-- .const:ti_sysbios_family_arm_m3_Hwi_Module__id__C
  0000140c    0000140c    00000002   00000002    r-- .const:ti_sysbios_gates_GateHwi_Module__id__C
  0000140e    0000140e    00000002   00000002    r-- .const:ti_sysbios_gates_GateMutex_Module__id__C
  00001410    00001410    00000002   00000002    r-- .const:ti_sysbios_heaps_HeapMem_Module__id__C
  00001412    00001412    00000002   00000002    r-- .const:ti_sysbios_knl_Task_initStackFlag__C
  00001414    00001414    00000001   00000001    r-- .const:ti_sysbios_knl_Clock_tickMode__C
  00001418    00001418    00000008   00000008    r-- .const:xdc_runtime_Startup_firstFxns__C
  00001420    00001420    00000008   00000008    r-- .const:xdc_runtime_Startup_lastFxns__C
  00001428    00001428    00000004   00000004    r-- .const:xdc_runtime_Assert_E_assertFailed__C
  0000142c    0000142c    00000004   00000004    r-- .const:xdc_runtime_Error_E_memory__C
  00001430    00001430    00000004   00000004    r-- .const:xdc_runtime_Error_policyFxn__C
  00001434    00001434    00000004   00000004    r-- .const:xdc_runtime_IGateProvider_Interface__BASE__C
  00001438    00001438    00000004   00000004    r-- .const:xdc_runtime_IHeap_Interface__BASE__C
  0000143c    0000143c    00000004   00000004    r-- .const:xdc_runtime_IModule_Interface__BASE__C
  00001440    00001440    00000004   00000004    r-- .const:xdc_runtime_Main_Module__diagsEnabled__C
  00001444    00001444    00000004   00000004    r-- .const:xdc_runtime_Main_Module__diagsIncluded__C
  00001448    00001448    00000004   00000004    r-- .const:xdc_runtime_Main_Module__diagsMask__C
  0000144c    0000144c    00000004   00000004    r-- .const:xdc_runtime_Memory_defaultHeapInstance__C
  00001450    00001450    00000004   00000004    r-- .const:xdc_runtime_Startup_execImpl__C
  00001454    00001454    00000004   00000004    r-- .const:xdc_runtime_Startup_maxPasses__C
  00001458    00001458    00000004   00000004    r-- .const:xdc_runtime_Startup_sfxnRts__C
  0000145c    0000145c    00000004   00000004    r-- .const:xdc_runtime_Startup_sfxnTab__C
  00001460    00001460    00000004   00000004    r-- .const:xdc_runtime_Startup_startModsFxn__C
  00001464    00001464    00000004   00000004    r-- .const:xdc_runtime_SysCallback_abortFxn__C
  00001468    00001468    00000004   00000004    r-- .const:xdc_runtime_SysCallback_exitFxn__C
  0000146c    0000146c    00000004   00000004    r-- .const:xdc_runtime_System_abortFxn__C
  00001470    00001470    00000004   00000004    r-- .const:xdc_runtime_System_exitFxn__C
  00001474    00001474    00000004   00000004    r-- .const:xdc_runtime_System_maxAtexitHandlers__C
  00001478    00001478    00000004   00000004    r-- .const:xdc_runtime_Text_charTab__C
  0000147c    0000147c    00000004   00000004    r-- .const:xdc_runtime_Text_nameEmpty__C
  00001480    00001480    00000004   00000004    r-- .const:xdc_runtime_Text_nameStatic__C
  00001484    00001484    00000004   00000004    r-- .const:xdc_runtime_Text_nameUnknown__C
  00001488    00001488    00000002   00000002    r-- .const:xdc_runtime_Main_Module__id__C
  0000148a    0000148a    00000002   00000002    r-- .const:xdc_runtime_Memory_Module__id__C
  0000148c    0000148c    00000002   00000002    r-- .const:xdc_runtime_Text_charCnt__C
  0000148e    0000148e    00000002   00000002    r-- .const:xdc_runtime_Text_isLoaded__C
  00001490    00001490    00000001   00000001    r-- .const:xdc_runtime_Error_policy__C
  00001494    00001494    00000004   00000004    r-- .const:ti_sysbios_rom_ROM_AONRTCChannelEnable
  00001498    00001498    00000004   00000004    r-- .const:ti_sysbios_rom_ROM_AONRTCCompareValueSet
  0000149c    0000149c    00000004   00000004    r-- .const:ti_sysbios_rom_ROM_AONRTCCurrentCompareValueGet
  000014a0    000014a0    00000004   00000004    r-- .const:ti_sysbios_rom_ROM_AONRTCEventClear
  000014a4    000014a4    00000004   00000004    r-- .const:ti_sysbios_rom_ROM_ti_sysbios_family_arm_cc26xx_Timer_getCount64__E
  000014a8    000014a8    00000004   00000004    r-- .const:ti_sysbios_rom_ROM_ti_sysbios_family_arm_cc26xx_Timer_getCurrentTick__E
  000014ac    000014ac    00000004   00000004    r-- .const:ti_sysbios_rom_ROM_ti_sysbios_family_arm_cc26xx_Timer_getMaxTicks__E
  000014b0    000014b0    00000004   00000004    r-- .const:ti_sysbios_rom_ROM_ti_sysbios_family_arm_cc26xx_Timer_initDevice__I
  000014b4    000014b4    00000004   00000004    r-- .const:ti_sysbios_rom_ROM_ti_sysbios_family_arm_cc26xx_Timer_setNextTick__E
  000014b8    000014b8    00000004   00000004    r-- .const:ti_sysbios_rom_ROM_ti_sysbios_family_arm_cc26xx_Timer_setThreshold__I
  000014bc    000014bc    00000004   00000004    r-- .const:ti_sysbios_rom_ROM_ti_sysbios_family_arm_cc26xx_Timer_start__E
  000014c0    000014c0    00000004   00000004    r-- .const:ti_sysbios_rom_ROM_ti_sysbios_family_arm_cc26xx_TimestampProvider_get32__E
  000014c4    000014c4    00000004   00000004    r-- .const:ti_sysbios_rom_ROM_xdc_runtime_Startup_getState__I
  000014c8    000014c8    00000004   00000004    r-- .const:ti_sysbios_rom_ROM_xdc_runtime_System_SupportProxy_abort__E
  000014cc    000014cc    00000004   00000004    r-- .const:ti_sysbios_rom_ROM_xdc_runtime_System_SupportProxy_exit__E
  000014d0    000014d0    00000004   00000004    r-- .const:ti_sysbios_gates_GateMutex_Instance_State_sem__O
  000014d4    000014d4    00000004   00000004    r-- .const:ti_sysbios_knl_Clock_Module_State_clockQ__O
  000014d8    000014d8    00000004   00000004    r-- .const:ti_sysbios_knl_Mailbox_Instance_State_dataQue__O
  000014dc    000014dc    00000004   00000004    r-- .const:ti_sysbios_knl_Mailbox_Instance_State_dataSem__O
  000014e0    000014e0    00000004   00000004    r-- .const:ti_sysbios_knl_Mailbox_Instance_State_freeQue__O
  000014e4    000014e4    00000004   00000004    r-- .const:ti_sysbios_knl_Mailbox_Instance_State_freeSem__O
  000014e8    000014e8    00000004   00000004    r-- .const:ti_sysbios_knl_Semaphore_Instance_State_pendQ__O
  000014ec    000014ec    00000004   00000004    r-- .const:ti_sysbios_knl_Task_Module_State_inactiveQ__O
  000014f0    000014f0    00006134   00006134    r-x .text
  00007624    00007624    00003710   00003710    r-- .const
0001ffa8    0001ffa8    00000058   00000058    r--
  0001ffa8    0001ffa8    00000058   00000058    r-- .ccfg
20000100    20000100    00001d49   00000000    rw-
  20000100    20000100    00000044   00000000    rw- .data:ti_sysbios_knl_Task_Module__state__V
  20000144    20000144    00000034   00000000    rw- .data:ti_sysbios_family_arm_m3_Hwi_Module__state__V
  20000178    20000178    0000002c   00000000    rw- .data:ti_sysbios_knl_Clock_Module__state__V
  200001a4    200001a4    00000024   00000000    rw- .data:ti_sysbios_BIOS_Module__state__V
  200001c8    200001c8    0000001c   00000000    rw- .data:ti_sysbios_knl_Swi_Module__state__V
  200001e4    200001e4    00000008   00000000    rw- .data:ti_sysbios_family_arm_cc26xx_Timer_Module__state__V
  200001ec    200001ec    00000004   00000000    rw- .data:ti_sysbios_family_arm_cc26xx_TimestampProvider_Module__state__V
  200001f0    200001f0    00000008   00000000    rw- .data:xdc_runtime_Startup_Module__state__V
  200001f8    200001f8    00000008   00000000    rw- .data:xdc_runtime_System_Module__state__V
  20000200    20000200    00000004   00000000    rw- .data:xdc_runtime_Memory_Module__state__V
  20000208    20000208    00000a70   00000000    rw- .data
  20000c78    20000c78    000011d1   00000000    rw- .bss
20004c00    20004c00    00000400   00000000    rw-
  20004c00    20004c00    00000400   00000000    rw- .stack


SECTION ALLOCATION MAP

 output                                  attributes/
section   page    origin      length       input sections
--------  ----  ----------  ----------   ----------------
.text      0    000014f0    00006134     
                  000014f0    00000398     rf_multiMode_cc13x0.aem3 : RFCC26XX_multiMode.oem3 (.text:fsmActiveState)
                  00001888    00000348     EasyLink.obj (.text:EasyLink_init)
                  00001bd0    0000030c     drivers_cc13x0.aem3 : PowerCC26XX_calibrateRCOSC.oem3 (.text:PowerCC26XX_auxISR)
                  00001edc    0000022c                         : PowerCC26XX.oem3 (.text:Power_sleep)
                  00002108    00000228     driverlib.lib : sys_ctrl.obj (.text:NOROM_SysCtrlSetRechargeBeforePowerDown)
                  00002330    00000218     ConcentratorRadioTask.obj (.text:rxDoneCallback)
                  00002548    000001f4     rtsv7M3_T_le_eabi.lib : ull_div_t2.obj (.text)
                  0000273c    000001b4     drivers_cc13x0.aem3 : PINCC26XX.oem3 (.text:PIN_init)
                  000028f0    00000198                         : PowerCC26XX_calibrateRCOSC.oem3 (.text:PowerCC26XX_doCalibrate)
                  00002a88    00000190     rf_multiMode_cc13x0.aem3 : RFCC26XX_multiMode.oem3 (.text:fsmSetupState)
                  00002c18    0000018c     EasyLink.obj (.text:rxDoneCallback)
                  00002da4    00000170     EasyLink.obj (.text:EasyLink_receiveAsync)
                  00002f14    00000154     rf_multiMode_cc13x0.aem3 : RFCC26XX_multiMode.oem3 (.text:RF_postCmd)
                  00003068    00000150     smartrf_settings_predefined.obj (.text:rf_patch_mce_genook)
                  000031b8    00000140     EasyLink.obj (.text:EasyLink_transmit)
                  000032f8    0000013c     rf_multiMode_cc13x0.aem3 : RFCC26XX_multiMode.oem3 (.text:fsmChangePhyState)
                  00003434    00000134     drivers_cc13x0.aem3 : PowerCC26XX.oem3 (.text:Power_init)
                  00003568    00000130     driverlib.lib : setup_rom.obj (.text:NOROM_SetupAfterColdResetWakeupFromShutDownCfg3)
                  00003698    00000128     smartrf_settings.obj (.text:rf_patch_rfe_genfsk)
                  000037c0    00000128     smartrf_settings_predefined.obj (.text:rf_patch_rfe_genfsk)
                  000038e8    00000128     smartrf_settings_predefined.obj (.text:rf_patch_rfe_lrm)
                  00003a10    00000124     rf_multiMode_cc13x0.aem3 : RFCC26XX_multiMode.oem3 (.text:radioOpDoneCb)
                  00003b34    0000011c                              : RFCC26XX_multiMode.oem3 (.text:rf_init)
                  00003c50    00000118                              : RFCC26XX_multiMode.oem3 (.text:hwiFxnCpe0Active)
                  00003d68    00000114     smartrf_settings_predefined.obj (.text:rf_patch_mce_hsp_4mbps)
                  00003e7c    00000108     rf_multiMode_cc13x0.aem3 : RFCC26XX_multiMode.oem3 (.text:RF_close)
                  00003f84    000000fc     ConcentratorRadioTask.obj (.text:concentratorRadioTaskFunction)
                  00004080    000000f0     drivers_cc13x0.aem3 : GPIOCC26XX.oem3 (.text:GPIO_setConfig)
                  00004170    000000f0     driverlib.lib : setup_rom.obj (.text:NOROM_SetupAfterColdResetWakeupFromShutDownCfg2)
                  00004260    000000f0     rf_multiMode_cc13x0.aem3 : RFCC26XX_multiMode.oem3 (.text:RF_open)
                  00004350    000000e8     rom_sysbios.aem3 : rom_sysbios.obj (.text:ti_sysbios_knl_Event_pend__E)
                  00004438    000000dc     drivers_cc13x0.aem3 : PINCC26XX.oem3 (.text:PINCC26XX_setIoCfg)
                  00004514    000000d8     EasyLink.obj (.text:EasyLink_enableRxAddrFilter)
                  000045ec    000000d8     driverlib.lib : rfc.obj (.text:NOROM_RFCRTrim)
                  000046c4    000000d8     smartrf_settings_predefined.obj (.text:rf_patch_rfe_genook)
                  0000479c    000000d8     smartrf_settings_predefined.obj (.text:rf_patch_rfe_hsp_4mbps)
                  00004874    000000d4     driverlib.lib : rfc.obj (.text:NOROM_RFCRfTrimRead)
                  00004948    000000d0     dpl_cc13x0.aem3 : PowerCC26XX_tirtos.oem3 (.text:PowerCC26XX_standbyPolicy)
                  00004a18    000000cc     drivers_cc13x0.aem3 : PowerCC26XX.oem3 (.text:Power_releaseDependency)
                  00004ae4    000000c4                         : PowerCC26XX.oem3 (.text:Power_setDependency)
                  00004ba8    000000c4     driverlib.lib : setup.obj (.text:TrimAfterColdResetWakeupFromShutDown)
                  00004c6c    000000bc     rf_multiMode_cc13x0.aem3 : RFCC26XX_multiMode.oem3 (.text:fsmPowerUpState)
                  00004d28    000000b8                              : RFCC26XX_multiMode.oem3 (.text:fsmPowerDownState)
                  00004de0    000000ac     ConcentratorRadioTask.obj (.text:ConcentratorRadioTask_init)
                  00004e8c    000000a8     driverlib.lib : setup.obj (.text:NOROM_SetupTrimDevice)
                  00004f34    000000a4                   : setup_rom.obj (.text:NOROM_SetupAfterColdResetWakeupFromShutDownCfg1)
                  00004fd8    000000a4     ConcentratorRadioTask.obj (.text:sendStatusMsg)
                  0000507c    000000a0     auto_init.aem3 : auto_init.oem3 (.text)
                  0000511c    0000009c     rtsv7M3_T_le_eabi.lib : memcpy_t2.obj (.text)
                  000051b8    00000098     drivers_cc13x0.aem3 : PINCC26XX.oem3 (.text:PIN_open)
                  00005250    00000098     rom_sysbios.aem3 : rom_sysbios.obj (.text:ti_sysbios_knl_Clock_workFuncDynamic__E)
                  000052e8    0000008c     rf_multiMode_cc13x0.aem3 : RFCC26XX_multiMode.oem3 (.text:swiFxnHw)
                  00005374    00000088                              : RFCC26XX_multiMode.oem3 (.text:RF_pendCmd)
                  000053fc    00000088     drivers_cc13x0.aem3 : PowerCC26XX.oem3 (.text:disableLFClockQualifiers)
                  00005484    00000084     rf_multiMode_cc13x0.aem3 : RFCC26XX_multiMode.oem3 (.text:RF_issueRadioFreeCb)
                  00005508    00000084     ConcentratorTask.obj (.text:packetReceivedCallback)
                  0000558c    00000084     drivers_cc13x0.aem3 : PowerCC26XX.oem3 (.text:switchXOSCHFclockFunc)
                  00005610    0000007c                         : GPIOCC26XX.oem3 (.text:GPIO_init)
                  0000568c    0000007a     rtsv7M3_T_le_eabi.lib : memset_t2.obj (.text)
                  00005706    00000002     rf_multiMode_cc13x0.aem3 : RFCC26XX_multiMode.oem3 (.text:defaultErrCb)
                  00005708    00000074     driverlib.lib : setup_rom.obj (.text:NOROM_SetupSetVddrLevel)
                  0000577c    00000074     rom_sysbios.aem3 : rom_sysbios.obj (.text:ti_sysbios_family_arm_cc26xx_Timer_start__E)
                  000057f0    00000070                      : rom_sysbios.obj (.text:ti_sysbios_knl_Event_post__E)
                  00005860    0000006c     ConcentratorTask.obj (.text:ConcentratorTask_init)
                  000058cc    0000006c     driverlib.lib : setup_rom.obj (.text:NOROM_SetupGetTrimForAmpcompCtrl)
                  00005938    0000006c     drivers_cc13x0.aem3 : PowerCC26XX.oem3 (.text:PowerCC26XX_calibrate)
                  000059a4    00000068     driverlib.lib : setup_rom.obj (.text:NOROM_SetupGetTrimForAnabypassValue1)
                  00005a0c    00000068                   : sys_ctrl.obj (.text:NOROM_SysCtrl_DCDC_VoltageConditionalControl)
                  00005a74    00000068     drivers_cc13x0.aem3 : PowerCC26XX_calibrateRCOSC.oem3 (.text:PowerCC26XX_initiateCalibration)
                  00005adc    00000068     rtsv7M3_T_le_eabi.lib : copy_decompress_lzss.obj (.text:decompress:lzss)
                  00005b44    00000064     driverlib.lib : osc.obj (.text:NOROM_OSCHF_AttemptToSwitchToXosc)
                  00005ba8    00000064     drivers_cc13x0.aem3 : PINCC26XX.oem3 (.text:PIN_add)
                  00005c0c    00000064     rf_multiMode_cc13x0.aem3 : RFCC26XX_multiMode.oem3 (.text:dispatchOpWhen)
                  00005c70    00000060     driverlib.lib : osc.obj (.text:NOROM_OSCClockSourceSet)
                  00005cd0    0000005c                   : sys_ctrl.obj (.text:NOROM_SysCtrlAdjustRechargeAfterPowerDown)
                  00005d2c    0000005c     drivers_cc13x0.aem3 : PowerCC26XX_calibrateRCOSC.oem3 (.text:PowerCC26XX_RCOSC_clockFunc)
                  00005d88    0000005c     smartrf_settings.obj (.text:configureGenfskPatch)
                  00005de4    0000005c     smartrf_settings_predefined.obj (.text:configureGenfskPatch)
                  00005e40    0000005c     smartrf_settings_predefined.obj (.text:configureGenookPatch)
                  00005e9c    0000005c     smartrf_settings_predefined.obj (.text:configureLrmPatch)
                  00005ef8    0000005c     rf_multiMode_cc13x0.aem3 : RFCC26XX_multiMode.oem3 (.text:fsmXOSCState)
                  00005f54    0000005c     rom_sysbios.aem3 : rom_sysbios.obj (.text:ti_sysbios_heaps_HeapMem_initPrimary__I)
                  00005fb0    0000005c     release_pem3.oem3 (.text:xdc_runtime_Startup_getState__I)
                  0000600c    00000058     rf_multiMode_cc13x0.aem3 : RFCC26XX_multiMode.oem3 (.text:applyRfCorePatch)
                  00006064    00000058     ConcentratorRadioTask.obj (.text:isKnownNodeAddress)
                  000060bc    00000058     rf_multiMode_cc13x0.aem3 : RFCC26XX_multiMode.oem3 (.text:ratChanFree)
                  00006114    00000058     ConcentratorRadioTask.obj (.text:sendAck)
                  0000616c    00000054     rf_multiMode_cc13x0.aem3 : RFCC26XX_multiMode.oem3 (.text:RF_getCurrentTime)
                  000061c0    00000054     drivers_cc13x0.aem3 : PowerCC26XX.oem3 (.text:configureXOSCHF)
                  00006214    00000054     rf_multiMode_cc13x0.aem3 : RFCC26XX_multiMode.oem3 (.text:hwiFxnHw)
                  00006268    00000050     driverlib.lib : setup_rom.obj (.text:NOROM_SetupSetCacheModeAccordingToCcfgSetting)
                  000062b8    00000050     ConcentratorRadioTask.obj (.text:checkPassw)
                  00006308    00000050     rf_multiMode_cc13x0.aem3 : RFCC26XX_multiMode.oem3 (.text:syncCb)
                  00006358    0000004c     drivers_cc13x0.aem3 : GPIOCC26XX.oem3 (.text:powerPostNotify)
                  000063a4    0000004c     rtsv7M3_T_le_eabi.lib : cpy_tbl.obj (.text)
                  000063f0    00000044     drivers_cc13x0.aem3 : PINCC26XX.oem3 (.text:PIN_swi)
                  00006434    00000044     rf_multiMode_cc13x0.aem3 : RFCC26XX_multiMode.oem3 (.text:RF_releasePowerConstraint)
                  00006478    00000044     boot.aem3 : boot.oem3 (.text)
                  000064bc    00000044     drivers_cc13x0.aem3 : PowerCC26XX.oem3 (.text:notify)
                  00006500    0000003c                         : GPIOCC26XX.oem3 (.text:GPIO_enableInt)
                  0000653c    0000003c     driverlib.lib : chipinfo.obj (.text:NOROM_ChipInfo_GetHwRevision)
                  00006578    0000003c                   : osc.obj (.text:NOROM_OSC_HPOSCRelativeFrequencyOffsetGet)
                  000065b4    0000003c                   : rfc.obj (.text:NOROM_RFCSynthPowerDown)
                  000065f0    0000003c     rf_multiMode_cc13x0.aem3 : RFCC26XX_multiMode.oem3 (.text:RF_runCmd)
                  0000662c    00000038                              : RFCC26XX_multiMode.oem3 (.text:Q_end)
                  00006664    00000038     ConcentratorRadioTask.obj (.text:addNewNode)
                  0000669c    00000034     CC1310_LAUNCHXL.obj (.text:CC1310_LAUNCHXL_initGeneral)
                  000066d0    00000034     drivers_cc13x0.aem3 : GPIOCC26XX.oem3 (.text:GPIO_setCallback)
                  00006704    00000034                         : GPIOCC26XX.oem3 (.text:GPIO_toggle)
                  00006738    00000034     driverlib.lib : osc.obj (.text:NOROM_OSCHF_SwitchToRcOscTurnOffXosc)
                  0000676c    00000034     drivers_cc13x0.aem3 : PINCC26XX.oem3 (.text:PIN_setConfig)
                  000067a0    00000034     rf_multiMode_cc13x0.aem3 : RFCC26XX_multiMode.oem3 (.text:Q_push)
                  000067d4    00000034     rom_sysbios.aem3 : rom_sysbios.obj (.text:ti_sysbios_family_arm_cc26xx_Timer_initDevice__I)
                  00006808    00000032                      : rom_sysbios.obj (.text:ti_sysbios_family_arm_cc26xx_Timer_setNextTick__E)
                  0000683a    00000002     drivers_cc13x0.aem3 : PowerCC26XX.oem3 (.text:emptyClockFunc)
                  0000683c    00000030     driverlib.lib : chipinfo.obj (.text:NOROM_ChipInfo_GetChipType)
                  0000686c    00000030                   : setup_rom.obj (.text:NOROM_SetupSetAonRtcSubSecInc)
                  0000689c    00000030     drivers_cc13x0.aem3 : PowerCC26XX.oem3 (.text:Power_releaseConstraint)
                  000068cc    00000030                         : PowerCC26XX.oem3 (.text:Power_setConstraint)
                  000068fc    00000030     rf_multiMode_cc13x0.aem3 : RFCC26XX_multiMode.oem3 (.text:clkPowerUpFxn)
                  0000692c    00000030     ConcentratorTask.obj (.text:concentratorTaskFunction)
                  0000695c    00000030     release_pem3.oem3 (.text:ti_sysbios_BIOS_atExitFunc__I)
                  0000698c    00000030     release_pem3.oem3 (.text:ti_sysbios_BIOS_startFunc__I)
                  000069bc    00000030     rom_sysbios.aem3 : rom_sysbios.obj (.text:ti_sysbios_family_arm_cc26xx_Timer_getCurrentTick__E)
                  000069ec    00000030                      : rom_sysbios.obj (.text:ti_sysbios_family_arm_cc26xx_Timer_setThreshold__I)
                  00006a1c    0000002c     driverlib.lib : ddi.obj (.text:NOROM_DDI32RegWrite)
                  00006a48    0000002c                   : osc.obj (.text:NOROM_OSCClockSourceGet)
                  00006a74    0000002c                   : rfc.obj (.text:NOROM_RFCCPEPatchReset)
                  00006aa0    0000002c                   : setup_rom.obj (.text:NOROM_SetupGetTrimForRadcExtCfg)
                  00006acc    0000002c     rf_multiMode_cc13x0.aem3 : RFCC26XX_multiMode.oem3 (.text:getCmd)
                  00006af8    0000002c     rom_sysbios.aem3 : rom_sysbios.obj (.text:ti_sysbios_knl_Clock_getTicksUntilInterrupt__E)
                  00006b24    0000002c     release_pem3.oem3 (.text:ti_sysbios_knl_Event_construct)
                  00006b50    0000002c     rom_sysbios.aem3 : rom_sysbios.obj (.text:ti_sysbios_knl_Event_pendTimeout__I)
                  00006b7c    00000028     driverlib.lib : aon_batmon.obj (.text:NOROM_AONBatMonTemperatureGetDegC)
                  00006ba4    00000028     drivers_cc13x0.aem3 : PowerCC26XX.oem3 (.text:Power_registerNotify)
                  00006bcc    00000028     driverlib.lib : adi.obj (.text:SafeHapiVoid)
                  00006bf4    00000024     drivers_cc13x0.aem3 : GPIOCC26XX.oem3 (.text:GPIO_hwiIntFxn)
                  00006c18    00000024                         : PINCC26XX.oem3 (.text:PINCC26XX_getPinCount)
                  00006c3c    00000024     rf_multiMode_cc13x0.aem3 : RFCC26XX_multiMode.oem3 (.text:allocCmd)
                  00006c60    00000024                              : RFCC26XX_multiMode.oem3 (.text:hwiFxnCpe0PowerFsm)
                  00006c84    00000024     ConcentratorRadioTask.obj (.text:notifyPacketReceived)
                  00006ca8    00000024     release_pem3.oem3 (.text:ti_sysbios_BIOS_registerRTSLock__I)
                  00006ccc    00000024     release_pem3.oem3 (.text:ti_sysbios_BIOS_removeRTSLock__I)
                  00006cf0    00000024     rom_sysbios.aem3 : rom_sysbios.obj (.text:ti_sysbios_family_arm_cc26xx_Timer_getMaxTicks__E)
                  00006d14    00000022     drivers_cc13x0.aem3 : List.oem3 (.text:List_put)
                  00006d36    00000002     smartrf_settings.obj (.text:enterGenfskSysPatch)
                  00006d38    00000020     driverlib.lib : rfc.obj (.text:NOROM_RFCAdi3VcoLdoVoltageMode)
                  00006d58    00000020                   : rfc.obj (.text:NOROM_RFCDoorbellSendTo)
                  00006d78    00000020                   : setup_rom.obj (.text:NOROM_SetupGetTrimForXoscHfCtl)
                  00006d98    00000020     release_pem3.oem3 (.text:ti_sysbios_BIOS_rtsLock__I)
                  00006db8    00000020     rom_sysbios.aem3 : rom_sysbios.obj (.text:ti_sysbios_family_arm_cc26xx_Timer_dynamicStub__E)
                  00006dd8    00000020                      : rom_sysbios.obj (.text:ti_sysbios_knl_Clock_stop__E)
                  00006df8    00000020                      : rom_sysbios.obj (.text:ti_sysbios_knl_Event_checkEvents__I)
                  00006e18    0000001e     drivers_cc13x0.aem3 : PowerCC26XX.oem3 (.text:Power_getTransitionLatency)
                  00006e36    00000002     smartrf_settings_predefined.obj (.text:enterGenfskSysPatch)
                  00006e38    0000001c     driverlib.lib : chipinfo.obj (.text:NOROM_ChipInfo_GetChipFamily)
                  00006e54    0000001c                   : setup_rom.obj (.text:NOROM_SetupGetTrimForAmpcompTh2)
                  00006e70    0000001c                   : setup_rom.obj (.text:NOROM_SetupGetTrimForRcOscLfRtuneCtuneTrim)
                  00006e8c    0000001c     drivers_cc13x0.aem3 : PINCC26XX.oem3 (.text:PINCC26XX_setIoCfgMux)
                  00006ea8    0000001c                         : PINCC26XX.oem3 (.text:PIN_hwi)
                  00006ec4    0000001c     rf_multiMode_cc13x0.aem3 : RFCC26XX_multiMode.oem3 (.text:RF_setPowerConstraint)
                  00006ee0    0000001c                              : RFCC26XX_multiMode.oem3 (.text:clkInactivityFxn)
                  00006efc    0000001c     smartrf_settings.obj (.text:enterGenfskCpePatch)
                  00006f18    0000001c     smartrf_settings_predefined.obj (.text:enterGenfskCpePatch)
                  00006f34    0000001c     smartrf_settings_predefined.obj (.text:enterGenookCpePatch)
                  00006f50    0000001c     smartrf_settings_predefined.obj (.text:enterLrmCpePatch)
                  00006f6c    0000001c     rf_multiMode_cc13x0.aem3 : RFCC26XX_multiMode.oem3 (.text:hwiFxnCpe0ChangePhy)
                  00006f88    00000018     driverlib.lib : aon_rtc.obj (.text:NOROM_AONRTCCurrentCompareValueGet)
                  00006fa0    00000018                   : chipinfo.obj (.text:NOROM_ChipInfo_GetPackageType)
                  00006fb8    00000018                   : osc.obj (.text:NOROM_OSCHF_TurnOnXosc)
                  00006fd0    00000018                   : rfc.obj (.text:NOROM_RFCCpeIntGetAndClear)
                  00006fe8    00000018                   : setup_rom.obj (.text:NOROM_SetupGetTrimForAdcShModeEn)
                  00007000    00000018                   : setup_rom.obj (.text:NOROM_SetupGetTrimForAdcShVbufEn)
                  00007018    00000018                   : setup_rom.obj (.text:NOROM_SetupGetTrimForAmpcompTh1)
                  00007030    00000018                   : setup_rom.obj (.text:NOROM_SetupGetTrimForDblrLoopFilterResetVoltage)
                  00007048    00000018                   : setup_rom.obj (.text:NOROM_SetupGetTrimForRcOscLfIBiasTrim)
                  00007060    00000018                   : setup_rom.obj (.text:NOROM_SetupGetTrimForXoscLfRegulatorAndCmirrwrRatio)
                  00007078    00000018     drivers_cc13x0.aem3 : PowerCC26XX.oem3 (.text:Power_idleFunc)
                  00007090    00000018                         : PowerCC26XX.oem3 (.text:configureRFCoreClocks)
                  000070a8    00000018     rtsv7M3_T_le_eabi.lib : args_main.obj (.text)
                  000070c0    00000018                           : ll_mul_t2.obj (.text)
                  000070d8    00000018     rf_multiMode_cc13x0.aem3 : RFCC26XX_multiMode.oem3 (.text:swiFxnFsm)
                  000070f0    00000018     release_pem3.oem3 (.text:ti_sysbios_BIOS_rtsUnlock__I)
                  00007108    00000018     rom_sysbios.aem3 : rom_sysbios.obj (.text:ti_sysbios_knl_Swi_or__E)
                  00007120    00000018     release_pem3.oem3 (.text:ti_sysbios_rom_cortexm_cc13xx_CC13xx_checkRevision__E)
                  00007138    00000016     driverlib.lib : chipinfo.obj (.text:NOROM_ThisLibraryIsFor_CC13x0_HwRev20AndLater_HaltIfViolated)
                  0000714e    00000016     rf_multiMode_cc13x0.aem3 : RFCC26XX_multiMode.oem3 (.text:Q_pop)
                  00007164    00000016     rfWsnConcentrator.obj (.text:main)
                  0000717a    00000016     release_pem3.oem3 (.text:ti_sysbios_BIOS_exitFunc__I)
                  00007190    00000016     ConcentratorRadioTask.obj (.text:ti_sysbios_knl_Event_Params_init)
                  000071a6    00000016     ConcentratorTask.obj (.text:ti_sysbios_knl_Event_Params_init)
                  000071bc    00000016     EasyLink.obj (.text:ti_sysbios_knl_Semaphore_Params_init)
                  000071d2    00000016     ConcentratorRadioTask.obj (.text:ti_sysbios_knl_Task_Params_init)
                  000071e8    00000016     ConcentratorTask.obj (.text:ti_sysbios_knl_Task_Params_init)
                  000071fe    00000002     smartrf_settings_predefined.obj (.text:enterGenookSysPatch)
                  00007200    00000014     ConcentratorRadioTask.obj (.text:ConcentratorRadioTask_registerPacketReceivedCallback)
                  00007214    00000014     driverlib.lib : aon_rtc.obj (.text:NOROM_AONRTCCurrent64BitValueGet)
                  00007228    00000014     rf_multiMode_cc13x0.aem3 : RFCC26XX_multiMode.oem3 (.text:RF_Params_init)
                  0000723c    00000014     rtsv7M3_T_le_eabi.lib : _lock.obj (.text)
                  00007250    00000014     release_pem3.oem3 (.text:ti_sysbios_knl_Clock_doTick__I)
                  00007264    00000014     rom_sysbios.aem3 : rom_sysbios.obj (.text:ti_sysbios_knl_Event_Instance_init__E)
                  00007278    00000012     release_pem3.oem3 (.text:xdc_runtime_Startup_exec__I)
                  0000728a    00000002     smartrf_settings_predefined.obj (.text:enterLrmSysPatch)
                  0000728c    00000010     driverlib.lib : rfc.obj (.text:NOROM_RFCRfTrimSet)
                  0000729c    00000010                   : setup_rom.obj (.text:NOROM_SetupGetTrimForXoscHfFastStart)
                  000072ac    00000010                   : setup_rom.obj (.text:NOROM_SetupGetTrimForXoscHfIbiastherm)
                  000072bc    00000010     smartrf_settings.obj (.text:applyGenfskPatch)
                  000072cc    00000010     smartrf_settings_predefined.obj (.text:applyGenfskPatch)
                  000072dc    00000010     smartrf_settings_predefined.obj (.text:applyGenookPatch)
                  000072ec    00000010     smartrf_settings_predefined.obj (.text:applyLrmPatch)
                  000072fc    00000010     rom_sysbios.aem3 : rom_sysbios.obj (.text:ti_sysbios_family_arm_m3_Hwi_post__E)
                  0000730c    0000000e     driverlib.lib : vims.obj (.text:NOROM_VIMSModeGet)
                  0000731a    0000000e     rtsv7M3_T_le_eabi.lib : copy_decompress_none.obj (.text:decompress:none)
                  00007328    0000000e     rom_sysbios.aem3 : rom_sysbios.obj (.text:ti_sysbios_family_arm_cc26xx_TimestampProvider_get32__E)
                  00007336    00000002                      : rom_sysbios.obj (.text:ti_sysbios_BIOS_linkedWithIncorrectBootLibrary__E)
                  00007338    0000000c     rf_multiMode_cc13x0.aem3 : RFCC26XX_multiMode.oem3 (.text:FsmNextState)
                  00007344    0000000c     drivers_cc13x0.aem3 : List.oem3 (.text:List_empty)
                  00007350    0000000c     driverlib.lib : cpu.obj (.text:NOROM_CPUcpsid)
                  0000735c    0000000c                   : cpu.obj (.text:NOROM_CPUcpsie)
                  00007368    0000000c                   : osc.obj (.text:NOROM_OSC_HPOSCRelativeFrequencyOffsetToRFCoreFormatConvert)
                  00007374    0000000c     drivers_cc13x0.aem3 : PINCC26XX.oem3 (.text:PIN_registerIntCb)
                  00007380    0000000c                         : PowerCC26XX.oem3 (.text:Power_getConstraintMask)
                  0000738c    0000000c                         : PowerCC26XX.oem3 (.text:Power_getDependencyCount)
                  00007398    0000000c     rtsv7M3_T_le_eabi.lib : copy_zero_init.obj (.text:decompress:ZI)
                  000073a4    0000000c     release_pem3.oem3 (.text:ti_sysbios_knl_Event_Params__init__S)
                  000073b0    0000000c     ConcentratorRadioTask.obj (.text:ti_sysbios_knl_Event_handle)
                  000073bc    0000000c     ConcentratorTask.obj (.text:ti_sysbios_knl_Event_handle)
                  000073c8    0000000c     rom_sysbios.aem3 : rom_sysbios.obj (.text:ti_sysbios_knl_Swi_getTrigger__E)
                  000073d4    0000000c     release_pem3.oem3 (.text:xdc_runtime_Startup_reset__I)
                  000073e0    0000000c     rom_sysbios.aem3 : rom_sysbios.obj (.text:xdc_runtime_Startup_rtsDone__E)
                  000073ec    00000008     smartrf_settings.obj (.text:rf_patch_cpe_genfsk)
                  000073f4    00000008     smartrf_settings_predefined.obj (.text:rf_patch_cpe_genfsk)
                  000073fc    00000008     smartrf_settings_predefined.obj (.text:rf_patch_cpe_genook)
                  00007404    00000008     smartrf_settings_predefined.obj (.text:rf_patch_cpe_lrm)
                  0000740c    00000006     rf_multiMode_cc13x0.aem3 : RFCC26XX_multiMode.oem3 (.text:clkReqAccessFxn)
                  00007412    00000006     rom_sysbios.aem3 : rom_sysbios.obj (.text:ti_sysbios_family_arm_m3_Hwi_setFunc__E)
                  00007418    00000004     dpl_cc13x0.aem3 : PowerCC26XX_tirtos.oem3 (.text:CPUwfi)
                  0000741c    00000004                     : HwiP_tirtos.oem3 (.text:HwiP_disable)
                  00007420    00000004     drivers_cc13x0.aem3 : List.oem3 (.text:List_head)
                  00007424    00000004                         : List.oem3 (.text:List_next)
                  00007428    00000004     rf_multiMode_cc13x0.aem3 : RFCC26XX_multiMode.oem3 (.text:Q_peek)
                  0000742c    00000004     drivers_cc13x0.aem3 : PowerCC26XX.oem3 (.text:nopResourceHandler)
                  00007430    00000004     rom_sysbios.aem3 : rom_sysbios.obj (.text:ti_sysbios_family_arm_cc26xx_Timer_getCount64__E)
                  00007434    00000004                      : rom_sysbios.obj (.text:ti_sysbios_knl_Clock_isActive__E)
                  00007438    00000002     release_pem3.oem3 (.text:ti_sysbios_BIOS_nullFunc__I)
                  0000743a    00000002     rom_sysbios.aem3 : rom_sysbios.obj (.text:ti_sysbios_knl_Clock_triggerFunc__I)
                  0000743c    00000002     release_pem3.oem3 (.text:ti_sysbios_rom_cortexm_cc13xx_CC13xx_badRomRevision__E)
                  0000743e    00000002     rom_sysbios.aem3 : rom_sysbios.obj (.text:xdc_runtime_SysCallback_defaultAbort)
                  00007440    00000002                      : rom_sysbios.obj (.text:xdc_runtime_SysCallback_defaultExit)
                  00007442    00000002     --HOLE-- [fill = 0]
                  00007444    00000008     (.tramp.xdc_runtime_Core_assignParams__I.1)
                  0000744c    00000008     (.tramp.xdc_runtime_Startup_startMods__I.1)
                  00007454    00000008     (.tramp.ti_sysbios_knl_Queue_construct.1)
                  0000745c    00000008     (.tramp.ti_sysbios_knl_Clock_logTick__E.1)
                  00007464    00000008     (.tramp.ti_sysbios_knl_Task_Params__init__S.1)
                  0000746c    00000008     (.tramp.ti_sysbios_BIOS_start__E.1)
                  00007474    00000008     (.tramp.ti_sysbios_knl_Swi_post__E.1)
                  0000747c    00000008     (.tramp.ti_sysbios_BIOS_RtsGateProxy_leave__E.1)
                  00007484    00000008     (.tramp.ti_sysbios_BIOS_RtsGateProxy_enter__E.1)
                  0000748c    00000008     (.tramp.xdc_runtime_Core_constructObject__I.1)
                  00007494    00000008     (.tramp.ti_sysbios_knl_Task_startup__E.1)
                  0000749c    00000008     (.tramp.ti_sysbios_knl_Swi_startup__E.1)
                  000074a4    00000008     (.tramp.ti_sysbios_hal_Hwi_startup__E.1)
                  000074ac    00000008     (.tramp.ti_sysbios_family_arm_cc26xx_Timer_startup__E.1)
                  000074b4    00000008     (.tramp.xdc_runtime_System_atexit__E.1)
                  000074bc    00000008     (.tramp.ti_sysbios_BIOS_setThreadType__E.1)
                  000074c4    00000008     (.tramp.xdc_runtime_System_exit__E.1)
                  000074cc    00000008     (.tramp.ti_sysbios_heaps_HeapMem_restore__E.1)
                  000074d4    00000008     (.tramp.ti_sysbios_heaps_HeapMem_Object__get__S.1)
                  000074dc    00000008     (.tramp.ti_sysbios_knl_Task_unblockI__E.1)
                  000074e4    00000008     (.tramp.ti_sysbios_knl_Queue_remove__E.1)
                  000074ec    00000008     (.tramp.ti_sysbios_knl_Queue_head__E.1)
                  000074f4    00000008     (.tramp.ti_sysbios_knl_Queue_empty__E.1)
                  000074fc    00000008     (.tramp.ti_sysbios_knl_Clock_scheduleNextTick__E.1)
                  00007504    00000008     (.tramp.ti_sysbios_knl_Clock_walkQueueDynamic__E.1)
                  0000750c    00000008     (.tramp.ti_sysbios_knl_Clock_TimerProxy_getCurrentTick__E.1)
                  00007514    00000008     (.tramp.ti_sysbios_knl_Task_construct.1)
                  0000751c    00000008     (.tramp.ti_sysbios_family_arm_m3_Hwi_enableInterrupt__E.1)
                  00007524    00000008     (.tramp.ti_sysbios_knl_Clock_removeI__E.1)
                  0000752c    00000008     (.tramp.ti_sysbios_knl_Clock_startI__E.1)
                  00007534    00000008     (.tramp.ti_sysbios_knl_Task_blockI__E.1)
                  0000753c    00000008     (.tramp.ti_sysbios_knl_Queue_enqueue__E.1)
                  00007544    00000008     (.tramp.ti_sysbios_knl_Task_self__E.1)
                  0000754c    00000008     (.tramp.ti_sysbios_knl_Clock_addI__E.1)
                  00007554    00000008     (.tramp.xdc_runtime_System_abort__E.1)
                  0000755c    00000008     (.tramp.ti_sysbios_family_arm_m3_Hwi_destruct.1)
                  00007564    00000008     (.tramp.ti_sysbios_knl_Swi_destruct.1)
                  0000756c    00000008     (.tramp.ti_sysbios_knl_Clock_destruct.1)
                  00007574    00000008     (.tramp.ti_sysbios_knl_Semaphore_destruct.1)
                  0000757c    00000008     (.tramp.ti_sysbios_knl_Clock_setTimeout__E.1)
                  00007584    00000008     (.tramp.ti_sysbios_knl_Clock_construct.1)
                  0000758c    00000008     (.tramp.ti_sysbios_knl_Clock_Params__init__S.1)
                  00007594    00000008     (.tramp.ti_sysbios_knl_Clock_start__E.1)
                  0000759c    00000008     (.tramp.xdc_runtime_System_abortSpin__E.1)
                  000075a4    00000008     (.tramp.ti_sysbios_knl_Swi_construct.1)
                  000075ac    00000008     (.tramp.ti_sysbios_knl_Swi_Params__init__S.1)
                  000075b4    00000008     (.tramp.ti_sysbios_family_arm_m3_Hwi_construct.1)
                  000075bc    00000008     (.tramp.ti_sysbios_family_arm_m3_Hwi_Params__init__S.1)
                  000075c4    00000008     (.tramp.ti_sysbios_knl_Semaphore_construct.1)
                  000075cc    00000008     (.tramp.ti_sysbios_knl_Semaphore_Params__init__S.1)
                  000075d4    00000008     (.tramp.ti_sysbios_knl_Swi_restore__E.1)
                  000075dc    00000008     (.tramp.ti_sysbios_knl_Swi_disable__E.1)
                  000075e4    00000008     (.tramp.ti_sysbios_knl_Task_restore__E.1)
                  000075ec    00000008     (.tramp.ti_sysbios_knl_Task_disable__E.1)
                  000075f4    00000008     (.tramp.ti_sysbios_knl_Semaphore_create.1)
                  000075fc    00000008     (.tramp.xdc_runtime_Error_init__E.1)
                  00007604    00000008     (.tramp.ti_sysbios_knl_Semaphore_post__E.1)
                  0000760c    00000008     (.tramp.ti_sysbios_knl_Semaphore_pend__E.1)
                  00007614    00000008     (.tramp.ti_sysbios_family_arm_m3_Hwi_restoreFxn__E.1)
                  0000761c    00000008     (.tramp.ti_sysbios_family_arm_m3_Hwi_disableFxn__E.1)

.const     0    00007624    00003710     
                  00007624    0000073c     smartrf_settings_predefined.obj (.const:patchGenookMce)
                  00007d60    000006b4     smartrf_settings.obj (.const:patchGenfskRfe)
                  00008414    000006b4     smartrf_settings_predefined.obj (.const:patchGenfskRfe)
                  00008ac8    000006b4     smartrf_settings_predefined.obj (.const:patchLrmRfe)
                  0000917c    000006a4     smartrf_settings_predefined.obj (.const:patchGenookRfe)
                  00009820    00000504     smartrf_settings_predefined.obj (.const:patchHsp4mbpsRfe)
                  00009d24    000003f0     smartrf_settings_predefined.obj (.const:patchHsp4mbpsMce)
                  0000a114    0000028c     smartrf_settings.obj (.const:patchImageGenfsk)
                  0000a3a0    0000028c     smartrf_settings_predefined.obj (.const:patchImageGenfsk)
                  0000a62c    0000028c     smartrf_settings_predefined.obj (.const:patchImageGenook)
                  0000a8b8    0000028c     smartrf_settings_predefined.obj (.const:patchImageLrm)
                  0000ab44    0000004c     drivers_cc13x0.aem3 : PowerCC26XX.oem3 (.const:resourceDB)
                  0000ab90    00000048     release_pem3.oem3 (.const:.string)
                  0000abd8    00000040     drivers_cc13x0.aem3 : GPIOCC26XX.oem3 (.const:$O2$$)
                  0000ac18    0000002c     CC1310_LAUNCHXL.obj (.const:BoardGpioInitTable)
                  0000ac44    00000024     release_pem3.oem3 (.const:xdc_runtime_Startup_sfxnTab__A)
                  0000ac68    00000020     release_pem3.oem3 (.const:ti_sysbios_knl_Event_Object__DESC__C)
                  0000ac88    00000018     driverlib.lib : rfc.obj (.const:rfc_defaultIrqAddr)
                  0000aca0    00000018     release_pem3.oem3 (.const:ti_sysbios_knl_Event_Object__PARAMS__C)
                  0000acb8    00000014     CC1310_LAUNCHXL.obj (.const:GPIOCC26XX_config)
                  0000accc    00000014     rf_multiMode_cc13x0.aem3 : RFCC26XX_multiMode.oem3 (.const:RF_defaultParams)
                  0000ace0    00000012     release_pem3.oem3 (.const:xdc_runtime_Startup_sfxnRts__A)
                  0000acf2    00000001     release_pem3.oem3 (.const:xdc_runtime_Text_charTab__A)
                  0000acf3    00000001     --HOLE-- [fill = 0]
                  0000acf4    00000010     CC1310_LAUNCHXL.obj (.const:PowerCC26XX_config)
                  0000ad04    0000000c     release_pem3.oem3 (.const:xdc_runtime_Startup_firstFxns__A)
                  0000ad10    00000008     CC1310_LAUNCHXL.obj (.const:PINCC26XX_hwAttrs)
                  0000ad18    00000004     CC1310_LAUNCHXL.obj (.const:RFCC26XX_hwAttrs)
                  0000ad1c    00000004     release_pem3.oem3 (.const:ti_sysbios_heaps_HeapMem_primaryHeapBaseAddr__C)
                  0000ad20    00000004     release_pem3.oem3 (.const:ti_sysbios_heaps_HeapMem_primaryHeapEndAddr__C)
                  0000ad24    00000004     release_pem3.oem3 (.const:ti_sysbios_knl_Clock_tickPeriod__C)
                  0000ad28    00000004     release_pem3.oem3 (.const:ti_sysbios_knl_Clock_triggerClock__C)
                  0000ad2c    00000004     release_pem3.oem3 (.const:ti_sysbios_knl_Event_Instance_State_pendQ__O)
                  0000ad30    00000004     release_pem3.oem3 (.const:ti_sysbios_knl_Idle_funcList__A)

.cinit     0    00000040    00000420     
                  00000040    000002df     (.cinit..data.load) [load image, compression = lzss]
                  0000031f    00000029     (.cinit..data:ti_sysbios_family_arm_m3_Hwi_Module__state__V.load) [load image, compression = lzss]
                  00000348    00000021     (.cinit..data:ti_sysbios_knl_Task_Module__state__V.load) [load image, compression = lzss]
                  00000369    0000001f     (.cinit..data:ti_sysbios_BIOS_Module__state__V.load) [load image, compression = lzss]
                  00000388    0000001e     (.cinit..data:ti_sysbios_knl_Clock_Module__state__V.load) [load image, compression = lzss]
                  000003a6    00000010     (.cinit..data:ti_sysbios_knl_Swi_Module__state__V.load) [load image, compression = lzss]
                  000003b6    00000002     --HOLE-- [fill = 0]
                  000003b8    0000000c     (__TI_handler_table)
                  000003c4    0000000b     (.cinit..data:ti_sysbios_family_arm_cc26xx_Timer_Module__state__V.load) [load image, compression = lzss]
                  000003cf    0000000b     (.cinit..data:xdc_runtime_System_Module__state__V.load) [load image, compression = lzss]
                  000003da    00000006     --HOLE-- [fill = 0]
                  000003e0    00000008     (.cinit..bss.load) [load image, compression = zero_init]
                  000003e8    00000008     (.cinit..data:xdc_runtime_Memory_Module__state__V.load) [load image, compression = lzss]
                  000003f0    00000007     (.cinit..data:ti_sysbios_family_arm_cc26xx_TimestampProvider_Module__state__V.load) [load image, compression = lzss]
                  000003f7    00000007     (.cinit..data:xdc_runtime_Startup_Module__state__V.load) [load image, compression = lzss]
                  000003fe    00000002     --HOLE-- [fill = 0]
                  00000400    00000060     (__TI_cinit_table)

.init_array 
*          0    00000000    00000000     UNINITIALIZED

.ccfg      0    0001ffa8    00000058     
                  0001ffa8    00000058     ccfg.obj (.ccfg:retain)

.const:ti_sysbios_knl_Task_Object__PARAMS__C 
*          0    00001000    0000003c     
                  00001000    0000003c     release_pem3.oem3 (.const:ti_sysbios_knl_Task_Object__PARAMS__C)

.const:ti_sysbios_knl_Mailbox_Object__PARAMS__C 
*          0    0000103c    00000034     
                  0000103c    00000034     release_pem3.oem3 (.const:ti_sysbios_knl_Mailbox_Object__PARAMS__C)

.const:ti_sysbios_family_arm_m3_Hwi_Object__PARAMS__C 
*          0    00001070    00000030     
                  00001070    00000030     release_pem3.oem3 (.const:ti_sysbios_family_arm_m3_Hwi_Object__PARAMS__C)

.const:ti_sysbios_hal_Hwi_Object__PARAMS__C 
*          0    000010a0    0000002c     
                  000010a0    0000002c     release_pem3.oem3 (.const:ti_sysbios_hal_Hwi_Object__PARAMS__C)

.const:ti_sysbios_heaps_HeapMem_Module__FXNS__C 
*          0    000010cc    00000028     
                  000010cc    00000028     release_pem3.oem3 (.const:ti_sysbios_heaps_HeapMem_Module__FXNS__C)

.const:ti_sysbios_knl_Swi_Object__PARAMS__C 
*          0    000010f4    00000028     
                  000010f4    00000028     release_pem3.oem3 (.const:ti_sysbios_knl_Swi_Object__PARAMS__C)

.const:ti_sysbios_gates_GateHwi_Module__FXNS__C 
*          0    0000111c    00000024     
                  0000111c    00000024     release_pem3.oem3 (.const:ti_sysbios_gates_GateHwi_Module__FXNS__C)

.const:ti_sysbios_gates_GateMutex_Module__FXNS__C 
*          0    00001140    00000024     
                  00001140    00000024     release_pem3.oem3 (.const:ti_sysbios_gates_GateMutex_Module__FXNS__C)

.const:ti_sysbios_heaps_HeapMem_Object__PARAMS__C 
*          0    00001164    00000024     
                  00001164    00000024     release_pem3.oem3 (.const:ti_sysbios_heaps_HeapMem_Object__PARAMS__C)

.const:ti_sysbios_knl_Clock_Object__PARAMS__C 
*          0    00001188    00000024     
                  00001188    00000024     release_pem3.oem3 (.const:ti_sysbios_knl_Clock_Object__PARAMS__C)

.const:ti_sysbios_knl_Semaphore_Object__PARAMS__C 
*          0    000011ac    00000024     
                  000011ac    00000024     release_pem3.oem3 (.const:ti_sysbios_knl_Semaphore_Object__PARAMS__C)

.const:ti_sysbios_family_arm_m3_Hwi_Object__DESC__C 
*          0    000011d0    00000020     
                  000011d0    00000020     release_pem3.oem3 (.const:ti_sysbios_family_arm_m3_Hwi_Object__DESC__C)

.const:ti_sysbios_gates_GateHwi_Object__DESC__C 
*          0    000011f0    00000020     
                  000011f0    00000020     release_pem3.oem3 (.const:ti_sysbios_gates_GateHwi_Object__DESC__C)

.const:ti_sysbios_gates_GateMutex_Object__DESC__C 
*          0    00001210    00000020     
                  00001210    00000020     release_pem3.oem3 (.const:ti_sysbios_gates_GateMutex_Object__DESC__C)

.const:ti_sysbios_hal_Hwi_Object__DESC__C 
*          0    00001230    00000020     
                  00001230    00000020     release_pem3.oem3 (.const:ti_sysbios_hal_Hwi_Object__DESC__C)

.const:ti_sysbios_heaps_HeapMem_Object__DESC__C 
*          0    00001250    00000020     
                  00001250    00000020     release_pem3.oem3 (.const:ti_sysbios_heaps_HeapMem_Object__DESC__C)

.const:ti_sysbios_knl_Clock_Object__DESC__C 
*          0    00001270    00000020     
                  00001270    00000020     release_pem3.oem3 (.const:ti_sysbios_knl_Clock_Object__DESC__C)

.const:ti_sysbios_knl_Mailbox_Object__DESC__C 
*          0    00001290    00000020     
                  00001290    00000020     release_pem3.oem3 (.const:ti_sysbios_knl_Mailbox_Object__DESC__C)

.const:ti_sysbios_knl_Queue_Object__DESC__C 
*          0    000012b0    00000020     
                  000012b0    00000020     release_pem3.oem3 (.const:ti_sysbios_knl_Queue_Object__DESC__C)

.const:ti_sysbios_knl_Semaphore_Object__DESC__C 
*          0    000012d0    00000020     
                  000012d0    00000020     release_pem3.oem3 (.const:ti_sysbios_knl_Semaphore_Object__DESC__C)

.const:ti_sysbios_knl_Swi_Object__DESC__C 
*          0    000012f0    00000020     
                  000012f0    00000020     release_pem3.oem3 (.const:ti_sysbios_knl_Swi_Object__DESC__C)

.const:ti_sysbios_knl_Task_Object__DESC__C 
*          0    00001310    00000020     
                  00001310    00000020     release_pem3.oem3 (.const:ti_sysbios_knl_Task_Object__DESC__C)

.const:ti_sysbios_gates_GateHwi_Object__PARAMS__C 
*          0    00001330    00000018     
                  00001330    00000018     release_pem3.oem3 (.const:ti_sysbios_gates_GateHwi_Object__PARAMS__C)

.const:ti_sysbios_gates_GateMutex_Object__PARAMS__C 
*          0    00001348    00000018     
                  00001348    00000018     release_pem3.oem3 (.const:ti_sysbios_gates_GateMutex_Object__PARAMS__C)

.const:ti_sysbios_knl_Queue_Object__PARAMS__C 
*          0    00001360    00000018     
                  00001360    00000018     release_pem3.oem3 (.const:ti_sysbios_knl_Queue_Object__PARAMS__C)

.const:ti_sysbios_knl_Idle_funcList__C 
*          0    00001378    00000008     
                  00001378    00000008     release_pem3.oem3 (.const:ti_sysbios_knl_Idle_funcList__C)

.const:ti_sysbios_family_arm_cc26xx_Timer_startupNeeded__C 
*          0    00001384    00000004     
                  00001384    00000004     release_pem3.oem3 (.const:ti_sysbios_family_arm_cc26xx_Timer_startupNeeded__C)

.const:ti_sysbios_family_arm_m3_Hwi_E_alreadyDefined__C 
*          0    00001388    00000004     
                  00001388    00000004     release_pem3.oem3 (.const:ti_sysbios_family_arm_m3_Hwi_E_alreadyDefined__C)

.const:ti_sysbios_family_arm_m3_Hwi_E_hwiLimitExceeded__C 
*          0    0000138c    00000004     
                  0000138c    00000004     release_pem3.oem3 (.const:ti_sysbios_family_arm_m3_Hwi_E_hwiLimitExceeded__C)

.const:ti_sysbios_family_arm_m3_Hwi_NUM_INTERRUPTS__C 
*          0    00001390    00000004     
                  00001390    00000004     release_pem3.oem3 (.const:ti_sysbios_family_arm_m3_Hwi_NUM_INTERRUPTS__C)

.const:ti_sysbios_family_arm_m3_Hwi_Object__count__C 
*          0    00001394    00000004     
                  00001394    00000004     release_pem3.oem3 (.const:ti_sysbios_family_arm_m3_Hwi_Object__count__C)

.const:ti_sysbios_family_arm_m3_Hwi_Object__table__C 
*          0    00001398    00000004     
                  00001398    00000004     release_pem3.oem3 (.const:ti_sysbios_family_arm_m3_Hwi_Object__table__C)

.const:ti_sysbios_family_arm_m3_Hwi_ccr__C 
*          0    0000139c    00000004     
                  0000139c    00000004     release_pem3.oem3 (.const:ti_sysbios_family_arm_m3_Hwi_ccr__C)

.const:ti_sysbios_family_arm_m3_Hwi_excHandlerFunc__C 
*          0    000013a0    00000004     
                  000013a0    00000004     release_pem3.oem3 (.const:ti_sysbios_family_arm_m3_Hwi_excHandlerFunc__C)

.const:ti_sysbios_family_arm_m3_Hwi_nullIsrFunc__C 
*          0    000013a4    00000004     
                  000013a4    00000004     release_pem3.oem3 (.const:ti_sysbios_family_arm_m3_Hwi_nullIsrFunc__C)

.const:ti_sysbios_family_arm_m3_Hwi_numSparseInterrupts__C 
*          0    000013a8    00000004     
                  000013a8    00000004     release_pem3.oem3 (.const:ti_sysbios_family_arm_m3_Hwi_numSparseInterrupts__C)

.const:ti_sysbios_family_arm_m3_Hwi_priGroup__C 
*          0    000013ac    00000004     
                  000013ac    00000004     release_pem3.oem3 (.const:ti_sysbios_family_arm_m3_Hwi_priGroup__C)

.const:ti_sysbios_family_arm_m3_TaskSupport_stackAlignment__C 
*          0    000013b0    00000004     
                  000013b0    00000004     release_pem3.oem3 (.const:ti_sysbios_family_arm_m3_TaskSupport_stackAlignment__C)

.const:ti_sysbios_heaps_HeapMem_E_memory__C 
*          0    000013b4    00000004     
                  000013b4    00000004     release_pem3.oem3 (.const:ti_sysbios_heaps_HeapMem_E_memory__C)

.const:ti_sysbios_heaps_HeapMem_Module__gateObj__C 
*          0    000013b8    00000004     
                  000013b8    00000004     release_pem3.oem3 (.const:ti_sysbios_heaps_HeapMem_Module__gateObj__C)

.const:ti_sysbios_heaps_HeapMem_Object__count__C 
*          0    000013bc    00000004     
                  000013bc    00000004     release_pem3.oem3 (.const:ti_sysbios_heaps_HeapMem_Object__count__C)

.const:ti_sysbios_heaps_HeapMem_Object__table__C 
*          0    000013c0    00000004     
                  000013c0    00000004     release_pem3.oem3 (.const:ti_sysbios_heaps_HeapMem_Object__table__C)

.const:ti_sysbios_heaps_HeapMem_reqAlign__C 
*          0    000013c4    00000004     
                  000013c4    00000004     release_pem3.oem3 (.const:ti_sysbios_heaps_HeapMem_reqAlign__C)

.const:ti_sysbios_knl_Clock_serviceMargin__C 
*          0    000013c8    00000004     
                  000013c8    00000004     release_pem3.oem3 (.const:ti_sysbios_knl_Clock_serviceMargin__C)

.const:ti_sysbios_knl_Mailbox_Object__count__C 
*          0    000013cc    00000004     
                  000013cc    00000004     release_pem3.oem3 (.const:ti_sysbios_knl_Mailbox_Object__count__C)

.const:ti_sysbios_knl_Mailbox_Object__table__C 
*          0    000013d0    00000004     
                  000013d0    00000004     release_pem3.oem3 (.const:ti_sysbios_knl_Mailbox_Object__table__C)

.const:ti_sysbios_knl_Mailbox_maxTypeAlign__C 
*          0    000013d4    00000004     
                  000013d4    00000004     release_pem3.oem3 (.const:ti_sysbios_knl_Mailbox_maxTypeAlign__C)

.const:ti_sysbios_knl_Queue_Object__count__C 
*          0    000013d8    00000004     
                  000013d8    00000004     release_pem3.oem3 (.const:ti_sysbios_knl_Queue_Object__count__C)

.const:ti_sysbios_knl_Queue_Object__table__C 
*          0    000013dc    00000004     
                  000013dc    00000004     release_pem3.oem3 (.const:ti_sysbios_knl_Queue_Object__table__C)

.const:ti_sysbios_knl_Swi_Object__count__C 
*          0    000013e0    00000004     
                  000013e0    00000004     release_pem3.oem3 (.const:ti_sysbios_knl_Swi_Object__count__C)

.const:ti_sysbios_knl_Swi_Object__table__C 
*          0    000013e4    00000004     
                  000013e4    00000004     release_pem3.oem3 (.const:ti_sysbios_knl_Swi_Object__table__C)

.const:ti_sysbios_knl_Swi_numPriorities__C 
*          0    000013e8    00000004     
                  000013e8    00000004     release_pem3.oem3 (.const:ti_sysbios_knl_Swi_numPriorities__C)

.const:ti_sysbios_knl_Task_Object__count__C 
*          0    000013ec    00000004     
                  000013ec    00000004     release_pem3.oem3 (.const:ti_sysbios_knl_Task_Object__count__C)

.const:ti_sysbios_knl_Task_Object__table__C 
*          0    000013f0    00000004     
                  000013f0    00000004     release_pem3.oem3 (.const:ti_sysbios_knl_Task_Object__table__C)

.const:ti_sysbios_knl_Task_allBlockedFunc__C 
*          0    000013f4    00000004     
                  000013f4    00000004     release_pem3.oem3 (.const:ti_sysbios_knl_Task_allBlockedFunc__C)

.const:ti_sysbios_knl_Task_defaultStackHeap__C 
*          0    000013f8    00000004     
                  000013f8    00000004     release_pem3.oem3 (.const:ti_sysbios_knl_Task_defaultStackHeap__C)

.const:ti_sysbios_knl_Task_defaultStackSize__C 
*          0    000013fc    00000004     
                  000013fc    00000004     release_pem3.oem3 (.const:ti_sysbios_knl_Task_defaultStackSize__C)

.const:ti_sysbios_knl_Task_numConstructedTasks__C 
*          0    00001400    00000004     
                  00001400    00000004     release_pem3.oem3 (.const:ti_sysbios_knl_Task_numConstructedTasks__C)

.const:ti_sysbios_family_arm_cc26xx_Timer_Module__id__C 
*          0    00001406    00000002     
                  00001406    00000002     release_pem3.oem3 (.const:ti_sysbios_family_arm_cc26xx_Timer_Module__id__C)

.const:ti_sysbios_family_arm_cc26xx_TimestampProvider_useClockTimer__C 
*          0    00001408    00000002     
                  00001408    00000002     release_pem3.oem3 (.const:ti_sysbios_family_arm_cc26xx_TimestampProvider_useClockTimer__C)

.const:ti_sysbios_family_arm_m3_Hwi_Module__id__C 
*          0    0000140a    00000002     
                  0000140a    00000002     release_pem3.oem3 (.const:ti_sysbios_family_arm_m3_Hwi_Module__id__C)

.const:ti_sysbios_gates_GateHwi_Module__id__C 
*          0    0000140c    00000002     
                  0000140c    00000002     release_pem3.oem3 (.const:ti_sysbios_gates_GateHwi_Module__id__C)

.const:ti_sysbios_gates_GateMutex_Module__id__C 
*          0    0000140e    00000002     
                  0000140e    00000002     release_pem3.oem3 (.const:ti_sysbios_gates_GateMutex_Module__id__C)

.const:ti_sysbios_heaps_HeapMem_Module__id__C 
*          0    00001410    00000002     
                  00001410    00000002     release_pem3.oem3 (.const:ti_sysbios_heaps_HeapMem_Module__id__C)

.const:ti_sysbios_knl_Task_initStackFlag__C 
*          0    00001412    00000002     
                  00001412    00000002     release_pem3.oem3 (.const:ti_sysbios_knl_Task_initStackFlag__C)

.const:ti_sysbios_knl_Clock_tickMode__C 
*          0    00001414    00000001     
                  00001414    00000001     release_pem3.oem3 (.const:ti_sysbios_knl_Clock_tickMode__C)

.const:xdc_runtime_Startup_firstFxns__C 
*          0    00001418    00000008     
                  00001418    00000008     release_pem3.oem3 (.const:xdc_runtime_Startup_firstFxns__C)

.const:xdc_runtime_Startup_lastFxns__C 
*          0    00001420    00000008     
                  00001420    00000008     release_pem3.oem3 (.const:xdc_runtime_Startup_lastFxns__C)

.const:xdc_runtime_Assert_E_assertFailed__C 
*          0    00001428    00000004     
                  00001428    00000004     release_pem3.oem3 (.const:xdc_runtime_Assert_E_assertFailed__C)

.const:xdc_runtime_Error_E_memory__C 
*          0    0000142c    00000004     
                  0000142c    00000004     release_pem3.oem3 (.const:xdc_runtime_Error_E_memory__C)

.const:xdc_runtime_Error_policyFxn__C 
*          0    00001430    00000004     
                  00001430    00000004     release_pem3.oem3 (.const:xdc_runtime_Error_policyFxn__C)

.const:xdc_runtime_IGateProvider_Interface__BASE__C 
*          0    00001434    00000004     
                  00001434    00000004     release_pem3.oem3 (.const:xdc_runtime_IGateProvider_Interface__BASE__C)

.const:xdc_runtime_IHeap_Interface__BASE__C 
*          0    00001438    00000004     
                  00001438    00000004     release_pem3.oem3 (.const:xdc_runtime_IHeap_Interface__BASE__C)

.const:xdc_runtime_IModule_Interface__BASE__C 
*          0    0000143c    00000004     
                  0000143c    00000004     release_pem3.oem3 (.const:xdc_runtime_IModule_Interface__BASE__C)

.const:xdc_runtime_Main_Module__diagsEnabled__C 
*          0    00001440    00000004     
                  00001440    00000004     release_pem3.oem3 (.const:xdc_runtime_Main_Module__diagsEnabled__C)

.const:xdc_runtime_Main_Module__diagsIncluded__C 
*          0    00001444    00000004     
                  00001444    00000004     release_pem3.oem3 (.const:xdc_runtime_Main_Module__diagsIncluded__C)

.const:xdc_runtime_Main_Module__diagsMask__C 
*          0    00001448    00000004     
                  00001448    00000004     release_pem3.oem3 (.const:xdc_runtime_Main_Module__diagsMask__C)

.const:xdc_runtime_Memory_defaultHeapInstance__C 
*          0    0000144c    00000004     
                  0000144c    00000004     release_pem3.oem3 (.const:xdc_runtime_Memory_defaultHeapInstance__C)

.const:xdc_runtime_Startup_execImpl__C 
*          0    00001450    00000004     
                  00001450    00000004     release_pem3.oem3 (.const:xdc_runtime_Startup_execImpl__C)

.const:xdc_runtime_Startup_maxPasses__C 
*          0    00001454    00000004     
                  00001454    00000004     release_pem3.oem3 (.const:xdc_runtime_Startup_maxPasses__C)

.const:xdc_runtime_Startup_sfxnRts__C 
*          0    00001458    00000004     
                  00001458    00000004     release_pem3.oem3 (.const:xdc_runtime_Startup_sfxnRts__C)

.const:xdc_runtime_Startup_sfxnTab__C 
*          0    0000145c    00000004     
                  0000145c    00000004     release_pem3.oem3 (.const:xdc_runtime_Startup_sfxnTab__C)

.const:xdc_runtime_Startup_startModsFxn__C 
*          0    00001460    00000004     
                  00001460    00000004     release_pem3.oem3 (.const:xdc_runtime_Startup_startModsFxn__C)

.const:xdc_runtime_SysCallback_abortFxn__C 
*          0    00001464    00000004     
                  00001464    00000004     release_pem3.oem3 (.const:xdc_runtime_SysCallback_abortFxn__C)

.const:xdc_runtime_SysCallback_exitFxn__C 
*          0    00001468    00000004     
                  00001468    00000004     release_pem3.oem3 (.const:xdc_runtime_SysCallback_exitFxn__C)

.const:xdc_runtime_System_abortFxn__C 
*          0    0000146c    00000004     
                  0000146c    00000004     release_pem3.oem3 (.const:xdc_runtime_System_abortFxn__C)

.const:xdc_runtime_System_exitFxn__C 
*          0    00001470    00000004     
                  00001470    00000004     release_pem3.oem3 (.const:xdc_runtime_System_exitFxn__C)

.const:xdc_runtime_System_maxAtexitHandlers__C 
*          0    00001474    00000004     
                  00001474    00000004     release_pem3.oem3 (.const:xdc_runtime_System_maxAtexitHandlers__C)

.const:xdc_runtime_Text_charTab__C 
*          0    00001478    00000004     
                  00001478    00000004     release_pem3.oem3 (.const:xdc_runtime_Text_charTab__C)

.const:xdc_runtime_Text_nameEmpty__C 
*          0    0000147c    00000004     
                  0000147c    00000004     release_pem3.oem3 (.const:xdc_runtime_Text_nameEmpty__C)

.const:xdc_runtime_Text_nameStatic__C 
*          0    00001480    00000004     
                  00001480    00000004     release_pem3.oem3 (.const:xdc_runtime_Text_nameStatic__C)

.const:xdc_runtime_Text_nameUnknown__C 
*          0    00001484    00000004     
                  00001484    00000004     release_pem3.oem3 (.const:xdc_runtime_Text_nameUnknown__C)

.const:xdc_runtime_Main_Module__id__C 
*          0    00001488    00000002     
                  00001488    00000002     release_pem3.oem3 (.const:xdc_runtime_Main_Module__id__C)

.const:xdc_runtime_Memory_Module__id__C 
*          0    0000148a    00000002     
                  0000148a    00000002     release_pem3.oem3 (.const:xdc_runtime_Memory_Module__id__C)

.const:xdc_runtime_Text_charCnt__C 
*          0    0000148c    00000002     
                  0000148c    00000002     release_pem3.oem3 (.const:xdc_runtime_Text_charCnt__C)

.const:xdc_runtime_Text_isLoaded__C 
*          0    0000148e    00000002     
                  0000148e    00000002     release_pem3.oem3 (.const:xdc_runtime_Text_isLoaded__C)

.const:xdc_runtime_Error_policy__C 
*          0    00001490    00000001     
                  00001490    00000001     release_pem3.oem3 (.const:xdc_runtime_Error_policy__C)

.const:ti_sysbios_rom_ROM_AONRTCChannelEnable 
*          0    00001494    00000004     
                  00001494    00000004     release_pem3.oem3 (.const:ti_sysbios_rom_ROM_AONRTCChannelEnable)

.const:ti_sysbios_rom_ROM_AONRTCCompareValueSet 
*          0    00001498    00000004     
                  00001498    00000004     release_pem3.oem3 (.const:ti_sysbios_rom_ROM_AONRTCCompareValueSet)

.const:ti_sysbios_rom_ROM_AONRTCCurrentCompareValueGet 
*          0    0000149c    00000004     
                  0000149c    00000004     release_pem3.oem3 (.const:ti_sysbios_rom_ROM_AONRTCCurrentCompareValueGet)

.const:ti_sysbios_rom_ROM_AONRTCEventClear 
*          0    000014a0    00000004     
                  000014a0    00000004     release_pem3.oem3 (.const:ti_sysbios_rom_ROM_AONRTCEventClear)

.const:ti_sysbios_rom_ROM_ti_sysbios_family_arm_cc26xx_Timer_getCount64__E 
*          0    000014a4    00000004     
                  000014a4    00000004     release_pem3.oem3 (.const:ti_sysbios_rom_ROM_ti_sysbios_family_arm_cc26xx_Timer_getCount64__E)

.const:ti_sysbios_rom_ROM_ti_sysbios_family_arm_cc26xx_Timer_getCurrentTick__E 
*          0    000014a8    00000004     
                  000014a8    00000004     release_pem3.oem3 (.const:ti_sysbios_rom_ROM_ti_sysbios_family_arm_cc26xx_Timer_getCurrentTick__E)

.const:ti_sysbios_rom_ROM_ti_sysbios_family_arm_cc26xx_Timer_getMaxTicks__E 
*          0    000014ac    00000004     
                  000014ac    00000004     release_pem3.oem3 (.const:ti_sysbios_rom_ROM_ti_sysbios_family_arm_cc26xx_Timer_getMaxTicks__E)

.const:ti_sysbios_rom_ROM_ti_sysbios_family_arm_cc26xx_Timer_initDevice__I 
*          0    000014b0    00000004     
                  000014b0    00000004     release_pem3.oem3 (.const:ti_sysbios_rom_ROM_ti_sysbios_family_arm_cc26xx_Timer_initDevice__I)

.const:ti_sysbios_rom_ROM_ti_sysbios_family_arm_cc26xx_Timer_setNextTick__E 
*          0    000014b4    00000004     
                  000014b4    00000004     release_pem3.oem3 (.const:ti_sysbios_rom_ROM_ti_sysbios_family_arm_cc26xx_Timer_setNextTick__E)

.const:ti_sysbios_rom_ROM_ti_sysbios_family_arm_cc26xx_Timer_setThreshold__I 
*          0    000014b8    00000004     
                  000014b8    00000004     release_pem3.oem3 (.const:ti_sysbios_rom_ROM_ti_sysbios_family_arm_cc26xx_Timer_setThreshold__I)

.const:ti_sysbios_rom_ROM_ti_sysbios_family_arm_cc26xx_Timer_start__E 
*          0    000014bc    00000004     
                  000014bc    00000004     release_pem3.oem3 (.const:ti_sysbios_rom_ROM_ti_sysbios_family_arm_cc26xx_Timer_start__E)

.const:ti_sysbios_rom_ROM_ti_sysbios_family_arm_cc26xx_TimestampProvider_get32__E 
*          0    000014c0    00000004     
                  000014c0    00000004     release_pem3.oem3 (.const:ti_sysbios_rom_ROM_ti_sysbios_family_arm_cc26xx_TimestampProvider_get32__E)

.const:ti_sysbios_rom_ROM_xdc_runtime_Startup_getState__I 
*          0    000014c4    00000004     
                  000014c4    00000004     release_pem3.oem3 (.const:ti_sysbios_rom_ROM_xdc_runtime_Startup_getState__I)

.const:ti_sysbios_rom_ROM_xdc_runtime_System_SupportProxy_abort__E 
*          0    000014c8    00000004     
                  000014c8    00000004     release_pem3.oem3 (.const:ti_sysbios_rom_ROM_xdc_runtime_System_SupportProxy_abort__E)

.const:ti_sysbios_rom_ROM_xdc_runtime_System_SupportProxy_exit__E 
*          0    000014cc    00000004     
                  000014cc    00000004     release_pem3.oem3 (.const:ti_sysbios_rom_ROM_xdc_runtime_System_SupportProxy_exit__E)

.const:ti_sysbios_gates_GateMutex_Instance_State_sem__O 
*          0    000014d0    00000004     
                  000014d0    00000004     release_pem3.oem3 (.const:ti_sysbios_gates_GateMutex_Instance_State_sem__O)

.const:ti_sysbios_knl_Clock_Module_State_clockQ__O 
*          0    000014d4    00000004     
                  000014d4    00000004     release_pem3.oem3 (.const:ti_sysbios_knl_Clock_Module_State_clockQ__O)

.const:ti_sysbios_knl_Mailbox_Instance_State_dataQue__O 
*          0    000014d8    00000004     
                  000014d8    00000004     release_pem3.oem3 (.const:ti_sysbios_knl_Mailbox_Instance_State_dataQue__O)

.const:ti_sysbios_knl_Mailbox_Instance_State_dataSem__O 
*          0    000014dc    00000004     
                  000014dc    00000004     release_pem3.oem3 (.const:ti_sysbios_knl_Mailbox_Instance_State_dataSem__O)

.const:ti_sysbios_knl_Mailbox_Instance_State_freeQue__O 
*          0    000014e0    00000004     
                  000014e0    00000004     release_pem3.oem3 (.const:ti_sysbios_knl_Mailbox_Instance_State_freeQue__O)

.const:ti_sysbios_knl_Mailbox_Instance_State_freeSem__O 
*          0    000014e4    00000004     
                  000014e4    00000004     release_pem3.oem3 (.const:ti_sysbios_knl_Mailbox_Instance_State_freeSem__O)

.const:ti_sysbios_knl_Semaphore_Instance_State_pendQ__O 
*          0    000014e8    00000004     
                  000014e8    00000004     release_pem3.oem3 (.const:ti_sysbios_knl_Semaphore_Instance_State_pendQ__O)

.const:ti_sysbios_knl_Task_Module_State_inactiveQ__O 
*          0    000014ec    00000004     
                  000014ec    00000004     release_pem3.oem3 (.const:ti_sysbios_knl_Task_Module_State_inactiveQ__O)

.data:ti_sysbios_knl_Task_Module__state__V 
*          0    20000100    00000044     UNINITIALIZED
                  20000100    00000044     release_pem3.oem3 (.data:ti_sysbios_knl_Task_Module__state__V)

.data:ti_sysbios_family_arm_m3_Hwi_Module__state__V 
*          0    20000144    00000034     UNINITIALIZED
                  20000144    00000034     release_pem3.oem3 (.data:ti_sysbios_family_arm_m3_Hwi_Module__state__V)

.data:ti_sysbios_knl_Clock_Module__state__V 
*          0    20000178    0000002c     UNINITIALIZED
                  20000178    0000002c     release_pem3.oem3 (.data:ti_sysbios_knl_Clock_Module__state__V)

.data:ti_sysbios_BIOS_Module__state__V 
*          0    200001a4    00000024     UNINITIALIZED
                  200001a4    00000024     release_pem3.oem3 (.data:ti_sysbios_BIOS_Module__state__V)

.data:ti_sysbios_knl_Swi_Module__state__V 
*          0    200001c8    0000001c     UNINITIALIZED
                  200001c8    0000001c     release_pem3.oem3 (.data:ti_sysbios_knl_Swi_Module__state__V)

.data:ti_sysbios_family_arm_cc26xx_Timer_Module__state__V 
*          0    200001e4    00000008     UNINITIALIZED
                  200001e4    00000008     release_pem3.oem3 (.data:ti_sysbios_family_arm_cc26xx_Timer_Module__state__V)

.data:ti_sysbios_family_arm_cc26xx_TimestampProvider_Module__state__V 
*          0    200001ec    00000004     UNINITIALIZED
                  200001ec    00000004     release_pem3.oem3 (.data:ti_sysbios_family_arm_cc26xx_TimestampProvider_Module__state__V)

.data:xdc_runtime_Startup_Module__state__V 
*          0    200001f0    00000008     UNINITIALIZED
                  200001f0    00000008     release_pem3.oem3 (.data:xdc_runtime_Startup_Module__state__V)

.data:xdc_runtime_System_Module__state__V 
*          0    200001f8    00000008     UNINITIALIZED
                  200001f8    00000008     release_pem3.oem3 (.data:xdc_runtime_System_Module__state__V)

.data:xdc_runtime_Memory_Module__state__V 
*          0    20000200    00000004     UNINITIALIZED
                  20000200    00000004     release_pem3.oem3 (.data:xdc_runtime_Memory_Module__state__V)

.data      0    20000208    00000a70     UNINITIALIZED
                  20000208    000002b8     rf_multiMode_cc13x0.aem3 : RFCC26XX_multiMode.oem3 (.data:$O1$$)
                  200004c0    00000110     drivers_cc13x0.aem3 : PowerCC26XX.oem3 (.data:PowerCC26XX_module)
[...]
1001c275  ti_sysbios_hal_Hwi_HwiProxy_Module__startupDone__S                        
1001c279  ti_sysbios_hal_Hwi_HwiProxy_delete                                        
1001c27d  ti_sysbios_hal_Hwi_HwiProxy_disableInterrupt__E                           
1001c27d  ti_sysbios_hal_Hwi_disableInterrupt__E                                    
1001c281  ti_sysbios_hal_Hwi_HwiProxy_enableInterrupt__E                            
1001c281  ti_sysbios_hal_Hwi_enableInterrupt__E                                     
1001c285  ti_sysbios_hal_Hwi_HwiProxy_getStackInfo__E                               
1001c285  ti_sysbios_hal_Hwi_getStackInfo__E                                        
1001c289  ti_sysbios_hal_Hwi_HwiProxy_startup__E                                    
1001c289  ti_sysbios_hal_Hwi_startup__E                                             
1001c28d  ti_sysbios_hal_Hwi_HwiProxy_switchFromBootStack__E                        
1001c291  ti_sysbios_hal_Hwi_delete                                                 
1001c295  ti_sysbios_hal_Hwi_switchFromBootStack__E                                 
1001c299  ti_sysbios_heaps_HeapMem_Module_GateProxy_enter__E                        
1001c29d  ti_sysbios_heaps_HeapMem_Module_GateProxy_leave__E                        
1001c2a1  ti_sysbios_heaps_HeapMem_isBlocking__E                                    
1001c2a5  ti_sysbios_knl_Clock_TimerProxy_Module__startupDone__S                    
1001c2a9  ti_sysbios_knl_Clock_TimerProxy_getExpiredTicks__E                        
1001c2ad  ti_sysbios_knl_Clock_TimerProxy_getPeriod__E                              
1001c2b1  ti_sysbios_knl_Clock_delete                                               
1001c2b5  ti_sysbios_knl_Clock_destruct                                             
1001c2b9  ti_sysbios_knl_Clock_removeI__E                                           
1001c2bd  ti_sysbios_knl_Clock_setTimeout__E                                        
1001c2c1  ti_sysbios_knl_Mailbox_delete                                             
1001c2c5  ti_sysbios_knl_Mailbox_destruct                                           
1001c2c9  ti_sysbios_knl_Queue_delete                                               
1001c2cd  ti_sysbios_knl_Queue_destruct                                             
1001c2d1  ti_sysbios_knl_Queue_head__E                                              
1001c2d5  ti_sysbios_knl_Queue_next__E                                              
1001c2d9  ti_sysbios_knl_Semaphore_delete                                           
1001c2dd  ti_sysbios_knl_Semaphore_destruct                                         
1001c2e1  ti_sysbios_knl_Swi_delete                                                 
1001c2e5  ti_sysbios_knl_Swi_destruct                                               
1001c2e9  ti_sysbios_knl_Swi_postInit__I                                            
1001c2ed  ti_sysbios_knl_Task_SupportProxy_Module__startupDone__S                   
1001c2f1  ti_sysbios_knl_Task_SupportProxy_getStackAlignment__E                     
1001c2f5  ti_sysbios_knl_Task_SupportProxy_start__E                                 
1001c2f9  ti_sysbios_knl_Task_SupportProxy_swap__E                                  
1001c2fd  ti_sysbios_knl_Task_delete                                                
1001c301  ti_sysbios_knl_Task_destruct                                              
1001c305  ti_sysbios_knl_Task_startup__E                                            
1001c309  xdc_runtime_Startup_startMods__I                                          
1001c401  xdc_runtime_Core_createObject__I                                          
1001c483  xdc_runtime_Error_policySpin__E                                           
1001c485  xdc_runtime_Memory_alloc__E                                               
1001c4f5  xdc_runtime_Core_deleteObject__I                                          
1001c555  xdc_runtime_Startup_exec__E                                               
1001c5a5  xdc_runtime_Assert_raise__I                                               
1001c5ed  xdc_runtime_Core_assignParams__I                                          
1001c635  xdc_runtime_Core_constructObject__I                                       
1001c67d  xdc_runtime_System_atexit__E                                              
1001c6b5  xdc_runtime_System_processAtExit__E                                       
1001c6e9  xdc_runtime_Core_assignLabel__I                                           
1001c719  xdc_runtime_Text_cordText__E                                              
1001c745  xdc_runtime_System_abort__E                                               
1001c765  xdc_runtime_Error_raiseX__E                                               
1001c781  xdc_runtime_Memory_valloc__E                                              
1001c79d  xdc_runtime_Core_destructObject__I                                        
1001c7b5  xdc_runtime_Error_check__E                                                
1001c7cd  xdc_runtime_System_exit__E                                                
1001c7e5  xdc_runtime_Text_ropeText__E                                              
1001c7fd  xdc_runtime_Memory_free__E                                                
1001c80d  xdc_runtime_SysCallback_abort__E                                          
1001c81d  xdc_runtime_SysCallback_exit__E                                           
1001c82d  xdc_runtime_Timestamp_SupportProxy_get32__E                               
1001c82d  xdc_runtime_Timestamp_get32__E                                            
1001c83d  xdc_runtime_Error_init__E                                                 
1001c849  xdc_runtime_Memory_calloc__E                                              
1001c855  xdc_runtime_Memory_getMaxDefaultTypeAlign__E                              
1001c875  xdc_runtime_Gate_leaveSystem__E                                           
1001c87b  xdc_runtime_System_Module_startup__E                                      
1001c881  xdc_runtime_Gate_enterSystem__E                                           
1001c885  xdc_runtime_Memory_HeapProxy_alloc__E                                     
1001c889  xdc_runtime_Memory_HeapProxy_free__E                                      
1001c88d  xdc_runtime_System_Module_GateProxy_enter__E                              
1001c891  xdc_runtime_System_Module_GateProxy_leave__E                              
1001c895  xdc_runtime_System_abortSpin__E                                           
1001c897  xdc_runtime_System_exitSpin__E                                            
1001c899  ti_sysbios_family_arm_m3_Hwi_dispatch__I                                  
1001c969  ti_sysbios_family_arm_m3_TaskSupport_buildTaskStack                       
1001c9b5  ti_sysbios_family_arm_m3_Hwi_initStacks__E                                
1001c9fd  ti_sysbios_family_arm_m3_Hwi_excHandlerAsm__I                             
1001ca1d  ti_sysbios_family_xxx_Hwi_switchAndRunFunc                                
1001ca3b  ti_sysbios_family_arm_m3_Hwi_pendSV__I                                    
1001ca53  ti_sysbios_family_arm_m3_Hwi_return                                       
1001ca55  ti_sysbios_family_arm_m3_TaskSupport_glue                                 
1001ca65  ti_sysbios_family_arm_m3_TaskSupport_swap__E                              
1001ca6d  ti_sysbios_knl_Task_swapReturn                                            
1001ca97  ti_sysbios_rom_cortexm_cc13xx_CC13xx_getRevision__E                       
20000000  ti_sysbios_family_arm_m3_Hwi_ramVectors                                   
20000100  ti_sysbios_knl_Task_Module__state__V                                      
20000144  ti_sysbios_family_arm_m3_Hwi_Module__state__V                             
20000178  ti_sysbios_knl_Clock_Module__state__V                                     
200001a4  ti_sysbios_BIOS_Module__state__V                                          
200001c8  ti_sysbios_knl_Swi_Module__state__V                                       
200001e4  ti_sysbios_family_arm_cc26xx_Timer_Module__state__V                       
200001ec  ti_sysbios_family_arm_cc26xx_TimestampProvider_Module__state__V           
200001f0  xdc_runtime_Startup_Module__state__V                                      
200001f8  xdc_runtime_System_Module__state__V                                       
20000200  xdc_runtime_Memory_Module__state__V                                       
200004c0  PowerCC26XX_module                                                        
200005d0  pOverrides_hsm                                                            
20000630  pOverrides_lrm                                                            
2000068c  pOverrides_ook                                                            
20000740  pOverrides_fsk                                                            
200007e4  ti_sysbios_knl_Task_Object__table__V                                      
20000830  ti_sysbios_family_arm_cc26xx_Timer_Object__table__V                       
20000878  RF_pProp_fsk                                                              
2000087c  RF_pProp_lrm                                                              
20000880  RF_pProp_ook                                                              
20000884  RF_pProp_hsm                                                              
20000888  RF_pProp_2_4G_fsk                                                         
2000088c  RF_pCmdPropRadioDivSetup_fsk                                              
20000890  RF_pCmdPropRadioDivSetup_lrm                                              
20000894  RF_pCmdPropRadioDivSetup_ook                                              
20000898  RF_pCmdRadioSetup_hsm                                                     
2000089c  RF_pCmdPropRadioSetup_2_4G_fsk                                            
200008a0  RF_pCmdTxHS                                                               
200008a4  RF_pCmdRxHS                                                               
200008a8  RF_pCmdFs_preDef                                                          
200008ac  RF_pCmdPropTx_preDef                                                      
200008b0  RF_pCmdPropRxAdv_preDef                                                   
200008b4  ti_sysbios_gates_GateMutex_Object__table__V                               
200008ec  RF_cmdPropRxAdv_preDef                                                    
2000091c  ti_sysbios_knl_Swi_Module_State_0_readyQ__A                               
2000094c  ti_sysbios_knl_Swi_Object__table__V                                       
2000097c  ti_sysbios_knl_Task_Module_State_0_readyQ__A                              
200009ac  RF_cmdPropRadioDivSetup                                                   
200009d4  RF_cmdPropRadioDivSetup_fsk                                               
200009fc  RF_cmdPropRadioDivSetup_lrm                                               
20000a24  RF_cmdPropRadioDivSetup_ook                                               
20000a4c  RF_cmdRxHS                                                                
20000a70  ti_sysbios_knl_Clock_Object__table__V                                     
20000a90  RF_cmdFs                                                                  
20000aa8  RF_cmdFs_preDef                                                           
20000ac0  RF_cmdPropTx                                                              
20000ad8  RF_cmdPropTx_preDef                                                       
20000af0  RF_cmdRadioSetup_hsm                                                      
20000b20  shapeovr                                                                  
20000b38  ti_sysbios_family_arm_m3_Hwi_Object__table__V                             
20000b50  ti_sysbios_heaps_HeapMem_Object__table__V                                 
20000b68  RF_cmdTxHS                                                                
20000b7c  RF_prop                                                                   
20000b8c  RF_prop_fsk                                                               
20000b9c  RF_prop_hsm                                                               
20000bac  RF_prop_lrm                                                               
20000bbc  RF_prop_ook                                                               
20000bcc  gpioPinConfigs                                                            
20000bea  ti_sysbios_family_arm_m3_Hwi_Module_State_0_excActive__A                  
20000bec  _lock                                                                     
20000bf0  _unlock                                                                   
20000bf4  gpioCallbackFunctions                                                     
20000bfc  ti_sysbios_family_arm_m3_Hwi_Module__root__V                              
20000c04  ti_sysbios_gates_GateHwi_Module__root__V                                  
20000c0c  ti_sysbios_gates_GateMutex_Module__root__V                                
20000c14  ti_sysbios_hal_Hwi_Module__root__V                                        
20000c1c  ti_sysbios_heaps_HeapMem_Module__root__V                                  
20000c24  ti_sysbios_knl_Clock_Module__root__V                                      
20000c2c  ti_sysbios_knl_Event_Module__root__V                                      
20000c34  ti_sysbios_knl_Mailbox_Module__root__V                                    
20000c3c  ti_sysbios_knl_Queue_Module__root__V                                      
20000c44  ti_sysbios_knl_Semaphore_Module__root__V                                  
20000c4c  ti_sysbios_knl_Swi_Module__root__V                                        
20000c54  ti_sysbios_knl_Task_Module__root__V                                       
20000c5c  xdc_runtime_System_Module_State_0_atexitHandlers__A                       
20000c68  main_func_sp                                                              
20000c6c  ti_sysbios_family_arm_m3_Hwi_Module_State_0_excContext__A                 
20000c70  ti_sysbios_family_arm_m3_Hwi_Module_State_0_excStack__A                   
20000c74  ti_sysbios_knl_Task_Module_State_0_idleTask__A                            
20001478  ti_sysbios_knl_Task_Instance_State_0_stack__A                             
20001678  PIN_NumPins                                                               
2000170c  PIN_HandleTable                                                           
20001788  ti_sysbios_family_arm_m3_Hwi_dispatchTable                                
20001bdc  concentratorRadioTask                                                     
20001c2c  concentratorTask                                                          
20001db8  concentratorEvent                                                         
20001dcc  radioOperationEvent                                                       
20001e0f  driverlib_release_0_47555                                                 
20001e1c  knownSensorNodes                                                          
20001e49  __primary_heap_start__                                                    
20004c00  __primary_heap_end__                                                      
20004c00  __stack                                                                   
20005000  __STACK_END                                                               
e000e000  ti_sysbios_family_arm_m3_Hwi_nvic                                         
ffffffff  __TI_pprof_out_hndl                                                       
ffffffff  __TI_prof_data_size                                                       
ffffffff  __TI_prof_data_start                                                      
ffffffff  __binit__                                                                 
ffffffff  __c_args__                                                                
ffffffff  binit                                                                     
UNDEFED   HwiP_restore                                                              
UNDEFED   SHT$$INIT_ARRAY$$Base                                                     
UNDEFED   SHT$$INIT_ARRAY$$Limit                                                    
UNDEFED   ti_sysbios_BIOS_RtsGateProxy_Handle__label__S__mangled__                  
UNDEFED   ti_sysbios_BIOS_RtsGateProxy_Object__delete__S__mangled__                 
UNDEFED   ti_sysbios_BIOS_RtsGateProxy_Params__init__S__mangled__                   
UNDEFED   ti_sysbios_BIOS_RtsGateProxy_query__E__mangled__                          
UNDEFED   ti_sysbios_hal_Hwi_HwiProxy_Module__startupDone__S__mangled__             
UNDEFED   ti_sysbios_hal_Hwi_HwiProxy_Object__delete__S__mangled__                  
UNDEFED   ti_sysbios_hal_Hwi_HwiProxy_Params__init__S__mangled__                    
UNDEFED   ti_sysbios_hal_Hwi_HwiProxy_disableInterrupt__E__mangled__                
UNDEFED   ti_sysbios_hal_Hwi_HwiProxy_enableInterrupt__E__mangled__                 
UNDEFED   ti_sysbios_hal_Hwi_HwiProxy_getStackInfo__E__mangled__                    
UNDEFED   ti_sysbios_hal_Hwi_HwiProxy_startup__E__mangled__                         
UNDEFED   ti_sysbios_hal_Hwi_HwiProxy_switchFromBootStack__E__mangled__             
UNDEFED   ti_sysbios_hal_Hwi_disableInterrupt__E                                    
UNDEFED   ti_sysbios_hal_Hwi_enableInterrupt__E                                     
UNDEFED   ti_sysbios_hal_Hwi_getStackInfo__E                                        
UNDEFED   ti_sysbios_hal_Hwi_startup__E                                             
UNDEFED   ti_sysbios_hal_Hwi_switchFromBootStack__E                                 
UNDEFED   ti_sysbios_heaps_HeapMem_Module_GateProxy_Handle__label__S__mangled__     
UNDEFED   ti_sysbios_heaps_HeapMem_Module_GateProxy_Object__delete__S__mangled__    
UNDEFED   ti_sysbios_heaps_HeapMem_Module_GateProxy_Params__init__S__mangled__      
UNDEFED   ti_sysbios_heaps_HeapMem_Module_GateProxy_query__E__mangled__             
UNDEFED   ti_sysbios_knl_Clock_TimerProxy_Module__startupDone__S__mangled__         
UNDEFED   ti_sysbios_knl_Clock_TimerProxy_startup__E__mangled__                     
UNDEFED   ti_sysbios_knl_Task_SupportProxy_Module__startupDone__S__mangled__        
UNDEFED   ti_sysbios_knl_Task_SupportProxy_getStackAlignment__E__mangled__          
UNDEFED   ti_sysbios_knl_Task_SupportProxy_start__E__mangled__                      
UNDEFED   ti_sysbios_knl_Task_SupportProxy_swap__E__mangled__                       
UNDEFED   xdc_runtime_Main_Module_GateProxy_Handle__label__S                        
UNDEFED   xdc_runtime_Main_Module_GateProxy_Object__delete__S                       
UNDEFED   xdc_runtime_Main_Module_GateProxy_query__E                                
UNDEFED   xdc_runtime_Memory_HeapProxy_Handle__label__S__mangled__                  
UNDEFED   xdc_runtime_Memory_HeapProxy_Object__delete__S__mangled__                 
UNDEFED   xdc_runtime_System_Module_GateProxy_Handle__label__S__mangled__           
UNDEFED   xdc_runtime_System_Module_GateProxy_Object__delete__S__mangled__          
UNDEFED   xdc_runtime_System_Module_GateProxy_query__E__mangled__                   
UNDEFED   xdc_runtime_System_SupportProxy_abort__E                                  
UNDEFED   xdc_runtime_System_SupportProxy_exit__E                                   
UNDEFED   xdc_runtime_Timestamp_SupportProxy_get64__E__mangled__                    
UNDEFED   xdc_runtime_Timestamp_SupportProxy_getFreq__E__mangled__                  
UNDEFED   xdc_runtime_Timestamp_get32__E                                            
UNDEFED   xdc_runtime_Timestamp_get64__E                                            
UNDEFED   xdc_runtime_Timestamp_getFreq__E                                          

[777 symbols]
