<?xml version="1.0"?>
<link_info>
   <banner>TI ARM Linker PC v16.9.0.LTS</banner>
   <copyright>Copyright (c) 1996-2015 Texas Instruments Incorporated</copyright>
   <link_time>0x58d11e5e</link_time>
   <link_errors>0x0</link_errors>
   <output_file>ProjectZeroStack_CC2650LAUNCHXL.out</output_file>
   <entry_point>
      <name>startup_entry</name>
      <address>0xe001</address>
   </entry_point>
   <input_file_list>
      <input_file id="fl-10b">
         <path>C:\Users\Tom\AppData\Local\Temp\</path>
         <kind>object</kind>
         <file>109922</file>
         <name>109922</name>
      </input_file>
      <input_file id="fl-1d">
         <path>C:\ti\tirex-content\simplelink\ble_cc26xx_2_01_00_44423_cloud\Projects\common\BLE_ROM_Releases\04242014\</path>
         <kind>object</kind>
         <file>ble_rom_PATCH.symbols</file>
         <name>ble_rom_PATCH.symbols</name>
      </input_file>
      <input_file id="fl-22">
         <path>C:\ti\tirex-content\simplelink\ble_cc26xx_2_01_00_44423_cloud\Projects\ble\Libraries\CC26xx\IAR\CC2640\bin\</path>
         <kind>archive</kind>
         <file>CC2640_BLE_peri_HL_CL_FlashROM.a</file>
         <name>att_server.o</name>
      </input_file>
      <input_file id="fl-23">
         <path>C:\ti\tirex-content\simplelink\ble_cc26xx_2_01_00_44423_cloud\Projects\ble\Libraries\CC26xx\IAR\CC2640\bin\</path>
         <kind>archive</kind>
         <file>CC2640_BLE_peri_HL_CL_FlashROM.a</file>
         <name>att_util.o</name>
      </input_file>
      <input_file id="fl-24">
         <path>C:\ti\tirex-content\simplelink\ble_cc26xx_2_01_00_44423_cloud\Projects\ble\Libraries\CC26xx\IAR\CC2640\bin\</path>
         <kind>archive</kind>
         <file>CC2640_BLE_peri_HL_CL_FlashROM.a</file>
         <name>ble_PATCH.o</name>
      </input_file>
      <input_file id="fl-25">
         <path>C:\ti\tirex-content\simplelink\ble_cc26xx_2_01_00_44423_cloud\Projects\ble\Libraries\CC26xx\IAR\CC2640\bin\</path>
         <kind>archive</kind>
         <file>CC2640_BLE_peri_HL_CL_FlashROM.a</file>
         <name>gap_configmgr.o</name>
      </input_file>
      <input_file id="fl-26">
         <path>C:\ti\tirex-content\simplelink\ble_cc26xx_2_01_00_44423_cloud\Projects\ble\Libraries\CC26xx\IAR\CC2640\bin\</path>
         <kind>archive</kind>
         <file>CC2640_BLE_peri_HL_CL_FlashROM.a</file>
         <name>gap_devmgr.o</name>
      </input_file>
      <input_file id="fl-27">
         <path>C:\ti\tirex-content\simplelink\ble_cc26xx_2_01_00_44423_cloud\Projects\ble\Libraries\CC26xx\IAR\CC2640\bin\</path>
         <kind>archive</kind>
         <file>CC2640_BLE_peri_HL_CL_FlashROM.a</file>
         <name>gap_linkmgr.o</name>
      </input_file>
      <input_file id="fl-28">
         <path>C:\ti\tirex-content\simplelink\ble_cc26xx_2_01_00_44423_cloud\Projects\ble\Libraries\CC26xx\IAR\CC2640\bin\</path>
         <kind>archive</kind>
         <file>CC2640_BLE_peri_HL_CL_FlashROM.a</file>
         <name>gap_peridevmgr.o</name>
      </input_file>
      <input_file id="fl-29">
         <path>C:\ti\tirex-content\simplelink\ble_cc26xx_2_01_00_44423_cloud\Projects\ble\Libraries\CC26xx\IAR\CC2640\bin\</path>
         <kind>archive</kind>
         <file>CC2640_BLE_peri_HL_CL_FlashROM.a</file>
         <name>gap_perilinkmgr.o</name>
      </input_file>
      <input_file id="fl-2a">
         <path>C:\ti\tirex-content\simplelink\ble_cc26xx_2_01_00_44423_cloud\Projects\ble\Libraries\CC26xx\IAR\CC2640\bin\</path>
         <kind>archive</kind>
         <file>CC2640_BLE_peri_HL_CL_FlashROM.a</file>
         <name>gap_task.o</name>
      </input_file>
      <input_file id="fl-2b">
         <path>C:\ti\tirex-content\simplelink\ble_cc26xx_2_01_00_44423_cloud\Projects\ble\Libraries\CC26xx\IAR\CC2640\bin\</path>
         <kind>archive</kind>
         <file>CC2640_BLE_peri_HL_CL_FlashROM.a</file>
         <name>gapgattserver.o</name>
      </input_file>
      <input_file id="fl-2c">
         <path>C:\ti\tirex-content\simplelink\ble_cc26xx_2_01_00_44423_cloud\Projects\ble\Libraries\CC26xx\IAR\CC2640\bin\</path>
         <kind>archive</kind>
         <file>CC2640_BLE_peri_HL_CL_FlashROM.a</file>
         <name>gatt_server.o</name>
      </input_file>
      <input_file id="fl-2d">
         <path>C:\ti\tirex-content\simplelink\ble_cc26xx_2_01_00_44423_cloud\Projects\ble\Libraries\CC26xx\IAR\CC2640\bin\</path>
         <kind>archive</kind>
         <file>CC2640_BLE_peri_HL_CL_FlashROM.a</file>
         <name>gatt_task.o</name>
      </input_file>
      <input_file id="fl-2e">
         <path>C:\ti\tirex-content\simplelink\ble_cc26xx_2_01_00_44423_cloud\Projects\ble\Libraries\CC26xx\IAR\CC2640\bin\</path>
         <kind>archive</kind>
         <file>CC2640_BLE_peri_HL_CL_FlashROM.a</file>
         <name>gatt_uuid.o</name>
      </input_file>
      <input_file id="fl-2f">
         <path>C:\ti\tirex-content\simplelink\ble_cc26xx_2_01_00_44423_cloud\Projects\ble\Libraries\CC26xx\IAR\CC2640\bin\</path>
         <kind>archive</kind>
         <file>CC2640_BLE_peri_HL_CL_FlashROM.a</file>
         <name>gattservapp.o</name>
      </input_file>
      <input_file id="fl-30">
         <path>C:\ti\tirex-content\simplelink\ble_cc26xx_2_01_00_44423_cloud\Projects\ble\Libraries\CC26xx\IAR\CC2640\bin\</path>
         <kind>archive</kind>
         <file>CC2640_BLE_peri_HL_CL_FlashROM.a</file>
         <name>hci_data_PATCH.o</name>
      </input_file>
      <input_file id="fl-31">
         <path>C:\ti\tirex-content\simplelink\ble_cc26xx_2_01_00_44423_cloud\Projects\ble\Libraries\CC26xx\IAR\CC2640\bin\</path>
         <kind>archive</kind>
         <file>CC2640_BLE_peri_HL_CL_FlashROM.a</file>
         <name>hci_event_PATCH.o</name>
      </input_file>
      <input_file id="fl-32">
         <path>C:\ti\tirex-content\simplelink\ble_cc26xx_2_01_00_44423_cloud\Projects\ble\Libraries\CC26xx\IAR\CC2640\bin\</path>
         <kind>archive</kind>
         <file>CC2640_BLE_peri_HL_CL_FlashROM.a</file>
         <name>hci_PATCH.o</name>
      </input_file>
      <input_file id="fl-33">
         <path>C:\ti\tirex-content\simplelink\ble_cc26xx_2_01_00_44423_cloud\Projects\ble\Libraries\CC26xx\IAR\CC2640\bin\</path>
         <kind>archive</kind>
         <file>CC2640_BLE_peri_HL_CL_FlashROM.a</file>
         <name>l2cap_if.o</name>
      </input_file>
      <input_file id="fl-34">
         <path>C:\ti\tirex-content\simplelink\ble_cc26xx_2_01_00_44423_cloud\Projects\ble\Libraries\CC26xx\IAR\CC2640\bin\</path>
         <kind>archive</kind>
         <file>CC2640_BLE_peri_HL_CL_FlashROM.a</file>
         <name>l2cap_task.o</name>
      </input_file>
      <input_file id="fl-35">
         <path>C:\ti\tirex-content\simplelink\ble_cc26xx_2_01_00_44423_cloud\Projects\ble\Libraries\CC26xx\IAR\CC2640\bin\</path>
         <kind>archive</kind>
         <file>CC2640_BLE_peri_HL_CL_FlashROM.a</file>
         <name>l2cap_util.o</name>
      </input_file>
      <input_file id="fl-36">
         <path>C:\ti\tirex-content\simplelink\ble_cc26xx_2_01_00_44423_cloud\Projects\ble\Libraries\CC26xx\IAR\CC2640\bin\</path>
         <kind>archive</kind>
         <file>CC2640_BLE_peri_HL_CL_FlashROM.a</file>
         <name>linkdb.o</name>
      </input_file>
      <input_file id="fl-37">
         <path>C:\ti\tirex-content\simplelink\ble_cc26xx_2_01_00_44423_cloud\Projects\ble\Libraries\CC26xx\IAR\CC2640\bin\</path>
         <kind>archive</kind>
         <file>CC2640_BLE_peri_HL_CL_FlashROM.a</file>
         <name>ll_advEndCauses_PATCH.o</name>
      </input_file>
      <input_file id="fl-38">
         <path>C:\ti\tirex-content\simplelink\ble_cc26xx_2_01_00_44423_cloud\Projects\ble\Libraries\CC26xx\IAR\CC2640\bin\</path>
         <kind>archive</kind>
         <file>CC2640_BLE_peri_HL_CL_FlashROM.a</file>
         <name>ll_common_PATCH.o</name>
      </input_file>
      <input_file id="fl-39">
         <path>C:\ti\tirex-content\simplelink\ble_cc26xx_2_01_00_44423_cloud\Projects\ble\Libraries\CC26xx\IAR\CC2640\bin\</path>
         <kind>archive</kind>
         <file>CC2640_BLE_peri_HL_CL_FlashROM.a</file>
         <name>ll_config.o</name>
      </input_file>
      <input_file id="fl-3a">
         <path>C:\ti\tirex-content\simplelink\ble_cc26xx_2_01_00_44423_cloud\Projects\ble\Libraries\CC26xx\IAR\CC2640\bin\</path>
         <kind>archive</kind>
         <file>CC2640_BLE_peri_HL_CL_FlashROM.a</file>
         <name>ll_isr.o</name>
      </input_file>
      <input_file id="fl-3b">
         <path>C:\ti\tirex-content\simplelink\ble_cc26xx_2_01_00_44423_cloud\Projects\ble\Libraries\CC26xx\IAR\CC2640\bin\</path>
         <kind>archive</kind>
         <file>CC2640_BLE_peri_HL_CL_FlashROM.a</file>
         <name>ll_PATCH.o</name>
      </input_file>
      <input_file id="fl-3c">
         <path>C:\ti\tirex-content\simplelink\ble_cc26xx_2_01_00_44423_cloud\Projects\ble\Libraries\CC26xx\IAR\CC2640\bin\</path>
         <kind>archive</kind>
         <file>CC2640_BLE_peri_HL_CL_FlashROM.a</file>
         <name>ll_scheduler_PATCH.o</name>
      </input_file>
      <input_file id="fl-3d">
         <path>C:\ti\tirex-content\simplelink\ble_cc26xx_2_01_00_44423_cloud\Projects\ble\Libraries\CC26xx\IAR\CC2640\bin\</path>
         <kind>archive</kind>
         <file>CC2640_BLE_peri_HL_CL_FlashROM.a</file>
         <name>ll_slaveEndCauses_PATCH.o</name>
      </input_file>
      <input_file id="fl-3e">
         <path>C:\ti\tirex-content\simplelink\ble_cc26xx_2_01_00_44423_cloud\Projects\ble\Libraries\CC26xx\IAR\CC2640\bin\</path>
         <kind>archive</kind>
         <file>CC2640_BLE_peri_HL_CL_FlashROM.a</file>
         <name>ll_sleep.o</name>
      </input_file>
      <input_file id="fl-3f">
         <path>C:\ti\tirex-content\simplelink\ble_cc26xx_2_01_00_44423_cloud\Projects\ble\Libraries\CC26xx\IAR\CC2640\bin\</path>
         <kind>archive</kind>
         <file>CC2640_BLE_peri_HL_CL_FlashROM.a</file>
         <name>sm_mgr.o</name>
      </input_file>
      <input_file id="fl-40">
         <path>C:\ti\tirex-content\simplelink\ble_cc26xx_2_01_00_44423_cloud\Projects\ble\Libraries\CC26xx\IAR\CC2640\bin\</path>
         <kind>archive</kind>
         <file>CC2640_BLE_peri_HL_CL_FlashROM.a</file>
         <name>sm_pairing.o</name>
      </input_file>
      <input_file id="fl-41">
         <path>C:\ti\tirex-content\simplelink\ble_cc26xx_2_01_00_44423_cloud\Projects\ble\Libraries\CC26xx\IAR\CC2640\bin\</path>
         <kind>archive</kind>
         <file>CC2640_BLE_peri_HL_CL_FlashROM.a</file>
         <name>sm_rsppairing.o</name>
      </input_file>
      <input_file id="fl-42">
         <path>C:\ti\tirex-content\simplelink\ble_cc26xx_2_01_00_44423_cloud\Projects\ble\Libraries\CC26xx\IAR\CC2640\bin\</path>
         <kind>archive</kind>
         <file>CC2640_BLE_peri_HL_CL_FlashROM.a</file>
         <name>sm_task.o</name>
      </input_file>
      <input_file id="fl-43">
         <path>C:\ti\tirex-content\simplelink\ble_cc26xx_2_01_00_44423_cloud\Projects\ble\Libraries\CC26xx\IAR\CC2640\bin\</path>
         <kind>archive</kind>
         <file>CC2640_BLE_peri_HL_CL_FlashROM.a</file>
         <name>smp.o</name>
      </input_file>
      <input_file id="fl-44">
         <path>C:\ti\tirex-content\simplelink\ble_cc26xx_2_01_00_44423_cloud\Projects\ble\Libraries\CC26xx\IAR\Common\bin\</path>
         <kind>archive</kind>
         <file>CC2640_BLE_HCI_TL_None.a</file>
         <name>hci_tl.o</name>
      </input_file>
      <input_file id="fl-45">
         <path>C:\ti\tirex-content\tirtos_simplelink_2_13_00_06\products\cc26xxware_2_21_01_15600\driverlib\bin\ccs\</path>
         <kind>archive</kind>
         <file>driverlib.lib</file>
         <name>cpu.obj</name>
      </input_file>
      <input_file id="fl-ff">
         <path>C:\ti\ccsv7\tools\compiler\ti-cgt-arm_16.9.0.LTS\lib\</path>
         <kind>archive</kind>
         <file>rtsv7M3_T_le_eabi.lib</file>
         <name>autoinit.obj</name>
      </input_file>
      <input_file id="fl-104">
         <path>C:\ti\ccsv7\tools\compiler\ti-cgt-arm_16.9.0.LTS\lib\</path>
         <kind>archive</kind>
         <file>rtsv7M3_T_le_eabi.lib</file>
         <name>ll_mul_t2.obj</name>
      </input_file>
      <input_file id="fl-106">
         <path>C:\ti\ccsv7\tools\compiler\ti-cgt-arm_16.9.0.LTS\lib\</path>
         <kind>archive</kind>
         <file>rtsv7M3_T_le_eabi.lib</file>
         <name>memcpy_t2.obj</name>
      </input_file>
      <input_file id="fl-107">
         <path>C:\ti\ccsv7\tools\compiler\ti-cgt-arm_16.9.0.LTS\lib\</path>
         <kind>archive</kind>
         <file>rtsv7M3_T_le_eabi.lib</file>
         <name>memset_t2.obj</name>
      </input_file>
      <input_file id="fl-10a">
         <path>C:\ti\ccsv7\tools\compiler\ti-cgt-arm_16.9.0.LTS\lib\</path>
         <kind>archive</kind>
         <file>rtsv7M3_T_le_eabi.lib</file>
         <name>ull_div_t2.obj</name>
      </input_file>
   </input_file_list>
   <object_component_list>
      <object_component id="oc-2d2">
         <name>.text</name>
         <load_address>0xe2c0</load_address>
         <run_address>0xe2c0</run_address>
         <size>0xfa8</size>
         <input_file_ref idref="fl-2f"/>
      </object_component>
      <object_component id="oc-289">
         <name>.text</name>
         <load_address>0xf268</load_address>
         <run_address>0xf268</run_address>
         <size>0xcf0</size>
         <input_file_ref idref="fl-3b"/>
      </object_component>
      <object_component id="oc-5ab">
         <name>.text</name>
         <load_address>0xff58</load_address>
         <run_address>0xff58</run_address>
         <size>0xa4c</size>
         <input_file_ref idref="fl-2c"/>
      </object_component>
      <object_component id="oc-87c">
         <name>.text:bleDispatch_ProcessEvent</name>
         <load_address>0x109a4</load_address>
         <run_address>0x109a4</run_address>
         <size>0xa36</size>
         <input_file_ref idref="fl-7"/>
      </object_component>
      <object_component id="oc-4cc">
         <name>.text:Onboard_soft_reset</name>
         <load_address>0x113da</load_address>
         <run_address>0x113da</run_address>
         <size>0x2</size>
         <input_file_ref idref="fl-19"/>
      </object_component>
      <object_component id="oc-4d2">
         <name>.text</name>
         <load_address>0x113dc</load_address>
         <run_address>0x113dc</run_address>
         <size>0x94c</size>
         <input_file_ref idref="fl-38"/>
      </object_component>
      <object_component id="oc-569">
         <name>.text</name>
         <load_address>0x11d28</load_address>
         <run_address>0x11d28</run_address>
         <size>0x8c0</size>
         <input_file_ref idref="fl-27"/>
      </object_component>
      <object_component id="oc-58a">
         <name>.text</name>
         <load_address>0x125e8</load_address>
         <run_address>0x125e8</run_address>
         <size>0x75c</size>
         <input_file_ref idref="fl-40"/>
      </object_component>
      <object_component id="oc-74f">
         <name>.text</name>
         <load_address>0x12d44</load_address>
         <run_address>0x12d44</run_address>
         <size>0x712</size>
         <input_file_ref idref="fl-3d"/>
      </object_component>
      <object_component id="oc-6bf">
         <name>.text:halAssertHandler</name>
         <load_address>0x13456</load_address>
         <run_address>0x13456</run_address>
         <size>0x2</size>
         <input_file_ref idref="fl-2"/>
      </object_component>
      <object_component id="oc-540">
         <name>.text</name>
         <load_address>0x13458</load_address>
         <run_address>0x13458</run_address>
         <size>0x708</size>
         <input_file_ref idref="fl-3f"/>
      </object_component>
      <object_component id="oc-494">
         <name>.text</name>
         <load_address>0x13b60</load_address>
         <run_address>0x13b60</run_address>
         <size>0x6d4</size>
         <input_file_ref idref="fl-3e"/>
      </object_component>
      <object_component id="oc-92d">
         <name>.text</name>
         <load_address>0x14234</load_address>
         <run_address>0x14234</run_address>
         <size>0x690</size>
         <input_file_ref idref="fl-28"/>
      </object_component>
      <object_component id="oc-434">
         <name>.text</name>
         <load_address>0x148c4</load_address>
         <run_address>0x148c4</run_address>
         <size>0x684</size>
         <input_file_ref idref="fl-35"/>
      </object_component>
      <object_component id="oc-7d5">
         <name>.text</name>
         <load_address>0x14f48</load_address>
         <run_address>0x14f48</run_address>
         <size>0x618</size>
         <input_file_ref idref="fl-39"/>
      </object_component>
      <object_component id="oc-5d4">
         <name>.text</name>
         <load_address>0x15560</load_address>
         <run_address>0x15560</run_address>
         <size>0x5b0</size>
         <input_file_ref idref="fl-23"/>
      </object_component>
      <object_component id="oc-94d">
         <name>.text</name>
         <load_address>0x15b10</load_address>
         <run_address>0x15b10</run_address>
         <size>0x558</size>
         <input_file_ref idref="fl-41"/>
      </object_component>
      <object_component id="oc-758">
         <name>.text</name>
         <load_address>0x16068</load_address>
         <run_address>0x16068</run_address>
         <size>0x470</size>
         <input_file_ref idref="fl-3a"/>
      </object_component>
      <object_component id="oc-80b">
         <name>.text</name>
         <load_address>0x164d8</load_address>
         <run_address>0x164d8</run_address>
         <size>0x39a</size>
         <input_file_ref idref="fl-43"/>
      </object_component>
      <object_component id="oc-416">
         <name>.text</name>
         <load_address>0x16872</load_address>
         <run_address>0x16872</run_address>
         <size>0x2</size>
         <input_file_ref idref="fl-108"/>
      </object_component>
      <object_component id="oc-503">
         <name>.text</name>
         <load_address>0x16874</load_address>
         <run_address>0x16874</run_address>
         <size>0x382</size>
         <input_file_ref idref="fl-24"/>
      </object_component>
      <object_component id="oc-52c">
         <name>.text</name>
         <load_address>0x16bf8</load_address>
         <run_address>0x16bf8</run_address>
         <size>0x358</size>
         <input_file_ref idref="fl-25"/>
      </object_component>
      <object_component id="oc-74d">
         <name>.text</name>
         <load_address>0x16f50</load_address>
         <run_address>0x16f50</run_address>
         <size>0x334</size>
         <input_file_ref idref="fl-37"/>
      </object_component>
      <object_component id="oc-4f7">
         <name>.text</name>
         <load_address>0x17284</load_address>
         <run_address>0x17284</run_address>
         <size>0x314</size>
         <input_file_ref idref="fl-31"/>
      </object_component>
      <object_component id="oc-84e">
         <name>.text</name>
         <load_address>0x17598</load_address>
         <run_address>0x17598</run_address>
         <size>0x308</size>
         <input_file_ref idref="fl-2b"/>
      </object_component>
      <object_component id="oc-2c0">
         <name>.text</name>
         <load_address>0x178a0</load_address>
         <run_address>0x178a0</run_address>
         <size>0x2fc</size>
         <input_file_ref idref="fl-2d"/>
      </object_component>
      <object_component id="oc-733">
         <name>.text</name>
         <load_address>0x17b9c</load_address>
         <run_address>0x17b9c</run_address>
         <size>0x2d0</size>
         <input_file_ref idref="fl-32"/>
      </object_component>
      <object_component id="oc-423">
         <name>.text</name>
         <load_address>0x17e6c</load_address>
         <run_address>0x17e6c</run_address>
         <size>0x294</size>
         <input_file_ref idref="fl-36"/>
      </object_component>
      <object_component id="oc-2b3">
         <name>.text</name>
         <load_address>0x18100</load_address>
         <run_address>0x18100</run_address>
         <size>0x284</size>
         <input_file_ref idref="fl-2a"/>
      </object_component>
      <object_component id="oc-2ad">
         <name>.text</name>
         <load_address>0x18384</load_address>
         <run_address>0x18384</run_address>
         <size>0x284</size>
         <input_file_ref idref="fl-34"/>
      </object_component>
      <object_component id="oc-308">
         <name>.text:osal_start_system</name>
         <load_address>0x18608</load_address>
         <run_address>0x18608</run_address>
         <size>0x1fc</size>
         <input_file_ref idref="fl-9"/>
      </object_component>
      <object_component id="oc-69a">
         <name>.text</name>
         <load_address>0x18804</load_address>
         <run_address>0x18804</run_address>
         <size>0x1f4</size>
         <input_file_ref idref="fl-10a"/>
      </object_component>
      <object_component id="oc-617">
         <name>.text</name>
         <load_address>0x189f8</load_address>
         <run_address>0x189f8</run_address>
         <size>0x1ec</size>
         <input_file_ref idref="fl-22"/>
      </object_component>
      <object_component id="oc-8f5">
         <name>.text:GAPBondMgr_ProcessGAPMsg</name>
         <load_address>0x18be4</load_address>
         <run_address>0x18be4</run_address>
         <size>0x174</size>
         <input_file_ref idref="fl-12"/>
      </object_component>
      <object_component id="oc-24b">
         <name>.text</name>
         <load_address>0x18d58</load_address>
         <run_address>0x18d58</run_address>
         <size>0x15e</size>
         <input_file_ref idref="fl-33"/>
      </object_component>
      <object_component id="oc-a52">
         <name>.tramp.HCI_SetControllerToHostFlowCtrlCmd.1</name>
         <load_address>0x18eb8</load_address>
         <run_address>0x18eb8</run_address>
         <size>0x8</size>
         <input_file_ref idref="fl-1d"/>
      </object_component>
      <object_component id="oc-a53">
         <name>.tramp.HCI_HostBufferSizeCmd.1</name>
         <load_address>0x18ec0</load_address>
         <run_address>0x18ec0</run_address>
         <size>0x8</size>
         <input_file_ref idref="fl-1d"/>
      </object_component>
      <object_component id="oc-a54">
         <name>.tramp.HCI_HostNumCompletedPktCmd.1</name>
         <load_address>0x18ec8</load_address>
         <run_address>0x18ec8</run_address>
         <size>0x8</size>
         <input_file_ref idref="fl-1d"/>
      </object_component>
      <object_component id="oc-876">
         <name>.text:GAPBondMgr_ProcessEvent</name>
         <load_address>0x18ed0</load_address>
         <run_address>0x18ed0</run_address>
         <size>0x144</size>
         <input_file_ref idref="fl-12"/>
      </object_component>
      <object_component id="oc-8ef">
         <name>.text:gapBondMgrAddBond$16</name>
         <load_address>0x19014</load_address>
         <run_address>0x19014</run_address>
         <size>0x144</size>
         <input_file_ref idref="fl-12"/>
      </object_component>
      <object_component id="oc-672">
         <name>.text</name>
         <load_address>0x19158</load_address>
         <run_address>0x19158</run_address>
         <size>0x13e</size>
         <input_file_ref idref="fl-2e"/>
      </object_component>
      <object_component id="oc-4ef">
         <name>.text</name>
         <load_address>0x19298</load_address>
         <run_address>0x19298</run_address>
         <size>0x138</size>
         <input_file_ref idref="fl-3c"/>
      </object_component>
      <object_component id="oc-914">
         <name>.text:osal_snv_write</name>
         <load_address>0x193d0</load_address>
         <run_address>0x193d0</run_address>
         <size>0x118</size>
         <input_file_ref idref="fl-10"/>
      </object_component>
      <object_component id="oc-948">
         <name>.text</name>
         <load_address>0x194e8</load_address>
         <run_address>0x194e8</run_address>
         <size>0x10c</size>
         <input_file_ref idref="fl-29"/>
      </object_component>
      <object_component id="oc-2bc">
         <name>.text</name>
         <load_address>0x195f4</load_address>
         <run_address>0x195f4</run_address>
         <size>0x104</size>
         <input_file_ref idref="fl-42"/>
      </object_component>
      <object_component id="oc-908">
         <name>.text:GAPBondMgr_LinkEst</name>
         <load_address>0x196f8</load_address>
         <run_address>0x196f8</run_address>
         <size>0xf8</size>
         <input_file_ref idref="fl-12"/>
      </object_component>
      <object_component id="oc-277">
         <name>.text:compactPage$14</name>
         <load_address>0x197f0</load_address>
         <run_address>0x197f0</run_address>
         <size>0xe8</size>
         <input_file_ref idref="fl-10"/>
      </object_component>
      <object_component id="oc-6a4">
         <name>.text:osalTimerUpdate</name>
         <load_address>0x198d8</load_address>
         <run_address>0x198d8</run_address>
         <size>0xe8</size>
         <input_file_ref idref="fl-d"/>
      </object_component>
      <object_component id="oc-91a">
         <name>.text:gapBondMgrEraseBonding$16</name>
         <load_address>0x199c0</load_address>
         <run_address>0x199c0</run_address>
         <size>0xe4</size>
         <input_file_ref idref="fl-12"/>
      </object_component>
      <object_component id="oc-97e">
         <name>.text:gapBondMgrAuthenticate$16</name>
         <load_address>0x19aa4</load_address>
         <run_address>0x19aa4</run_address>
         <size>0xb4</size>
         <input_file_ref idref="fl-12"/>
      </object_component>
      <object_component id="oc-4c6">
         <name>.text:osal_set_event</name>
         <load_address>0x19b58</load_address>
         <run_address>0x19b58</run_address>
         <size>0xac</size>
         <input_file_ref idref="fl-9"/>
      </object_component>
      <object_component id="oc-74b">
         <name>.text</name>
         <load_address>0x19c04</load_address>
         <run_address>0x19c04</run_address>
         <size>0xa8</size>
         <input_file_ref idref="fl-30"/>
      </object_component>
      <object_component id="oc-a55">
         <name>.tramp.LL_CtrlToHostFlowControl.1</name>
         <load_address>0x19cac</load_address>
         <run_address>0x19cac</run_address>
         <size>0x8</size>
         <input_file_ref idref="fl-1d"/>
      </object_component>
      <object_component id="oc-8fc">
         <name>.text:GAPBondMgr_ResolveAddr</name>
         <load_address>0x19cb4</load_address>
         <run_address>0x19cb4</run_address>
         <size>0xa8</size>
         <input_file_ref idref="fl-12"/>
      </object_component>
      <object_component id="oc-96f">
         <name>.text:gapBondMgrUpdateCharCfg$16</name>
         <load_address>0x19d5c</load_address>
         <run_address>0x19d5c</run_address>
         <size>0x9e</size>
         <input_file_ref idref="fl-12"/>
      </object_component>
      <object_component id="oc-82b">
         <name>.text:cbTimerSetup$13</name>
         <load_address>0x19dfc</load_address>
         <run_address>0x19dfc</run_address>
         <size>0x9c</size>
         <input_file_ref idref="fl-f"/>
      </object_component>
      <object_component id="oc-7db">
         <name>.text:osal_msg_enqueue_push$7</name>
         <load_address>0x19e98</load_address>
         <run_address>0x19e98</run_address>
         <size>0x9c</size>
         <input_file_ref idref="fl-9"/>
      </object_component>
      <object_component id="oc-236">
         <name>.text</name>
         <load_address>0x19f34</load_address>
         <run_address>0x19f34</run_address>
         <size>0x9c</size>
         <input_file_ref idref="fl-106"/>
      </object_component>
      <object_component id="oc-870">
         <name>.text:osal_CbTimerProcessEvent</name>
         <load_address>0x19fd0</load_address>
         <run_address>0x19fd0</run_address>
         <size>0x94</size>
         <input_file_ref idref="fl-f"/>
      </object_component>
      <object_component id="oc-511">
         <name>.text:osal_msg_receive</name>
         <load_address>0x1a064</load_address>
         <run_address>0x1a064</run_address>
         <size>0x94</size>
         <input_file_ref idref="fl-9"/>
      </object_component>
      <object_component id="oc-6e9">
         <name>.text:MB_SendCommandSynch</name>
         <load_address>0x1a0f8</load_address>
         <run_address>0x1a0f8</run_address>
         <size>0x88</size>
         <input_file_ref idref="fl-6"/>
      </object_component>
      <object_component id="oc-478">
         <name>.text:writeWord$14</name>
         <load_address>0x1a180</load_address>
         <run_address>0x1a180</run_address>
         <size>0x84</size>
         <input_file_ref idref="fl-10"/>
      </object_component>
      <object_component id="oc-525">
         <name>.text</name>
         <load_address>0x1a204</load_address>
         <run_address>0x1a204</run_address>
         <size>0x82</size>
         <input_file_ref idref="fl-26"/>
      </object_component>
      <object_component id="oc-90e">
         <name>.text:checkNVLen$5</name>
         <load_address>0x1a286</load_address>
         <run_address>0x1a286</run_address>
         <size>0x7c</size>
         <input_file_ref idref="fl-7"/>
      </object_component>
      <object_component id="oc-23f">
         <name>.text</name>
         <load_address>0x1a302</load_address>
         <run_address>0x1a302</run_address>
         <size>0x7a</size>
         <input_file_ref idref="fl-107"/>
      </object_component>
      <object_component id="oc-2a5">
         <name>.text</name>
         <load_address>0x1a37c</load_address>
         <run_address>0x1a37c</run_address>
         <size>0x78</size>
         <input_file_ref idref="fl-44"/>
      </object_component>
      <object_component id="oc-727">
         <name>.text:NOROM_IntDisable</name>
         <load_address>0x1a3f4</load_address>
         <run_address>0x1a3f4</run_address>
         <size>0x78</size>
         <input_file_ref idref="fl-47"/>
      </object_component>
      <object_component id="oc-721">
         <name>.text:NOROM_IntEnable</name>
         <load_address>0x1a46c</load_address>
         <run_address>0x1a46c</run_address>
         <size>0x78</size>
         <input_file_ref idref="fl-47"/>
      </object_component>
      <object_component id="oc-245">
         <name>.text</name>
         <load_address>0x1a4e4</load_address>
         <run_address>0x1a4e4</run_address>
         <size>0x70</size>
         <input_file_ref idref="fl-ff"/>
      </object_component>
      <object_component id="oc-6cb">
         <name>.text:MB_EnableInts</name>
         <load_address>0x1a554</load_address>
         <run_address>0x1a554</run_address>
         <size>0x6c</size>
         <input_file_ref idref="fl-6"/>
      </object_component>
      <object_component id="oc-14">
         <name>.text:decompress:lzss</name>
         <load_address>0x1a5c0</load_address>
         <run_address>0x1a5c0</run_address>
         <size>0x68</size>
         <input_file_ref idref="fl-100"/>
      </object_component>
      <object_component id="oc-98d">
         <name>.text:gapBondMgrBondReq$16</name>
         <load_address>0x1a628</load_address>
         <run_address>0x1a628</run_address>
         <size>0x68</size>
         <input_file_ref idref="fl-12"/>
      </object_component>
      <object_component id="oc-4c0">
         <name>.text:osal_pwrmgr_task_state</name>
         <load_address>0x1a690</load_address>
         <run_address>0x1a690</run_address>
         <size>0x68</size>
         <input_file_ref idref="fl-c"/>
      </object_component>
      <object_component id="oc-51f">
         <name>.text:osal_msg_send</name>
         <load_address>0x1a6f8</load_address>
         <run_address>0x1a6f8</run_address>
         <size>0x60</size>
         <input_file_ref idref="fl-9"/>
      </object_component>
      <object_component id="oc-2fc">
         <name>.text:gapBondMgrReadBonds$16</name>
         <load_address>0x1a758</load_address>
         <run_address>0x1a758</run_address>
         <size>0x58</size>
         <input_file_ref idref="fl-12"/>
      </object_component>
      <object_component id="oc-640">
         <name>.text:osal_CbTimerStop</name>
         <load_address>0x1a7b0</load_address>
         <run_address>0x1a7b0</run_address>
         <size>0x58</size>
         <input_file_ref idref="fl-f"/>
      </object_component>
      <object_component id="oc-956">
         <name>.text:sendGapCmdStatus$5</name>
         <load_address>0x1a808</load_address>
         <run_address>0x1a808</run_address>
         <size>0x54</size>
         <input_file_ref idref="fl-7"/>
      </object_component>
      <object_component id="oc-902">
         <name>.text:GAPBondMgr_LinkTerm</name>
         <load_address>0x1a85c</load_address>
         <run_address>0x1a85c</run_address>
         <size>0x50</size>
         <input_file_ref idref="fl-12"/>
      </object_component>
      <object_component id="oc-6c5">
         <name>.text:MB_Init</name>
         <load_address>0x1a8ac</load_address>
         <run_address>0x1a8ac</run_address>
         <size>0x4c</size>
         <input_file_ref idref="fl-6"/>
      </object_component>
      <object_component id="oc-509">
         <name>.text:osal_bm_free</name>
         <load_address>0x1a8f8</load_address>
         <run_address>0x1a8f8</run_address>
         <size>0x4c</size>
         <input_file_ref idref="fl-e"/>
      </object_component>
      <object_component id="oc-410">
         <name>.text</name>
         <load_address>0x1a944</load_address>
         <run_address>0x1a944</run_address>
         <size>0x4c</size>
         <input_file_ref idref="fl-103"/>
      </object_component>
      <object_component id="oc-480">
         <name>.text:findItem$14</name>
         <load_address>0x1a990</load_address>
         <run_address>0x1a990</run_address>
         <size>0x4a</size>
         <input_file_ref idref="fl-10"/>
      </object_component>
      <object_component id="oc-6e3">
         <name>.text:MB_SendCommand</name>
         <load_address>0x1a9dc</load_address>
         <run_address>0x1a9dc</run_address>
         <size>0x48</size>
         <input_file_ref idref="fl-6"/>
      </object_component>
      <object_component id="oc-265">
         <name>.text:erasePage$14</name>
         <load_address>0x1aa24</load_address>
         <run_address>0x1aa24</run_address>
         <size>0x48</size>
         <input_file_ref idref="fl-10"/>
      </object_component>
      <object_component id="oc-8a5">
         <name>.text:osalAddTimer</name>
         <load_address>0x1aa6c</load_address>
         <run_address>0x1aa6c</run_address>
         <size>0x48</size>
         <input_file_ref idref="fl-d"/>
      </object_component>
      <object_component id="oc-6d1">
         <name>.text:MB_DisableInts</name>
         <load_address>0x1aab4</load_address>
         <run_address>0x1aab4</run_address>
         <size>0x44</size>
         <input_file_ref idref="fl-6"/>
      </object_component>
      <object_component id="oc-8e3">
         <name>.text:GAPBondMgr_UpdateCharCfg</name>
         <load_address>0x1aaf8</load_address>
         <run_address>0x1aaf8</run_address>
         <size>0x42</size>
         <input_file_ref idref="fl-12"/>
      </object_component>
      <object_component id="oc-72d">
         <name>.text:HalTRNG_GetTRNG</name>
         <load_address>0x1ab3c</load_address>
         <run_address>0x1ab3c</run_address>
         <size>0x40</size>
         <input_file_ref idref="fl-5"/>
      </object_component>
      <object_component id="oc-688">
         <name>.text:ICall_setTimer$7</name>
         <load_address>0x1ab7c</load_address>
         <run_address>0x1ab7c</run_address>
         <size>0x40</size>
         <input_file_ref idref="fl-9"/>
      </object_component>
      <object_component id="oc-6b0">
         <name>.text:ICall_setTimerMSecs$7</name>
         <load_address>0x1abbc</load_address>
         <run_address>0x1abbc</run_address>
         <size>0x3c</size>
         <input_file_ref idref="fl-9"/>
      </object_component>
      <object_component id="oc-6dd">
         <name>.text:MB_EnableHWInts</name>
         <load_address>0x1abf8</load_address>
         <run_address>0x1abf8</run_address>
         <size>0x3c</size>
         <input_file_ref idref="fl-6"/>
      </object_component>
      <object_component id="oc-655">
         <name>.text:osal_bm_alloc</name>
         <load_address>0x1ac34</load_address>
         <run_address>0x1ac34</run_address>
         <size>0x3c</size>
         <input_file_ref idref="fl-e"/>
      </object_component>
      <object_component id="oc-7ea">
         <name>.text:osal_start_reload_timer</name>
         <load_address>0x1ac70</load_address>
         <run_address>0x1ac70</run_address>
         <size>0x3c</size>
         <input_file_ref idref="fl-d"/>
      </object_component>
      <object_component id="oc-259">
         <name>.text:ICall_enrollService$20</name>
         <load_address>0x1acac</load_address>
         <run_address>0x1acac</run_address>
         <size>0x38</size>
         <input_file_ref idref="fl-16"/>
      </object_component>
      <object_component id="oc-66a">
         <name>.text:GATTServApp_InitCharCfg</name>
         <load_address>0x1ace4</load_address>
         <run_address>0x1ace4</run_address>
         <size>0x34</size>
         <input_file_ref idref="fl-13"/>
      </object_component>
      <object_component id="oc-4ba">
         <name>.text:HalTRNG_InitTRNG</name>
         <load_address>0x1ad18</load_address>
         <run_address>0x1ad18</run_address>
         <size>0x34</size>
         <input_file_ref idref="fl-5"/>
      </object_component>
      <object_component id="oc-7c7">
         <name>.text:ICall_send$7</name>
         <load_address>0x1ad4c</load_address>
         <run_address>0x1ad4c</run_address>
         <size>0x34</size>
         <input_file_ref idref="fl-9"/>
      </object_component>
      <object_component id="oc-6f5">
         <name>.text:mbCpe0Isr</name>
         <load_address>0x1ad80</load_address>
         <run_address>0x1ad80</run_address>
         <size>0x34</size>
         <input_file_ref idref="fl-6"/>
      </object_component>
      <object_component id="oc-6fb">
         <name>.text:mbCpe1Isr</name>
         <load_address>0x1adb4</load_address>
         <run_address>0x1adb4</run_address>
         <size>0x34</size>
         <input_file_ref idref="fl-6"/>
      </object_component>
      <object_component id="oc-701">
         <name>.text:mbHwIsr</name>
         <load_address>0x1ade8</load_address>
         <run_address>0x1ade8</run_address>
         <size>0x34</size>
         <input_file_ref idref="fl-6"/>
      </object_component>
      <object_component id="oc-70f">
         <name>.text:osal_clear_event</name>
         <load_address>0x1ae1c</load_address>
         <run_address>0x1ae1c</run_address>
         <size>0x34</size>
         <input_file_ref idref="fl-9"/>
      </object_component>
      <object_component id="oc-709">
         <name>.text:osal_start_timerEx</name>
         <load_address>0x1ae50</load_address>
         <run_address>0x1ae50</run_address>
         <size>0x34</size>
         <input_file_ref idref="fl-d"/>
      </object_component>
      <object_component id="oc-563">
         <name>.text:osal_stop_timerEx</name>
         <load_address>0x1ae84</load_address>
         <run_address>0x1ae84</run_address>
         <size>0x34</size>
         <input_file_ref idref="fl-d"/>
      </object_component>
      <object_component id="oc-25f">
         <name>.text:HalFlashRead</name>
         <load_address>0x1aeb8</load_address>
         <run_address>0x1aeb8</run_address>
         <size>0x30</size>
         <input_file_ref idref="fl-3"/>
      </object_component>
      <object_component id="oc-271">
         <name>.text:findOffset$14</name>
         <load_address>0x1aee8</load_address>
         <run_address>0x1aee8</run_address>
         <size>0x30</size>
         <input_file_ref idref="fl-10"/>
      </object_component>
      <object_component id="oc-67a">
         <name>.text:gapBondMgr_SyncWhiteList$16</name>
         <load_address>0x1af18</load_address>
         <run_address>0x1af18</run_address>
         <size>0x30</size>
         <input_file_ref idref="fl-12"/>
      </object_component>
      <object_component id="oc-6aa">
         <name>.text:osal_alien2proxy$7</name>
         <load_address>0x1af48</load_address>
         <run_address>0x1af48</run_address>
         <size>0x30</size>
         <input_file_ref idref="fl-9"/>
      </object_component>
      <object_component id="oc-8dc">
         <name>.text:osal_get_timeoutEx</name>
         <load_address>0x1af78</load_address>
         <run_address>0x1af78</run_address>
         <size>0x30</size>
         <input_file_ref idref="fl-d"/>
      </object_component>
      <object_component id="oc-78d">
         <name>.text:osal_build_uint32</name>
         <load_address>0x1afa8</load_address>
         <run_address>0x1afa8</run_address>
         <size>0x2e</size>
         <input_file_ref idref="fl-9"/>
      </object_component>
      <object_component id="oc-885">
         <name>.text:ICall_registerISR_Ext$4</name>
         <load_address>0x1afd8</load_address>
         <run_address>0x1afd8</run_address>
         <size>0x2c</size>
         <input_file_ref idref="fl-6"/>
      </object_component>
      <object_component id="oc-317">
         <name>.text:bleDispatch_BMAlloc</name>
         <load_address>0x1b004</load_address>
         <run_address>0x1b004</run_address>
         <size>0x2c</size>
         <input_file_ref idref="fl-7"/>
      </object_component>
      <object_component id="oc-465">
         <name>.text:disableCache$14</name>
         <load_address>0x1b030</load_address>
         <run_address>0x1b030</run_address>
         <size>0x2c</size>
         <input_file_ref idref="fl-10"/>
      </object_component>
      <object_component id="oc-977">
         <name>.text:gapBondMgrFindAddr$16</name>
         <load_address>0x1b05c</load_address>
         <run_address>0x1b05c</run_address>
         <size>0x2c</size>
         <input_file_ref idref="fl-12"/>
      </object_component>
      <object_component id="oc-985">
         <name>.text:gapBondMgrGetPublicAddr$16</name>
         <load_address>0x1b088</load_address>
         <run_address>0x1b088</run_address>
         <size>0x2c</size>
         <input_file_ref idref="fl-12"/>
      </object_component>
      <object_component id="oc-85b">
         <name>.text:osal_msec_timer_cback$7</name>
         <load_address>0x1b0b4</load_address>
         <run_address>0x1b0b4</run_address>
         <size>0x2c</size>
         <input_file_ref idref="fl-9"/>
      </object_component>
      <object_component id="oc-674">
         <name>.text:osal_snv_read</name>
         <load_address>0x1b0e0</load_address>
         <run_address>0x1b0e0</run_address>
         <size>0x2c</size>
         <input_file_ref idref="fl-10"/>
      </object_component>
      <object_component id="oc-848">
         <name>.text:gapBondMgrBondTotal$16</name>
         <load_address>0x1b10c</load_address>
         <run_address>0x1b10c</run_address>
         <size>0x28</size>
         <input_file_ref idref="fl-12"/>
      </object_component>
      <object_component id="oc-649">
         <name>.text:osal_bm_adjust_header</name>
         <load_address>0x1b134</load_address>
         <run_address>0x1b134</run_address>
         <size>0x28</size>
         <input_file_ref idref="fl-e"/>
      </object_component>
      <object_component id="oc-27d">
         <name>.text:osal_mem_alloc</name>
         <load_address>0x1b15c</load_address>
         <run_address>0x1b15c</run_address>
         <size>0x28</size>
         <input_file_ref idref="fl-b"/>
      </object_component>
      <object_component id="oc-694">
         <name>.text:osal_next_timeout</name>
         <load_address>0x1b184</load_address>
         <run_address>0x1b184</run_address>
         <size>0x28</size>
         <input_file_ref idref="fl-d"/>
      </object_component>
      <object_component id="oc-920">
         <name>.text:osal_snv_compact</name>
         <load_address>0x1b1ac</load_address>
         <run_address>0x1b1ac</run_address>
         <size>0x28</size>
         <input_file_ref idref="fl-10"/>
      </object_component>
      <object_component id="oc-6d7">
         <name>.text:MB_ClearInts</name>
         <load_address>0x1b1d4</load_address>
         <run_address>0x1b1d4</run_address>
         <size>0x24</size>
         <input_file_ref idref="fl-6"/>
      </object_component>
      <object_component id="oc-833">
         <name>.text:bm_desc_from_payload$12</name>
         <load_address>0x1b1f8</load_address>
         <run_address>0x1b1f8</run_address>
         <size>0x24</size>
         <input_file_ref idref="fl-e"/>
      </object_component>
      <object_component id="oc-62e">
         <name>.text:osal_msg_allocate</name>
         <load_address>0x1b21c</load_address>
         <run_address>0x1b21c</run_address>
         <size>0x24</size>
         <input_file_ref idref="fl-9"/>
      </object_component>
      <object_component id="oc-327">
         <name>.text:osal_service_entry</name>
         <load_address>0x1b240</load_address>
         <run_address>0x1b240</run_address>
         <size>0x24</size>
         <input_file_ref idref="fl-9"/>
      </object_component>
      <object_component id="oc-26b">
         <name>.text:setActivePage$14</name>
         <load_address>0x1b264</load_address>
         <run_address>0x1b264</run_address>
         <size>0x24</size>
         <input_file_ref idref="fl-10"/>
      </object_component>
      <object_component id="oc-896">
         <name>.text:ICall_disableInt$4</name>
         <load_address>0x1b288</load_address>
         <run_address>0x1b288</run_address>
         <size>0x20</size>
         <input_file_ref idref="fl-6"/>
      </object_component>
      <object_component id="oc-88f">
         <name>.text:ICall_enableInt$4</name>
         <load_address>0x1b2a8</load_address>
         <run_address>0x1b2a8</run_address>
         <size>0x20</size>
         <input_file_ref idref="fl-6"/>
      </object_component>
      <object_component id="oc-302">
         <name>.text:ICall_getTicks$7</name>
         <load_address>0x1b2c8</load_address>
         <run_address>0x1b2c8</run_address>
         <size>0x20</size>
         <input_file_ref idref="fl-9"/>
      </object_component>
      <object_component id="oc-7ae">
         <name>.text:ICall_pwrUpdActivityCounter$10</name>
         <load_address>0x1b2e8</load_address>
         <run_address>0x1b2e8</run_address>
         <size>0x20</size>
         <input_file_ref idref="fl-c"/>
      </object_component>
      <object_component id="oc-7b5">
         <name>.text:ICall_signal$7</name>
         <load_address>0x1b308</load_address>
         <run_address>0x1b308</run_address>
         <size>0x20</size>
         <input_file_ref idref="fl-9"/>
      </object_component>
      <object_component id="oc-83c">
         <name>.text:gattServApp_FindCharCfgItem$17</name>
         <load_address>0x1b328</load_address>
         <run_address>0x1b328</run_address>
         <size>0x20</size>
         <input_file_ref idref="fl-13"/>
      </object_component>
      <object_component id="oc-6ef">
         <name>.text:mbCmdAckIsr</name>
         <load_address>0x1b348</load_address>
         <run_address>0x1b348</run_address>
         <size>0x20</size>
         <input_file_ref idref="fl-6"/>
      </object_component>
      <object_component id="oc-7fe">
         <name>.text:osalFindTimer</name>
         <load_address>0x1b368</load_address>
         <run_address>0x1b368</run_address>
         <size>0x20</size>
         <input_file_ref idref="fl-d"/>
      </object_component>
      <object_component id="oc-48e">
         <name>.text:osal_mem_free</name>
         <load_address>0x1b388</load_address>
         <run_address>0x1b388</run_address>
         <size>0x20</size>
         <input_file_ref idref="fl-b"/>
      </object_component>
      <object_component id="oc-64f">
         <name>.text:osal_memcmp</name>
         <load_address>0x1b3a8</load_address>
         <run_address>0x1b3a8</run_address>
         <size>0x20</size>
         <input_file_ref idref="fl-9"/>
      </object_component>
      <object_component id="oc-517">
         <name>.text:osal_msg_deallocate</name>
         <load_address>0x1b3c8</load_address>
         <run_address>0x1b3c8</run_address>
         <size>0x20</size>
         <input_file_ref idref="fl-9"/>
      </object_component>
      <object_component id="oc-79e">
         <name>.text:NOROM_FlashProgram</name>
         <load_address>0x1b3e8</load_address>
         <run_address>0x1b3e8</run_address>
         <size>0x1e</size>
         <input_file_ref idref="fl-46"/>
      </object_component>
      <object_component id="oc-46b">
         <name>.text:NOROM_FlashSectorErase</name>
         <load_address>0x1b406</load_address>
         <run_address>0x1b406</run_address>
         <size>0x1e</size>
         <input_file_ref idref="fl-46"/>
      </object_component>
      <object_component id="oc-993">
         <name>.text:gapBondMgrInvertCharCfgItem$16</name>
         <load_address>0x1b424</load_address>
         <run_address>0x1b424</run_address>
         <size>0x1e</size>
         <input_file_ref idref="fl-12"/>
      </object_component>
      <object_component id="oc-680">
         <name>.text:gapBondSetupPrivFlag$16</name>
         <load_address>0x1b442</load_address>
         <run_address>0x1b442</run_address>
         <size>0x1e</size>
         <input_file_ref idref="fl-12"/>
      </object_component>
      <object_component id="oc-68e">
         <name>.text:ICall_abort$7</name>
         <load_address>0x1b460</load_address>
         <run_address>0x1b460</run_address>
         <size>0x1c</size>
         <input_file_ref idref="fl-9"/>
      </object_component>
      <object_component id="oc-471">
         <name>.text:enableCache$14</name>
         <load_address>0x1b47c</load_address>
         <run_address>0x1b47c</run_address>
         <size>0x1c</size>
         <input_file_ref idref="fl-10"/>
      </object_component>
      <object_component id="oc-8e9">
         <name>.text:gapBondFreeAuthEvt$16</name>
         <load_address>0x1b498</load_address>
         <run_address>0x1b498</run_address>
         <size>0x1c</size>
         <input_file_ref idref="fl-12"/>
      </object_component>
      <object_component id="oc-805">
         <name>.text:osal_memdup</name>
         <load_address>0x1b4b4</load_address>
         <run_address>0x1b4b4</run_address>
         <size>0x1c</size>
         <input_file_ref idref="fl-9"/>
      </object_component>
      <object_component id="oc-7c1">
         <name>.text:osal_proxy2alien$7</name>
         <load_address>0x1b4d0</load_address>
         <run_address>0x1b4d0</run_address>
         <size>0x1c</size>
         <input_file_ref idref="fl-9"/>
      </object_component>
      <object_component id="oc-7f1">
         <name>.text:osal_revmemcpy</name>
         <load_address>0x1b4ec</load_address>
         <run_address>0x1b4ec</run_address>
         <size>0x1c</size>
         <input_file_ref idref="fl-9"/>
      </object_component>
      <object_component id="oc-99b">
         <name>.text:setXferPage$14</name>
         <load_address>0x1b508</load_address>
         <run_address>0x1b508</run_address>
         <size>0x1c</size>
         <input_file_ref idref="fl-10"/>
      </object_component>
      <object_component id="oc-45e">
         <name>.text:HalFlashGetAddress</name>
         <load_address>0x1b524</load_address>
         <run_address>0x1b524</run_address>
         <size>0x1a</size>
         <input_file_ref idref="fl-3"/>
      </object_component>
      <object_component id="oc-7e4">
         <name>.text:osal_isbufset</name>
         <load_address>0x1b53e</load_address>
         <run_address>0x1b53e</run_address>
         <size>0x1a</size>
         <input_file_ref idref="fl-9"/>
      </object_component>
      <object_component id="oc-31d">
         <name>.text:bleDispatch_BMFree</name>
         <load_address>0x1b558</load_address>
         <run_address>0x1b558</run_address>
         <size>0x18</size>
         <input_file_ref idref="fl-7"/>
      </object_component>
      <object_component id="oc-9aa">
         <name>.text:gapBondMgrFindCharCfgItem$16</name>
         <load_address>0x1b570</load_address>
         <run_address>0x1b570</run_address>
         <size>0x18</size>
         <input_file_ref idref="fl-12"/>
      </object_component>
      <object_component id="oc-787">
         <name>.text:osal_buffer_uint32</name>
         <load_address>0x1b588</load_address>
         <run_address>0x1b588</run_address>
         <size>0x18</size>
         <input_file_ref idref="fl-9"/>
      </object_component>
      <object_component id="oc-634">
         <name>.text:osal_memcpy</name>
         <load_address>0x1b5a0</load_address>
         <run_address>0x1b5a0</run_address>
         <size>0x18</size>
         <input_file_ref idref="fl-9"/>
      </object_component>
      <object_component id="oc-69f">
         <name>.text</name>
         <load_address>0x1b5b8</load_address>
         <run_address>0x1b5b8</run_address>
         <size>0x18</size>
         <input_file_ref idref="fl-104"/>
      </object_component>
      <object_component id="oc-795">
         <name>.text:NOROM_VIMSModeGet</name>
         <load_address>0x1b5d0</load_address>
         <run_address>0x1b5d0</run_address>
         <size>0x16</size>
         <input_file_ref idref="fl-49"/>
      </object_component>
      <object_component id="oc-745">
         <name>.text:ROM_Spinlock</name>
         <load_address>0x1b5e6</load_address>
         <run_address>0x1b5e6</run_address>
         <size>0x16</size>
         <input_file_ref idref="fl-17"/>
      </object_component>
      <object_component id="oc-927">
         <name>.text:gapBondMgrEraseAllBondings$16</name>
         <load_address>0x1b5fc</load_address>
         <run_address>0x1b5fc</run_address>
         <size>0x16</size>
         <input_file_ref idref="fl-12"/>
      </object_component>
      <object_component id="oc-664">
         <name>.text:osal_strlen</name>
         <load_address>0x1b612</load_address>
         <run_address>0x1b612</run_address>
         <size>0x14</size>
         <input_file_ref idref="fl-9"/>
      </object_component>
      <object_component id="oc-65e">
         <name>.text:GATTServApp_ReadCharCfg</name>
         <load_address>0x1b626</load_address>
         <run_address>0x1b626</run_address>
         <size>0x10</size>
         <input_file_ref idref="fl-13"/>
      </object_component>
      <object_component id="oc-71b">
         <name>.text:IntMasterDisable$21</name>
         <load_address>0x1b636</load_address>
         <run_address>0x1b636</run_address>
         <size>0x10</size>
         <input_file_ref idref="fl-17"/>
      </object_component>
      <object_component id="oc-715">
         <name>.text:IntMasterEnable$21</name>
         <load_address>0x1b646</load_address>
         <run_address>0x1b646</run_address>
         <size>0x10</size>
         <input_file_ref idref="fl-17"/>
      </object_component>
      <object_component id="oc-7f8">
         <name>.text:osal_rand</name>
         <load_address>0x1b656</load_address>
         <run_address>0x1b656</run_address>
         <size>0x10</size>
         <input_file_ref idref="fl-9"/>
      </object_component>
      <object_component id="oc-a56">
         <name>.tramp.LL_PseudoRand.1</name>
         <load_address>0x1b668</load_address>
         <run_address>0x1b668</run_address>
         <size>0x8</size>
         <input_file_ref idref="fl-1d"/>
      </object_component>
      <object_component id="oc-1a">
         <name>.text:decompress:none</name>
         <load_address>0x1b670</load_address>
         <run_address>0x1b670</run_address>
         <size>0xe</size>
         <input_file_ref idref="fl-101"/>
      </object_component>
      <object_component id="oc-8b4">
         <name>.text:NOROM_CPUcpsid</name>
         <load_address>0x1b67e</load_address>
         <run_address>0x1b67e</run_address>
         <size>0xc</size>
         <input_file_ref idref="fl-45"/>
      </object_component>
      <object_component id="oc-8ad">
         <name>.text:NOROM_CPUcpsie</name>
         <load_address>0x1b68a</load_address>
         <run_address>0x1b68a</run_address>
         <size>0xc</size>
         <input_file_ref idref="fl-45"/>
      </object_component>
      <object_component id="oc-20">
         <name>.text:decompress:ZI</name>
         <load_address>0x1b696</load_address>
         <run_address>0x1b696</run_address>
         <size>0xc</size>
         <input_file_ref idref="fl-102"/>
      </object_component>
      <object_component id="oc-63a">
         <name>.text:osal_CbTimerStart</name>
         <load_address>0x1b6a2</load_address>
         <run_address>0x1b6a2</run_address>
         <size>0xc</size>
         <input_file_ref idref="fl-f"/>
      </object_component>
      <object_component id="oc-7bb">
         <name>.text:osal_self</name>
         <load_address>0x1b6b0</load_address>
         <run_address>0x1b6b0</run_address>
         <size>0xc</size>
         <input_file_ref idref="fl-9"/>
      </object_component>
      <object_component id="oc-283">
         <name>.text:osal_memset</name>
         <load_address>0x1b6bc</load_address>
         <run_address>0x1b6bc</run_address>
         <size>0x4</size>
         <input_file_ref idref="fl-9"/>
      </object_component>
      <object_component id="oc-a51">
         <name>.tramp.LL_ReadLocalVersionInfo.1</name>
         <load_address>0x1b6c0</load_address>
         <run_address>0x1b6c0</run_address>
         <size>0x8</size>
         <input_file_ref idref="fl-1d"/>
      </object_component>
      <object_component id="oc-a50">
         <name>.tramp.LL_EXT_ResetSystem.1</name>
         <load_address>0x1b6c8</load_address>
         <run_address>0x1b6c8</run_address>
         <size>0x8</size>
         <input_file_ref idref="fl-1d"/>
      </object_component>
      <object_component id="oc-a4f">
         <name>.tramp.HCI_CommandStatusEvent.1</name>
         <load_address>0x1b6d0</load_address>
         <run_address>0x1b6d0</run_address>
         <size>0x8</size>
         <input_file_ref idref="fl-1d"/>
      </object_component>
      <object_component id="oc-a4e">
         <name>.tramp.HCI_CommandCompleteEvent.1</name>
         <load_address>0x1b6d8</load_address>
         <run_address>0x1b6d8</run_address>
         <size>0x8</size>
         <input_file_ref idref="fl-1d"/>
      </object_component>
      <object_component id="oc-a4d">
         <name>.tramp.HCI_SendCommandCompleteEvent.1</name>
         <load_address>0x1b6e0</load_address>
         <run_address>0x1b6e0</run_address>
         <size>0x8</size>
         <input_file_ref idref="fl-1d"/>
      </object_component>
      <object_component id="oc-a4c">
         <name>.tramp.llCalcScaFactor.1</name>
         <load_address>0x1b6e8</load_address>
         <run_address>0x1b6e8</run_address>
         <size>0x8</size>
         <input_file_ref idref="fl-1d"/>
      </object_component>
      <object_component id="oc-a4b">
         <name>.tramp.HCI_LE_SetRandomAddressCmd.1</name>
         <load_address>0x1b6f0</load_address>
         <run_address>0x1b6f0</run_address>
         <size>0x8</size>
         <input_file_ref idref="fl-1d"/>
      </object_component>
      <object_component id="oc-a4a">
         <name>.tramp.llGetNumTxDataEntries.1</name>
         <load_address>0x1b6f8</load_address>
         <run_address>0x1b6f8</run_address>
         <size>0x8</size>
         <input_file_ref idref="fl-1d"/>
      </object_component>
      <object_component id="oc-a49">
         <name>.tramp.LL_ENC_GenDeviceIV.1</name>
         <load_address>0x1b700</load_address>
         <run_address>0x1b700</run_address>
         <size>0x8</size>
         <input_file_ref idref="fl-1d"/>
      </object_component>
      <object_component id="oc-a48">
         <name>.tramp.LL_ENC_GenDeviceSKD.1</name>
         <load_address>0x1b708</load_address>
         <run_address>0x1b708</run_address>
         <size>0x8</size>
         <input_file_ref idref="fl-1d"/>
      </object_component>
      <object_component id="oc-a47">
         <name>.tramp.LL_ENC_ReverseBytes.1</name>
         <load_address>0x1b710</load_address>
         <run_address>0x1b710</run_address>
         <size>0x8</size>
         <input_file_ref idref="fl-1d"/>
      </object_component>
      <object_component id="oc-a46">
         <name>.tramp.llMemCopySrc.1</name>
         <load_address>0x1b718</load_address>
         <run_address>0x1b718</run_address>
         <size>0x8</size>
         <input_file_ref idref="fl-1d"/>
      </object_component>
      <object_component id="oc-a45">
         <name>.tramp.LL_ENC_Decrypt.1</name>
         <load_address>0x1b720</load_address>
         <run_address>0x1b720</run_address>
         <size>0x8</size>
         <input_file_ref idref="fl-1d"/>
      </object_component>
      <object_component id="oc-a44">
         <name>.tramp.HCI_LE_LtkReqNegReplyCmd.1</name>
         <load_address>0x1b728</load_address>
         <run_address>0x1b728</run_address>
         <size>0x8</size>
         <input_file_ref idref="fl-1d"/>
      </object_component>
      <object_component id="oc-a43">
         <name>.tramp.HCI_LE_LtkReqReplyCmd.1</name>
         <load_address>0x1b730</load_address>
         <run_address>0x1b730</run_address>
         <size>0x8</size>
         <input_file_ref idref="fl-1d"/>
      </object_component>
      <object_component id="oc-a42">
         <name>.tramp.HCI_SendDataPkt.1</name>
         <load_address>0x1b738</load_address>
         <run_address>0x1b738</run_address>
         <size>0x8</size>
         <input_file_ref idref="fl-1d"/>
      </object_component>
      <object_component id="oc-a41">
         <name>.tramp.HCI_LE_SetAdvParamCmd.1</name>
         <load_address>0x1b740</load_address>
         <run_address>0x1b740</run_address>
         <size>0x8</size>
         <input_file_ref idref="fl-1d"/>
      </object_component>
      <object_component id="oc-a40">
         <name>.tramp.HCI_LE_SetAdvEnableCmd.1</name>
         <load_address>0x1b748</load_address>
         <run_address>0x1b748</run_address>
         <size>0x8</size>
         <input_file_ref idref="fl-1d"/>
      </object_component>
      <object_component id="oc-a3f">
         <name>.tramp.HCI_LE_SetScanRspDataCmd.1</name>
         <load_address>0x1b750</load_address>
         <run_address>0x1b750</run_address>
         <size>0x8</size>
         <input_file_ref idref="fl-1d"/>
      </object_component>
      <object_component id="oc-a3e">
         <name>.tramp.HCI_LE_SetAdvDataCmd.1</name>
         <load_address>0x1b758</load_address>
         <run_address>0x1b758</run_address>
         <size>0x8</size>
         <input_file_ref idref="fl-1d"/>
      </object_component>
      <object_component id="oc-a3d">
         <name>.tramp.llPatchCM0.1</name>
         <load_address>0x1b760</load_address>
         <run_address>0x1b760</run_address>
         <size>0x8</size>
         <input_file_ref idref="fl-1d"/>
      </object_component>
      <object_component id="oc-a3c">
         <name>.tramp.LL_Encrypt.1</name>
         <load_address>0x1b768</load_address>
         <run_address>0x1b768</run_address>
         <size>0x8</size>
         <input_file_ref idref="fl-1d"/>
      </object_component>
      <object_component id="oc-a3b">
         <name>.tramp.HCI_LE_RandCmd.1</name>
         <load_address>0x1b770</load_address>
         <run_address>0x1b770</run_address>
         <size>0x8</size>
         <input_file_ref idref="fl-1d"/>
      </object_component>
      <object_component id="oc-a3a">
         <name>.tramp.llMoveTempTxDataEntries.1</name>
         <load_address>0x1b778</load_address>
         <run_address>0x1b778</run_address>
         <size>0x8</size>
         <input_file_ref idref="fl-1d"/>
      </object_component>
      <object_component id="oc-a39">
         <name>.tramp.llSetupVersionIndReq.1</name>
         <load_address>0x1b780</load_address>
         <run_address>0x1b780</run_address>
         <size>0x8</size>
         <input_file_ref idref="fl-1d"/>
      </object_component>
      <object_component id="oc-a38">
         <name>.tramp.LL_ReadRemoteVersionInfoCback.1</name>
         <load_address>0x1b788</load_address>
         <run_address>0x1b788</run_address>
         <size>0x8</size>
         <input_file_ref idref="fl-1d"/>
      </object_component>
      <object_component id="oc-a37">
         <name>.tramp.llSetupPauseEncRsp.1</name>
         <load_address>0x1b790</load_address>
         <run_address>0x1b790</run_address>
         <size>0x8</size>
         <input_file_ref idref="fl-1d"/>
      </object_component>
      <object_component id="oc-a36">
         <name>.tramp.llSetupStartEncRsp.1</name>
         <load_address>0x1b798</load_address>
         <run_address>0x1b798</run_address>
         <size>0x8</size>
         <input_file_ref idref="fl-1d"/>
      </object_component>
      <object_component id="oc-a35">
         <name>.tramp.LL_EncChangeCback.1</name>
         <load_address>0x1b7a0</load_address>
         <run_address>0x1b7a0</run_address>
         <size>0x8</size>
         <input_file_ref idref="fl-1d"/>
      </object_component>
      <object_component id="oc-a34">
         <name>.tramp.LL_EncKeyRefreshCback.1</name>
         <load_address>0x1b7a8</load_address>
         <run_address>0x1b7a8</run_address>
         <size>0x8</size>
         <input_file_ref idref="fl-1d"/>
      </object_component>
      <object_component id="oc-a33">
         <name>.tramp.LL_ENC_AES128_Encrypt.1</name>
         <load_address>0x1b7b0</load_address>
         <run_address>0x1b7b0</run_address>
         <size>0x8</size>
         <input_file_ref idref="fl-1d"/>
      </object_component>
      <object_component id="oc-a32">
         <name>.tramp.llSetupStartEncReq.1</name>
         <load_address>0x1b7b8</load_address>
         <run_address>0x1b7b8</run_address>
         <size>0x8</size>
         <input_file_ref idref="fl-1d"/>
      </object_component>
      <object_component id="oc-a31">
         <name>.tramp.llSetupEncRsp.1</name>
         <load_address>0x1b7c0</load_address>
         <run_address>0x1b7c0</run_address>
         <size>0x8</size>
         <input_file_ref idref="fl-1d"/>
      </object_component>
      <object_component id="oc-a30">
         <name>.tramp.LL_EncLtkReqCback.1</name>
         <load_address>0x1b7c8</load_address>
         <run_address>0x1b7c8</run_address>
         <size>0x8</size>
         <input_file_ref idref="fl-1d"/>
      </object_component>
      <object_component id="oc-a2f">
         <name>.tramp.llSetupUnknownRsp.1</name>
         <load_address>0x1b7d0</load_address>
         <run_address>0x1b7d0</run_address>
         <size>0x8</size>
         <input_file_ref idref="fl-1d"/>
      </object_component>
      <object_component id="oc-a2e">
         <name>.tramp.llConvertCtrlProcTimeoutToEvent.1</name>
         <load_address>0x1b7d8</load_address>
         <run_address>0x1b7d8</run_address>
         <size>0x8</size>
         <input_file_ref idref="fl-1d"/>
      </object_component>
      <object_component id="oc-a2d">
         <name>.tramp.llConvertLstoToEvent.1</name>
         <load_address>0x1b7e0</load_address>
         <run_address>0x1b7e0</run_address>
         <size>0x8</size>
         <input_file_ref idref="fl-1d"/>
      </object_component>
      <object_component id="oc-a2c">
         <name>.tramp.llEventInRange.1</name>
         <load_address>0x1b7e8</load_address>
         <run_address>0x1b7e8</run_address>
         <size>0x8</size>
         <input_file_ref idref="fl-1d"/>
      </object_component>
      <object_component id="oc-a2b">
         <name>.tramp.llCheckForLstoDuringSL.1</name>
         <load_address>0x1b7f0</load_address>
         <run_address>0x1b7f0</run_address>
         <size>0x8</size>
         <input_file_ref idref="fl-1d"/>
      </object_component>
      <object_component id="oc-a2a">
         <name>.tramp.llConnTerminate.1</name>
         <load_address>0x1b7f8</load_address>
         <run_address>0x1b7f8</run_address>
         <size>0x8</size>
         <input_file_ref idref="fl-1d"/>
      </object_component>
      <object_component id="oc-a29">
         <name>.tramp.HCI_DisconnectCmd.1</name>
         <load_address>0x1b800</load_address>
         <run_address>0x1b800</run_address>
         <size>0x8</size>
         <input_file_ref idref="fl-1d"/>
      </object_component>
      <object_component id="oc-a28">
         <name>.tramp.llSetupRejectInd.1</name>
         <load_address>0x1b808</load_address>
         <run_address>0x1b808</run_address>
         <size>0x8</size>
         <input_file_ref idref="fl-1d"/>
      </object_component>
      <object_component id="oc-a27">
         <name>.tramp.llTimeDelta.1</name>
         <load_address>0x1b810</load_address>
         <run_address>0x1b810</run_address>
         <size>0x8</size>
         <input_file_ref idref="fl-1d"/>
      </object_component>
      <object_component id="oc-a26">
         <name>.tramp.LL_RX_bm_alloc.1</name>
         <load_address>0x1b818</load_address>
         <run_address>0x1b818</run_address>
         <size>0x8</size>
         <input_file_ref idref="fl-1d"/>
      </object_component>
      <object_component id="oc-a25">
         <name>.tramp.HCI_bm_alloc.1</name>
         <load_address>0x1b820</load_address>
         <run_address>0x1b820</run_address>
         <size>0x8</size>
         <input_file_ref idref="fl-1d"/>
      </object_component>
      <object_component id="oc-a24">
         <name>.tramp.llTimeCompare.1</name>
         <load_address>0x1b828</load_address>
         <run_address>0x1b828</run_address>
         <size>0x8</size>
         <input_file_ref idref="fl-1d"/>
      </object_component>
      <object_component id="oc-a23">
         <name>.tramp.llReleaseConnId.1</name>
         <load_address>0x1b830</load_address>
         <run_address>0x1b830</run_address>
         <size>0x8</size>
         <input_file_ref idref="fl-1d"/>
      </object_component>
      <object_component id="oc-a22">
         <name>.tramp.LL_ENC_Encrypt.1</name>
         <load_address>0x1b838</load_address>
         <run_address>0x1b838</run_address>
         <size>0x8</size>
         <input_file_ref idref="fl-1d"/>
      </object_component>
      <object_component id="oc-a21">
         <name>.tramp.LL_TX_bm_alloc.1</name>
         <load_address>0x1b840</load_address>
         <run_address>0x1b840</run_address>
         <size>0x8</size>
         <input_file_ref idref="fl-1d"/>
      </object_component>
      <object_component id="oc-a20">
         <name>.tramp.llEventDelta.1</name>
         <load_address>0x1b848</load_address>
         <run_address>0x1b848</run_address>
         <size>0x8</size>
         <input_file_ref idref="fl-1d"/>
      </object_component>
      <object_component id="oc-a1f">
         <name>.tramp.HCI_ReadRemoteVersionInfoCmd.1</name>
         <load_address>0x1b850</load_address>
         <run_address>0x1b850</run_address>
         <size>0x8</size>
         <input_file_ref idref="fl-1d"/>
      </object_component>
      <object_component id="oc-a1e">
         <name>.tramp.HCI_SetEventMaskCmd.1</name>
         <load_address>0x1b858</load_address>
         <run_address>0x1b858</run_address>
         <size>0x8</size>
         <input_file_ref idref="fl-1d"/>
      </object_component>
      <object_component id="oc-a1d">
         <name>.tramp.HCI_ReadTransmitPowerLevelCmd.1</name>
         <load_address>0x1b860</load_address>
         <run_address>0x1b860</run_address>
         <size>0x8</size>
         <input_file_ref idref="fl-1d"/>
      </object_component>
      <object_component id="oc-a1c">
         <name>.tramp.HCI_ReadLocalSupportedFeaturesCmd.1</name>
         <load_address>0x1b868</load_address>
         <run_address>0x1b868</run_address>
         <size>0x8</size>
         <input_file_ref idref="fl-1d"/>
      </object_component>
      <object_component id="oc-a1b">
         <name>.tramp.HCI_ReadBDADDRCmd.1</name>
         <load_address>0x1b870</load_address>
         <run_address>0x1b870</run_address>
         <size>0x8</size>
         <input_file_ref idref="fl-1d"/>
      </object_component>
      <object_component id="oc-a1a">
         <name>.tramp.HCI_ReadRssiCmd.1</name>
         <load_address>0x1b878</load_address>
         <run_address>0x1b878</run_address>
         <size>0x8</size>
         <input_file_ref idref="fl-1d"/>
      </object_component>
      <object_component id="oc-a19">
         <name>.tramp.HCI_LE_ReadLocalSupportedFeaturesCmd.1</name>
         <load_address>0x1b880</load_address>
         <run_address>0x1b880</run_address>
         <size>0x8</size>
         <input_file_ref idref="fl-1d"/>
      </object_component>
      <object_component id="oc-a18">
         <name>.tramp.HCI_LE_ReadAdvChanTxPowerCmd.1</name>
         <load_address>0x1b888</load_address>
         <run_address>0x1b888</run_address>
         <size>0x8</size>
         <input_file_ref idref="fl-1d"/>
      </object_component>
      <object_component id="oc-a17">
         <name>.tramp.HCI_LE_ReadWhiteListSizeCmd.1</name>
         <load_address>0x1b890</load_address>
         <run_address>0x1b890</run_address>
         <size>0x8</size>
         <input_file_ref idref="fl-1d"/>
      </object_component>
      <object_component id="oc-a16">
         <name>.tramp.HCI_LE_ClearWhiteListCmd.1</name>
         <load_address>0x1b898</load_address>
         <run_address>0x1b898</run_address>
         <size>0x8</size>
         <input_file_ref idref="fl-1d"/>
      </object_component>
      <object_component id="oc-a15">
         <name>.tramp.HCI_LE_AddWhiteListCmd.1</name>
         <load_address>0x1b8a0</load_address>
         <run_address>0x1b8a0</run_address>
         <size>0x8</size>
         <input_file_ref idref="fl-1d"/>
      </object_component>
      <object_component id="oc-a14">
         <name>.tramp.HCI_LE_RemoveWhiteListCmd.1</name>
         <load_address>0x1b8a8</load_address>
         <run_address>0x1b8a8</run_address>
         <size>0x8</size>
         <input_file_ref idref="fl-1d"/>
      </object_component>
      <object_component id="oc-a13">
         <name>.tramp.HCI_LE_ReadChannelMapCmd.1</name>
         <load_address>0x1b8b0</load_address>
         <run_address>0x1b8b0</run_address>
         <size>0x8</size>
         <input_file_ref idref="fl-1d"/>
      </object_component>
      <object_component id="oc-a12">
         <name>.tramp.HCI_LE_EncryptCmd.1</name>
         <load_address>0x1b8b8</load_address>
         <run_address>0x1b8b8</run_address>
         <size>0x8</size>
         <input_file_ref idref="fl-1d"/>
      </object_component>
      <object_component id="oc-a11">
         <name>.tramp.HCI_LE_ReadSupportedStatesCmd.1</name>
         <load_address>0x1b8c0</load_address>
         <run_address>0x1b8c0</run_address>
         <size>0x8</size>
         <input_file_ref idref="fl-1d"/>
      </object_component>
      <object_component id="oc-a10">
         <name>.tramp.HCI_LE_TestEndCmd.1</name>
         <load_address>0x1b8c8</load_address>
         <run_address>0x1b8c8</run_address>
         <size>0x8</size>
         <input_file_ref idref="fl-1d"/>
      </object_component>
      <object_component id="oc-a0f">
         <name>.tramp.HCI_EXT_SetTxPowerCmd.1</name>
         <load_address>0x1b8d0</load_address>
         <run_address>0x1b8d0</run_address>
         <size>0x8</size>
         <input_file_ref idref="fl-1d"/>
      </object_component>
      <object_component id="oc-a0e">
         <name>.tramp.HCI_EXT_OnePktPerEvtCmd.1</name>
         <load_address>0x1b8d8</load_address>
         <run_address>0x1b8d8</run_address>
         <size>0x8</size>
         <input_file_ref idref="fl-1d"/>
      </object_component>
      <object_component id="oc-a0d">
         <name>.tramp.HCI_EXT_DecryptCmd.1</name>
         <load_address>0x1b8e0</load_address>
         <run_address>0x1b8e0</run_address>
         <size>0x8</size>
         <input_file_ref idref="fl-1d"/>
      </object_component>
      <object_component id="oc-a0c">
         <name>.tramp.HCI_EXT_SetLocalSupportedFeaturesCmd.1</name>
         <load_address>0x1b8e8</load_address>
         <run_address>0x1b8e8</run_address>
         <size>0x8</size>
         <input_file_ref idref="fl-1d"/>
      </object_component>
      <object_component id="oc-a0b">
         <name>.tramp.HCI_EXT_SetFastTxResponseTimeCmd.1</name>
         <load_address>0x1b8f0</load_address>
         <run_address>0x1b8f0</run_address>
         <size>0x8</size>
         <input_file_ref idref="fl-1d"/>
      </object_component>
      <object_component id="oc-a0a">
         <name>.tramp.HCI_EXT_ModemTestTxCmd.1</name>
         <load_address>0x1b8f8</load_address>
         <run_address>0x1b8f8</run_address>
         <size>0x8</size>
         <input_file_ref idref="fl-1d"/>
      </object_component>
      <object_component id="oc-a09">
         <name>.tramp.HCI_EXT_ModemHopTestTxCmd.1</name>
         <load_address>0x1b900</load_address>
         <run_address>0x1b900</run_address>
         <size>0x8</size>
         <input_file_ref idref="fl-1d"/>
      </object_component>
      <object_component id="oc-a08">
         <name>.tramp.HCI_EXT_ModemTestRxCmd.1</name>
         <load_address>0x1b908</load_address>
         <run_address>0x1b908</run_address>
         <size>0x8</size>
         <input_file_ref idref="fl-1d"/>
      </object_component>
      <object_component id="oc-a07">
         <name>.tramp.HCI_EXT_EndModemTestCmd.1</name>
         <load_address>0x1b910</load_address>
         <run_address>0x1b910</run_address>
         <size>0x8</size>
         <input_file_ref idref="fl-1d"/>
      </object_component>
      <object_component id="oc-a06">
         <name>.tramp.HCI_EXT_SetBDADDRCmd.1</name>
         <load_address>0x1b918</load_address>
         <run_address>0x1b918</run_address>
         <size>0x8</size>
         <input_file_ref idref="fl-1d"/>
      </object_component>
      <object_component id="oc-a05">
         <name>.tramp.HCI_EXT_SetSCACmd.1</name>
         <load_address>0x1b920</load_address>
         <run_address>0x1b920</run_address>
         <size>0x8</size>
         <input_file_ref idref="fl-1d"/>
      </object_component>
      <object_component id="oc-a04">
         <name>.tramp.HCI_EXT_EnablePTMCmd.1</name>
         <load_address>0x1b928</load_address>
         <run_address>0x1b928</run_address>
         <size>0x8</size>
         <input_file_ref idref="fl-1d"/>
      </object_component>
      <object_component id="oc-a03">
         <name>.tramp.HCI_EXT_SetMaxDtmTxPowerCmd.1</name>
         <load_address>0x1b930</load_address>
         <run_address>0x1b930</run_address>
         <size>0x8</size>
         <input_file_ref idref="fl-1d"/>
      </object_component>
      <object_component id="oc-a02">
         <name>.tramp.HCI_EXT_DisconnectImmedCmd.1</name>
         <load_address>0x1b938</load_address>
         <run_address>0x1b938</run_address>
         <size>0x8</size>
         <input_file_ref idref="fl-1d"/>
      </object_component>
      <object_component id="oc-a01">
         <name>.tramp.HCI_EXT_PacketErrorRateCmd.1</name>
         <load_address>0x1b940</load_address>
         <run_address>0x1b940</run_address>
         <size>0x8</size>
         <input_file_ref idref="fl-1d"/>
      </object_component>
      <object_component id="oc-a00">
[...]
         <object_component_ref idref="oc-74f"/>
      </symbol>
      <symbol id="sm-143c">
         <name>llSetupNextSlaveEvent</name>
         <value>0x12eff</value>
         <object_component_ref idref="oc-74f"/>
      </symbol>
      <symbol id="sm-143d">
         <name>llSlave_TaskEnd</name>
         <value>0x12d45</value>
         <object_component_ref idref="oc-74f"/>
      </symbol>
      <symbol id="sm-14d3">
         <name>LL_PM_Enter_AES</name>
         <value>0x1421d</value>
         <object_component_ref idref="oc-494"/>
      </symbol>
      <symbol id="sm-14d4">
         <name>LL_PM_Exit_AES</name>
         <value>0x1422f</value>
         <object_component_ref idref="oc-494"/>
      </symbol>
      <symbol id="sm-14d5">
         <name>LL_PM_ForceSysBusThroughRF</name>
         <value>0x13c01</value>
         <object_component_ref idref="oc-494"/>
      </symbol>
      <symbol id="sm-14d6">
         <name>LL_PM_GetRfCoreState</name>
         <value>0x13fd5</value>
         <object_component_ref idref="oc-494"/>
      </symbol>
      <symbol id="sm-14d7">
         <name>LL_PM_Init</name>
         <value>0x13f67</value>
         <object_component_ref idref="oc-494"/>
      </symbol>
      <symbol id="sm-14d8">
         <name>LL_PM_InitRadioSetupCmd</name>
         <value>0x13c09</value>
         <object_component_ref idref="oc-494"/>
      </symbol>
      <symbol id="sm-14d9">
         <name>LL_PM_PowerCycleRadio</name>
         <value>0x140f7</value>
         <object_component_ref idref="oc-494"/>
      </symbol>
      <symbol id="sm-14da">
         <name>LL_PM_PowerOffRfCore</name>
         <value>0x13e2b</value>
         <object_component_ref idref="oc-494"/>
      </symbol>
      <symbol id="sm-14db">
         <name>LL_PM_PowerOffRfCoreOptimize</name>
         <value>0x13e8f</value>
         <object_component_ref idref="oc-494"/>
      </symbol>
      <symbol id="sm-14dc">
         <name>LL_PM_PowerOnReq</name>
         <value>0x14169</value>
         <object_component_ref idref="oc-494"/>
      </symbol>
      <symbol id="sm-14dd">
         <name>LL_PM_PowerOnRfCore</name>
         <value>0x13db5</value>
         <object_component_ref idref="oc-494"/>
      </symbol>
      <symbol id="sm-14de">
         <name>LL_PM_PowerOnRfCoreOptimize</name>
         <value>0x13cbf</value>
         <object_component_ref idref="oc-494"/>
      </symbol>
      <symbol id="sm-14df">
         <name>LL_PM_RFCmdDoneEventCallback</name>
         <value>0x20004624</value>
         <object_component_ref idref="oc-7a7"/>
      </symbol>
      <symbol id="sm-14e0">
         <name>LL_PM_ShutdownFS</name>
         <value>0x13e57</value>
         <object_component_ref idref="oc-494"/>
      </symbol>
      <symbol id="sm-14e1">
         <name>LL_PM_StartRfTask</name>
         <value>0x13feb</value>
         <object_component_ref idref="oc-494"/>
      </symbol>
      <symbol id="sm-14e2">
         <name>LL_PM_StopCurTaskTimer</name>
         <value>0x140b9</value>
         <object_component_ref idref="oc-494"/>
      </symbol>
      <symbol id="sm-1542">
         <name>SM_CalcRandomAddr</name>
         <value>0x13489</value>
         <object_component_ref idref="oc-540"/>
      </symbol>
      <symbol id="sm-1543">
         <name>SM_Encrypt</name>
         <value>0x13509</value>
         <object_component_ref idref="oc-540"/>
      </symbol>
      <symbol id="sm-1544">
         <name>SM_GenerateAuthenSig</name>
         <value>0x137fd</value>
         <object_component_ref idref="oc-540"/>
      </symbol>
      <symbol id="sm-1545">
         <name>SM_NewRandKey</name>
         <value>0x13459</value>
         <object_component_ref idref="oc-540"/>
      </symbol>
      <symbol id="sm-1546">
         <name>SM_ResolveRandomAddrs</name>
         <value>0x134bb</value>
         <object_component_ref idref="oc-540"/>
      </symbol>
      <symbol id="sm-1547">
         <name>SM_VerifyAuthenSig</name>
         <value>0x13897</value>
         <object_component_ref idref="oc-540"/>
      </symbol>
      <symbol id="sm-1548">
         <name>smAuthReqToUint8</name>
         <value>0x1379f</value>
         <object_component_ref idref="oc-540"/>
      </symbol>
      <symbol id="sm-1549">
         <name>smGenerateRandBuf</name>
         <value>0x13779</value>
         <object_component_ref idref="oc-540"/>
      </symbol>
      <symbol id="sm-154a">
         <name>smInProcess</name>
         <value>0x135d7</value>
         <object_component_ref idref="oc-540"/>
      </symbol>
      <symbol id="sm-154b">
         <name>smProcessRandComplete</name>
         <value>0x13547</value>
         <object_component_ref idref="oc-540"/>
      </symbol>
      <symbol id="sm-154c">
         <name>smStartRspTimer</name>
         <value>0x135b1</value>
         <object_component_ref idref="oc-540"/>
      </symbol>
      <symbol id="sm-154d">
         <name>smStopRspTimer</name>
         <value>0x135cd</value>
         <object_component_ref idref="oc-540"/>
      </symbol>
      <symbol id="sm-154e">
         <name>smUint8ToAuthReq</name>
         <value>0x137bf</value>
         <object_component_ref idref="oc-540"/>
      </symbol>
      <symbol id="sm-154f">
         <name>sm_ah</name>
         <value>0x1360b</value>
         <object_component_ref idref="oc-540"/>
      </symbol>
      <symbol id="sm-1550">
         <name>sm_c1new</name>
         <value>0x1366b</value>
         <object_component_ref idref="oc-540"/>
      </symbol>
      <symbol id="sm-1551">
         <name>sm_d1</name>
         <value>0x135e9</value>
         <object_component_ref idref="oc-540"/>
      </symbol>
      <symbol id="sm-1552">
         <name>sm_dm</name>
         <value>0x13641</value>
         <object_component_ref idref="oc-540"/>
      </symbol>
      <symbol id="sm-1553">
         <name>sm_s1</name>
         <value>0x13739</value>
         <object_component_ref idref="oc-540"/>
      </symbol>
      <symbol id="sm-15a9">
         <name>SM_PasskeyUpdate</name>
         <value>0x1266f</value>
         <object_component_ref idref="oc-58a"/>
      </symbol>
      <symbol id="sm-15aa">
         <name>SM_StartPairing</name>
         <value>0x125e9</value>
         <object_component_ref idref="oc-58a"/>
      </symbol>
      <symbol id="sm-15ab">
         <name>pPairingParams</name>
         <value>0x20004850</value>
         <object_component_ref idref="oc-5aa"/>
      </symbol>
      <symbol id="sm-15ac">
         <name>pfnResponderCBs</name>
         <value>0x20004854</value>
         <object_component_ref idref="oc-5aa"/>
      </symbol>
      <symbol id="sm-15ad">
         <name>smDetermineKeySize</name>
         <value>0x12ca3</value>
         <object_component_ref idref="oc-58a"/>
      </symbol>
      <symbol id="sm-15ae">
         <name>smEndPairing</name>
         <value>0x12c73</value>
         <object_component_ref idref="oc-58a"/>
      </symbol>
      <symbol id="sm-15af">
         <name>smGenerateConfirm</name>
         <value>0x12a07</value>
         <object_component_ref idref="oc-58a"/>
      </symbol>
      <symbol id="sm-15b0">
         <name>smGeneratePairingReqRsp</name>
         <value>0x129db</value>
         <object_component_ref idref="oc-58a"/>
      </symbol>
      <symbol id="sm-15b1">
         <name>smGenerateRandMsg</name>
         <value>0x12a1f</value>
         <object_component_ref idref="oc-58a"/>
      </symbol>
      <symbol id="sm-15b2">
         <name>smLinkCheck</name>
         <value>0x126f9</value>
         <object_component_ref idref="oc-58a"/>
      </symbol>
      <symbol id="sm-15b3">
         <name>smNextPairingState</name>
         <value>0x128a7</value>
         <object_component_ref idref="oc-58a"/>
      </symbol>
      <symbol id="sm-15b4">
         <name>smPairingSendEncInfo</name>
         <value>0x12bc7</value>
         <object_component_ref idref="oc-58a"/>
      </symbol>
      <symbol id="sm-15b5">
         <name>smPairingSendIdentityAddrInfo</name>
         <value>0x12bff</value>
         <object_component_ref idref="oc-58a"/>
      </symbol>
      <symbol id="sm-15b6">
         <name>smPairingSendIdentityInfo</name>
         <value>0x12bf5</value>
         <object_component_ref idref="oc-58a"/>
      </symbol>
      <symbol id="sm-15b7">
         <name>smPairingSendMasterID</name>
         <value>0x12bcd</value>
         <object_component_ref idref="oc-58a"/>
      </symbol>
      <symbol id="sm-15b8">
         <name>smPairingSendSingingInfo</name>
         <value>0x12c23</value>
         <object_component_ref idref="oc-58a"/>
      </symbol>
      <symbol id="sm-15b9">
         <name>smProcessDataMsg</name>
         <value>0x12715</value>
         <object_component_ref idref="oc-58a"/>
      </symbol>
      <symbol id="sm-15ba">
         <name>smProcessEncryptChange</name>
         <value>0x127fd</value>
         <object_component_ref idref="oc-58a"/>
      </symbol>
      <symbol id="sm-15bb">
         <name>smProcessPairingReq</name>
         <value>0x1296d</value>
         <object_component_ref idref="oc-58a"/>
      </symbol>
      <symbol id="sm-15bc">
         <name>smRegisterInitiator</name>
         <value>0x126e9</value>
         <object_component_ref idref="oc-58a"/>
      </symbol>
      <symbol id="sm-15bd">
         <name>smRegisterResponder</name>
         <value>0x126f1</value>
         <object_component_ref idref="oc-58a"/>
      </symbol>
      <symbol id="sm-15be">
         <name>smSavePairInfo</name>
         <value>0x12a49</value>
         <object_component_ref idref="oc-58a"/>
      </symbol>
      <symbol id="sm-15bf">
         <name>smSendFailAndEnd</name>
         <value>0x127e1</value>
         <object_component_ref idref="oc-58a"/>
      </symbol>
      <symbol id="sm-15c0">
         <name>smStartEncryption</name>
         <value>0x129c1</value>
         <object_component_ref idref="oc-58a"/>
      </symbol>
      <symbol id="sm-15c1">
         <name>smTimedOut</name>
         <value>0x12711</value>
         <object_component_ref idref="oc-58a"/>
      </symbol>
      <symbol id="sm-15c2">
         <name>sm_c1</name>
         <value>0x128d7</value>
         <object_component_ref idref="oc-58a"/>
      </symbol>
      <symbol id="sm-15e4">
         <name>SM_ResponderInit</name>
         <value>0x15b11</value>
         <object_component_ref idref="oc-94d"/>
      </symbol>
      <symbol id="sm-15e5">
         <name>smpResponderProcessPairingReq</name>
         <value>0x15dd1</value>
         <object_component_ref idref="oc-94d"/>
      </symbol>
      <symbol id="sm-15f5">
         <name>SM_Init</name>
         <value>0x195f5</value>
         <object_component_ref idref="oc-2bc"/>
      </symbol>
      <symbol id="sm-15f6">
         <name>SM_ProcessEvent</name>
         <value>0x19611</value>
         <object_component_ref idref="oc-2bc"/>
      </symbol>
      <symbol id="sm-15f7">
         <name>smTaskID</name>
         <value>0x200048bb</value>
         <object_component_ref idref="oc-5a9"/>
      </symbol>
      <symbol id="sm-162f">
         <name>smSendSMMsg</name>
         <value>0x1682b</value>
         <object_component_ref idref="oc-80b"/>
      </symbol>
      <symbol id="sm-1630">
         <name>smpBuildEncInfo</name>
         <value>0x166f9</value>
         <object_component_ref idref="oc-80b"/>
      </symbol>
      <symbol id="sm-1631">
         <name>smpBuildIdentityAddrInfo</name>
         <value>0x1677b</value>
         <object_component_ref idref="oc-80b"/>
      </symbol>
      <symbol id="sm-1632">
         <name>smpBuildIdentityInfo</name>
         <value>0x16769</value>
         <object_component_ref idref="oc-80b"/>
      </symbol>
      <symbol id="sm-1633">
         <name>smpBuildMasterID</name>
         <value>0x16721</value>
         <object_component_ref idref="oc-80b"/>
      </symbol>
      <symbol id="sm-1634">
         <name>smpBuildPairingConfirm</name>
         <value>0x16663</value>
         <object_component_ref idref="oc-80b"/>
      </symbol>
      <symbol id="sm-1635">
         <name>smpBuildPairingFailed</name>
         <value>0x166c3</value>
         <object_component_ref idref="oc-80b"/>
      </symbol>
      <symbol id="sm-1636">
         <name>smpBuildPairingRandom</name>
         <value>0x1668b</value>
         <object_component_ref idref="oc-80b"/>
      </symbol>
      <symbol id="sm-1637">
         <name>smpBuildPairingReq</name>
         <value>0x164d9</value>
         <object_component_ref idref="oc-80b"/>
      </symbol>
      <symbol id="sm-1638">
         <name>smpBuildPairingReqRsp</name>
         <value>0x164e7</value>
         <object_component_ref idref="oc-80b"/>
      </symbol>
      <symbol id="sm-1639">
         <name>smpBuildPairingRsp</name>
         <value>0x164e1</value>
         <object_component_ref idref="oc-80b"/>
      </symbol>
      <symbol id="sm-163a">
         <name>smpBuildSecurityReq</name>
         <value>0x167f3</value>
         <object_component_ref idref="oc-80b"/>
      </symbol>
      <symbol id="sm-163b">
         <name>smpBuildSigningInfo</name>
         <value>0x167cb</value>
         <object_component_ref idref="oc-80b"/>
      </symbol>
      <symbol id="sm-163c">
         <name>smpParseEncInfo</name>
         <value>0x1670b</value>
         <object_component_ref idref="oc-80b"/>
      </symbol>
      <symbol id="sm-163d">
         <name>smpParseIdentityAddrInfo</name>
         <value>0x167af</value>
         <object_component_ref idref="oc-80b"/>
      </symbol>
      <symbol id="sm-163e">
         <name>smpParseIdentityInfo</name>
         <value>0x16799</value>
         <object_component_ref idref="oc-80b"/>
      </symbol>
      <symbol id="sm-163f">
         <name>smpParseMasterID</name>
         <value>0x16745</value>
         <object_component_ref idref="oc-80b"/>
      </symbol>
      <symbol id="sm-1640">
         <name>smpParsePairingConfirm</name>
         <value>0x16675</value>
         <object_component_ref idref="oc-80b"/>
      </symbol>
      <symbol id="sm-1641">
         <name>smpParsePairingFailed</name>
         <value>0x166db</value>
         <object_component_ref idref="oc-80b"/>
      </symbol>
      <symbol id="sm-1642">
         <name>smpParsePairingRandom</name>
         <value>0x166ad</value>
         <object_component_ref idref="oc-80b"/>
      </symbol>
      <symbol id="sm-1643">
         <name>smpParsePairingReq</name>
         <value>0x1658f</value>
         <object_component_ref idref="oc-80b"/>
      </symbol>
      <symbol id="sm-1644">
         <name>smpParseSecurityReq</name>
         <value>0x1680f</value>
         <object_component_ref idref="oc-80b"/>
      </symbol>
      <symbol id="sm-1645">
         <name>smpParseSigningInfo</name>
         <value>0x167dd</value>
         <object_component_ref idref="oc-80b"/>
      </symbol>
      <symbol id="sm-165a">
         <name>HCI_ExtTaskRegister</name>
         <value>0x1a3e5</value>
         <object_component_ref idref="oc-2a5"/>
      </symbol>
      <symbol id="sm-165b">
         <name>HCI_GAPTaskRegister</name>
         <value>0x1a3d3</value>
         <object_component_ref idref="oc-2a5"/>
      </symbol>
      <symbol id="sm-165c">
         <name>HCI_Init</name>
         <value>0x1a37d</value>
         <object_component_ref idref="oc-2a5"/>
      </symbol>
      <symbol id="sm-165d">
         <name>HCI_L2CAPTaskRegister</name>
         <value>0x1a3d9</value>
         <object_component_ref idref="oc-2a5"/>
      </symbol>
      <symbol id="sm-165e">
         <name>HCI_ProcessEvent</name>
         <value>0x1a39b</value>
         <object_component_ref idref="oc-2a5"/>
      </symbol>
      <symbol id="sm-165f">
         <name>HCI_SMPTaskRegister</name>
         <value>0x1a3df</value>
         <object_component_ref idref="oc-2a5"/>
      </symbol>
      <symbol id="sm-1660">
         <name>HCI_TestAppTaskRegister</name>
         <value>0x1a3cd</value>
         <object_component_ref idref="oc-2a5"/>
      </symbol>
      <symbol id="sm-1661">
         <name>hciExtTaskID</name>
         <value>0x20004889</value>
         <object_component_ref idref="oc-51d"/>
      </symbol>
      <symbol id="sm-1662">
         <name>hciGapTaskID</name>
         <value>0x20004886</value>
         <object_component_ref idref="oc-51d"/>
      </symbol>
      <symbol id="sm-1663">
         <name>hciL2capTaskID</name>
         <value>0x20004887</value>
         <object_component_ref idref="oc-51d"/>
      </symbol>
      <symbol id="sm-1664">
         <name>hciSmpTaskID</name>
         <value>0x20004888</value>
         <object_component_ref idref="oc-51d"/>
      </symbol>
      <symbol id="sm-1665">
         <name>hciTaskID</name>
         <value>0x20004884</value>
         <object_component_ref idref="oc-51d"/>
      </symbol>
      <symbol id="sm-1666">
         <name>hciTestTaskID</name>
         <value>0x20004885</value>
         <object_component_ref idref="oc-51d"/>
      </symbol>
      <symbol id="sm-1682">
         <name>NOROM_CPUcpsie</name>
         <value>0x1b68b</value>
         <object_component_ref idref="oc-8ad"/>
      </symbol>
      <symbol id="sm-1683">
         <name>NOROM_CPUcpsid</name>
         <value>0x1b67f</value>
         <object_component_ref idref="oc-8b4"/>
      </symbol>
      <symbol id="sm-16a3">
         <name>__TI_auto_init</name>
         <value>0x1a4e5</value>
         <object_component_ref idref="oc-245"/>
      </symbol>
      <symbol id="sm-16ac">
         <name>__aeabi_lmul</name>
         <value>0x1b5b9</value>
         <object_component_ref idref="oc-69f"/>
      </symbol>
      <symbol id="sm-16c7">
         <name>memcpy</name>
         <value>0x19f35</value>
         <object_component_ref idref="oc-236"/>
      </symbol>
      <symbol id="sm-16c8">
         <name>__aeabi_memcpy</name>
         <value>0x19f35</value>
         <object_component_ref idref="oc-236"/>
      </symbol>
      <symbol id="sm-16c9">
         <name>__aeabi_memcpy8</name>
         <value>0x19f35</value>
         <object_component_ref idref="oc-236"/>
      </symbol>
      <symbol id="sm-16ca">
         <name>__aeabi_memcpy4</name>
         <value>0x19f35</value>
         <object_component_ref idref="oc-236"/>
      </symbol>
      <symbol id="sm-16d9">
         <name>__aeabi_memset</name>
         <value>0x1a305</value>
         <object_component_ref idref="oc-23f"/>
      </symbol>
      <symbol id="sm-16da">
         <name>memset</name>
         <value>0x1a30b</value>
         <object_component_ref idref="oc-23f"/>
      </symbol>
      <symbol id="sm-16db">
         <name>__aeabi_memset8</name>
         <value>0x1a305</value>
         <object_component_ref idref="oc-23f"/>
      </symbol>
      <symbol id="sm-16dc">
         <name>__aeabi_memset4</name>
         <value>0x1a305</value>
         <object_component_ref idref="oc-23f"/>
      </symbol>
      <symbol id="sm-16dd">
         <name>__aeabi_memclr8</name>
         <value>0x1a303</value>
         <object_component_ref idref="oc-23f"/>
      </symbol>
      <symbol id="sm-16de">
         <name>__aeabi_memclr4</name>
         <value>0x1a303</value>
         <object_component_ref idref="oc-23f"/>
      </symbol>
      <symbol id="sm-16df">
         <name>__aeabi_memclr</name>
         <value>0x1a303</value>
         <object_component_ref idref="oc-23f"/>
      </symbol>
      <symbol id="sm-16fb">
         <name>__aeabi_uldivmod</name>
         <value>0x18805</value>
         <object_component_ref idref="oc-69a"/>
      </symbol>
      <symbol id="sm-16fc">
         <name>__TI_static_base__</name>
         <value>0x1c240</value>
      </symbol>
      <symbol id="sm-1701">
         <name>SHT$$INIT_ARRAY$$Limit</name>
         <value>0x0</value>
      </symbol>
      <symbol id="sm-1702">
         <name>SHT$$INIT_ARRAY$$Base</name>
         <value>0x0</value>
      </symbol>
   </symbol_table>
   <title>Link successful</title>
</link_info>
